Archive member included because of file (symbol)

D:/SiliconLabs/SimplicityStudio/v4/developer/stacks/rail/v1.3.1.0//autogen/librail_release/\librail_efr32_gcc_release.a(pa.o)
                              ./hal-efr32/hal_efr.o (RADIO_PA_Init)
D:/SiliconLabs/SimplicityStudio/v4/developer/stacks/rail/v1.3.1.0//autogen/librail_release/\librail_efr32_gcc_release.a(pti.o)
                              ./hal-efr32/hal_efr.o (RADIO_PTI_Init)
D:/SiliconLabs/SimplicityStudio/v4/developer/stacks/rail/v1.3.1.0//autogen/librail_release/\librail_efr32_gcc_release.a(radio.o)
                              D:/SiliconLabs/SimplicityStudio/v4/developer/stacks/rail/v1.3.1.0//autogen/librail_release/\librail_efr32_gcc_release.a(pa.o) (RADIO_CLKEnable)
D:/SiliconLabs/SimplicityStudio/v4/developer/stacks/rail/v1.3.1.0//autogen/librail_release/\librail_efr32_gcc_release.a(rf_test.o)
                              D:/SiliconLabs/SimplicityStudio/v4/developer/stacks/rail/v1.3.1.0//autogen/librail_release/\librail_efr32_gcc_release.a(radio.o) (RFTEST_BerEmptyBufcAndUpdateStats)
D:/SiliconLabs/SimplicityStudio/v4/developer/stacks/rail/v1.3.1.0//autogen/librail_release/\librail_efr32_gcc_release.a(synth.o)
                              D:/SiliconLabs/SimplicityStudio/v4/developer/stacks/rail/v1.3.1.0//autogen/librail_release/\librail_efr32_gcc_release.a(pa.o) (SYNTH_LoDivGet)
D:/SiliconLabs/SimplicityStudio/v4/developer/stacks/rail/v1.3.1.0//autogen/librail_release/\librail_efr32_gcc_release.a(radio_cmu.o)
                              D:/SiliconLabs/SimplicityStudio/v4/developer/stacks/rail/v1.3.1.0//autogen/librail_release/\librail_efr32_gcc_release.a(pti.o) (RADIOCMU_ClockEnable)
D:/SiliconLabs/SimplicityStudio/v4/developer/stacks/rail/v1.3.1.0//autogen/librail_release/\librail_efr32_gcc_release.a(phy.o)
                              ./main.o (RAIL_RadioConfig)
D:/SiliconLabs/SimplicityStudio/v4/developer/stacks/rail/v1.3.1.0//autogen/librail_release/\librail_efr32_gcc_release.a(rail_rf_hal.o)
                              ./protocol/three_event.o (RAIL_TimerCancel)
D:/SiliconLabs/SimplicityStudio/v4/developer/stacks/rail/v1.3.1.0//autogen/librail_release/\librail_efr32_gcc_release.a(rail_rf.o)
                              ./main.o (RAIL_RfInit)
D:/SiliconLabs/SimplicityStudio/v4/developer/stacks/rail/v1.3.1.0//autogen/librail_release/\librail_efr32_gcc_release.a(rail_rx.o)
                              ./main.o (RAIL_RxConfig)
D:/SiliconLabs/SimplicityStudio/v4/developer/stacks/rail/v1.3.1.0//autogen/librail_release/\librail_efr32_gcc_release.a(rail_tx.o)
                              ./main.o (RAIL_TxDataLoad)
D:/SiliconLabs/SimplicityStudio/v4/developer/stacks/rail/v1.3.1.0//autogen/librail_release/\librail_efr32_gcc_release.a(rail_calibration.o)
                              D:/SiliconLabs/SimplicityStudio/v4/developer/stacks/rail/v1.3.1.0//autogen/librail_release/\librail_efr32_gcc_release.a(rail_rf.o) (RFHAL_CalibrationInit)
D:/SiliconLabs/SimplicityStudio/v4/developer/stacks/rail/v1.3.1.0//autogen/librail_release/\librail_efr32_gcc_release.a(ir_cal.o)
                              D:/SiliconLabs/SimplicityStudio/v4/developer/stacks/rail/v1.3.1.0//autogen/librail_release/\librail_efr32_gcc_release.a(rail_rf_hal.o) (IRCAL_Set)
D:/SiliconLabs/SimplicityStudio/v4/developer/stacks/rail/v1.3.1.0//autogen/librail_release/\librail_efr32_gcc_release.a(protimer.o)
                              D:/SiliconLabs/SimplicityStudio/v4/developer/stacks/rail/v1.3.1.0//autogen/librail_release/\librail_efr32_gcc_release.a(rail_rf_hal.o) (PROTIMER_CCTimerStop)
D:/SiliconLabs/SimplicityStudio/v4/developer/stacks/rail/v1.3.1.0//autogen/librail_release/\librail_efr32_gcc_release.a(phy_utils.o)
                              D:/SiliconLabs/SimplicityStudio/v4/developer/stacks/rail/v1.3.1.0//autogen/librail_release/\librail_efr32_gcc_release.a(radio.o) (PHY_UTILS_DelayUs)
D:/SiliconLabs/SimplicityStudio/v4/developer/stacks/rail/v1.3.1.0//autogen/librail_release/\librail_efr32_gcc_release.a(rfsense.o)
                              D:/SiliconLabs/SimplicityStudio/v4/developer/stacks/rail/v1.3.1.0//autogen/librail_release/\librail_efr32_gcc_release.a(rail_rf_hal.o) (RFSENSE_Sensed)
D:/SiliconLabs/SimplicityStudio/v4/developer/stacks/rail/v1.3.1.0//autogen/librail_release/\librail_efr32_gcc_release.a(tempcal.o)
                              D:/SiliconLabs/SimplicityStudio/v4/developer/stacks/rail/v1.3.1.0//autogen/librail_release/\librail_efr32_gcc_release.a(rail_rf_hal.o) (TEMPCAL_Perform)
D:/SiliconLabs/SimplicityStudio/v4/developer/stacks/rail/v1.3.1.0//autogen/librail_release/\librail_efr32_gcc_release.a(rf_rand.o)
                              D:/SiliconLabs/SimplicityStudio/v4/developer/stacks/rail/v1.3.1.0//autogen/librail_release/\librail_efr32_gcc_release.a(phy.o) (RFRAND_GetRadioEntropy)
[...]
Memory Configuration

Name             Origin             Length             Attributes
FLASH            0x00000000         0x00040000         xr
RAM              0x20000000         0x00008000         xrw
*default*        0x00000000         0xffffffff

Linker script and memory map

LOAD d:/siliconlabs/simplicitystudio/v4/developer/toolchains/gnu_arm/4.9_2015q3/bin/../lib/gcc/arm-none-eabi/4.9.3/armv7e-m/softfp/crti.o
LOAD d:/siliconlabs/simplicitystudio/v4/developer/toolchains/gnu_arm/4.9_2015q3/bin/../lib/gcc/arm-none-eabi/4.9.3/armv7e-m/softfp/crtbegin.o
LOAD d:/siliconlabs/simplicitystudio/v4/developer/toolchains/gnu_arm/4.9_2015q3/bin/../lib/gcc/arm-none-eabi/4.9.3/../../../../arm-none-eabi/lib/armv7e-m/softfp/crt0.o
LOAD ./CMSIS/efr32fg1p/startup_efr32fg1p.o
LOAD ./CMSIS/efr32fg1p/system_efr32fg1p.o
LOAD ./adc10/adc10.o
LOAD ./command-interpreter/command_interpreter.o
LOAD ./crc16/crc16.o
LOAD ./debug_ci.o
LOAD ./main.o
LOAD ./rail-callback-stubs.o
LOAD ./rail-callbacks.o
LOAD ./rail_config.o
LOAD ./delay/delay.o
LOAD ./epd_screen/epd_io.o
LOAD ./epd_screen/hlt154.o
LOAD ./epd_screen/hlt213.o
LOAD ./epd_screen/hlt213_l.o
LOAD ./epd_screen/hlt213_red.o
LOAD ./epd_screen/hlt420.o
LOAD ./epd_screen/hlt_29.o
LOAD ./epd_screen/hlt_29_red.o
LOAD ./epd_screen/ltep_weifen213.o
LOAD ./epd_screen/tep_weifei_29.o
LOAD ./epd_screen/tep_weifei_29_red.o
LOAD ./epd_screen/tep_weifei_420_bw.o
LOAD ./epd_screen/tep_weifei_420_red.o
LOAD ./epd_screen/tep_weifen_154.o
LOAD ./epd_screen/tep_weifen_154_red.o
LOAD ./epd_screen/tep_weifen_213.o
LOAD ./epd_screen/tep_weifeng_213_red.o
LOAD ./epd_screen/weifei_jx_538.o
LOAD ./epd_screen/weifei_jx_75.o
LOAD ./epd_screen/weifei_jx_75_red.o
LOAD ./epd_screen/weifen42_red.o
LOAD ./epd_screen/weifen42_red_ic_double.o
LOAD ./epd_screen/weifeng_213_yellow.o
LOAD ./epd_screen/weifeng_jx_154_yellow.o
LOAD ./epd_screen/weifeng_jx_29_yellow.o
LOAD ./ext_flash/extern_flash.o
LOAD ./file_sys/mini_fs.o
LOAD ./global_variable/global_variable.o
LOAD ./hal-efr32/bsp_bcc.o
LOAD ./hal-efr32/bsp_stk.o
LOAD ./hal-efr32/bsp_stk_leds.o
LOAD ./hal-efr32/bsp_trace.o
LOAD ./hal-efr32/dmactrl.o
LOAD ./hal-efr32/em_assert.o
LOAD ./hal-efr32/em_cmu.o
LOAD ./hal-efr32/em_emu.o
LOAD ./hal-efr32/em_gpio.o
LOAD ./hal-efr32/em_int.o
LOAD ./hal-efr32/em_ldma.o
LOAD ./hal-efr32/em_leuart.o
LOAD ./hal-efr32/em_rmu.o
LOAD ./hal-efr32/em_rtc.o
LOAD ./hal-efr32/em_rtcc.o
LOAD ./hal-efr32/em_system.o
LOAD ./hal-efr32/em_timer.o
LOAD ./hal-efr32/em_usart.o
LOAD ./hal-efr32/gpiointerrupt.o
LOAD ./hal-efr32/hal_common.o
LOAD ./hal-efr32/hal_efr.o
LOAD ./hal-efr32/retargetio.o
LOAD ./hal-efr32/retargetserial.o
LOAD ./hal-efr32/rtcdriver.o
LOAD ./hal-efr32/udelay.o
LOAD ./hal-efr32/ustimer.o
LOAD ./info_flash/f_io_rom_flash.o
LOAD ./info_flash/save_sys_status.o
LOAD ./lcd-graphics/bmp.o
LOAD ./lcd-graphics/display.o
LOAD ./lcd-graphics/displayls013b7dh03.o
LOAD ./lcd-graphics/displaypalemlib.o
LOAD ./lcd-graphics/dmd_display.o
LOAD ./lcd-graphics/glib.o
LOAD ./lcd-graphics/glib_bitmap.o
LOAD ./lcd-graphics/glib_circle.o
LOAD ./lcd-graphics/glib_font_narrow_6x8.o
LOAD ./lcd-graphics/glib_font_normal_8x8.o
LOAD ./lcd-graphics/glib_font_number_16x20.o
LOAD ./lcd-graphics/glib_line.o
LOAD ./lcd-graphics/glib_polygon.o
LOAD ./lcd-graphics/glib_rectangle.o
LOAD ./lcd-graphics/glib_string.o
LOAD ./lcd-graphics/graphics.o
LOAD ./led/led.o
LOAD ./osd/bit_display.o
LOAD ./osd/osd_cmd.o
LOAD ./osd/osd_flash.o
LOAD ./osd2_0/osd2_0_cmd.o
LOAD ./osd2_0/split_dis_layer.o
LOAD ./protocol/three_event.o
LOAD ./protocol/three_protocol.o
LOAD ./reed/reed.o
LOAD ./response-printf/response_print.o
LOAD ./sys_init/sys_config.o
LOAD ./sys_init/sys_init.o
LOAD ./sys_init/sys_isr.o
LOAD D:/SiliconLabs/SimplicityStudio/v4/developer/stacks/rail/v1.3.1.0//autogen/librail_release/\librail_efr32_gcc_release.a
START GROUP
LOAD d:/siliconlabs/simplicitystudio/v4/developer/toolchains/gnu_arm/4.9_2015q3/bin/../lib/gcc/arm-none-eabi/4.9.3/armv7e-m/softfp\libgcc.a
LOAD d:/siliconlabs/simplicitystudio/v4/developer/toolchains/gnu_arm/4.9_2015q3/bin/../lib/gcc/arm-none-eabi/4.9.3/../../../../arm-none-eabi/lib/armv7e-m/softfp\libc_nano.a
LOAD d:/siliconlabs/simplicitystudio/v4/developer/toolchains/gnu_arm/4.9_2015q3/bin/../lib/gcc/arm-none-eabi/4.9.3/../../../../arm-none-eabi/lib/armv7e-m/softfp\libnosys.a
END GROUP
START GROUP
LOAD d:/siliconlabs/simplicitystudio/v4/developer/toolchains/gnu_arm/4.9_2015q3/bin/../lib/gcc/arm-none-eabi/4.9.3/armv7e-m/softfp\libgcc.a
LOAD d:/siliconlabs/simplicitystudio/v4/developer/toolchains/gnu_arm/4.9_2015q3/bin/../lib/gcc/arm-none-eabi/4.9.3/../../../../arm-none-eabi/lib/armv7e-m/softfp\libg_nano.a
LOAD d:/siliconlabs/simplicitystudio/v4/developer/toolchains/gnu_arm/4.9_2015q3/bin/../lib/gcc/arm-none-eabi/4.9.3/../../../../arm-none-eabi/lib/armv7e-m/softfp\libc_nano.a
END GROUP
START GROUP
LOAD d:/siliconlabs/simplicitystudio/v4/developer/toolchains/gnu_arm/4.9_2015q3/bin/../lib/gcc/arm-none-eabi/4.9.3/armv7e-m/softfp\libgcc.a
LOAD d:/siliconlabs/simplicitystudio/v4/developer/toolchains/gnu_arm/4.9_2015q3/bin/../lib/gcc/arm-none-eabi/4.9.3/../../../../arm-none-eabi/lib/armv7e-m/softfp\libc_nano.a
END GROUP
LOAD d:/siliconlabs/simplicitystudio/v4/developer/toolchains/gnu_arm/4.9_2015q3/bin/../lib/gcc/arm-none-eabi/4.9.3/armv7e-m/softfp/crtend.o
LOAD d:/siliconlabs/simplicitystudio/v4/developer/toolchains/gnu_arm/4.9_2015q3/bin/../lib/gcc/arm-none-eabi/4.9.3/armv7e-m/softfp/crtn.o

.text           0x00000000    0x102b4
 *(.vectors)
 .vectors       0x00000000       0xc8 ./CMSIS/efr32fg1p/startup_efr32fg1p.o
                0x00000000                __Vectors
                0x000000c8                __Vectors_End = .
                0x000000c8                __Vectors_Size = (__Vectors_End - __Vectors)
                0x000000c8                __end__ = .
 *(.text*)
 .text          0x000000c8       0x5c d:/siliconlabs/simplicitystudio/v4/developer/toolchains/gnu_arm/4.9_2015q3/bin/../lib/gcc/arm-none-eabi/4.9.3/armv7e-m/softfp/crtbegin.o
 .text          0x00000124       0x74 d:/siliconlabs/simplicitystudio/v4/developer/toolchains/gnu_arm/4.9_2015q3/bin/../lib/gcc/arm-none-eabi/4.9.3/../../../../arm-none-eabi/lib/armv7e-m/softfp/crt0.o
                0x00000124                _start
                0x00000124                _mainCRTStartup
 .text          0x00000198       0x30 ./CMSIS/efr32fg1p/startup_efr32fg1p.o
                0x00000198                Reset_Handler
                0x000001c4                USART0_TX_IRQHandler
                0x000001c4                I2C0_IRQHandler
                0x000001c4                HardFault_Handler
                0x000001c4                SysTick_Handler
                0x000001c4                USART1_RX_IRQHandler
                0x000001c4                PendSV_Handler
                0x000001c4                NMI_Handler
                0x000001c4                SYNTH_IRQHandler
                0x000001c4                WDOG0_IRQHandler
                0x000001c4                USART1_TX_IRQHandler
                0x000001c4                MSC_IRQHandler
                0x000001c4                ADC0_IRQHandler
                0x000001c4                UsageFault_Handler
                0x000001c4                LEUART0_IRQHandler
                0x000001c4                FPUEH_IRQHandler
                0x000001c4                LDMA_IRQHandler
                0x000001c4                DebugMon_Handler
                0x000001c4                LETIMER0_IRQHandler
                0x000001c4                TIMER1_IRQHandler
                0x000001c4                Default_Handler
                0x000001c4                EMU_IRQHandler
                0x000001c4                CRYOTIMER_IRQHandler
                0x000001c4                PCNT0_IRQHandler
                0x000001c4                ACMP0_IRQHandler
                0x000001c4                MemManage_Handler
                0x000001c4                SVC_Handler
                0x000001c4                CRYPTO_IRQHandler
                0x000001c4                CMU_IRQHandler
                0x000001c4                BusFault_Handler
                0x000001c4                IDAC0_IRQHandler
 .text.SystemMaxCoreClockGet
                0x000001c8        0x8 ./CMSIS/efr32fg1p/system_efr32fg1p.o
                0x000001c8                SystemMaxCoreClockGet
 .text.SystemHFClockGet
                0x000001d0       0x48 ./CMSIS/efr32fg1p/system_efr32fg1p.o
                0x000001d0                SystemHFClockGet
 .text.SystemCoreClockGet
                0x00000218       0x24 ./CMSIS/efr32fg1p/system_efr32fg1p.o
                0x00000218                SystemCoreClockGet
 .text.SystemHFXOClockGet
                0x0000023c        0xc ./CMSIS/efr32fg1p/system_efr32fg1p.o
                0x0000023c                SystemHFXOClockGet
 .text.SystemInit
                0x00000248       0x14 ./CMSIS/efr32fg1p/system_efr32fg1p.o
                0x00000248                SystemInit
 .text.SystemLFRCOClockGet
                0x0000025c        0x6 ./CMSIS/efr32fg1p/system_efr32fg1p.o
                0x0000025c                SystemLFRCOClockGet
 .text.SystemULFRCOClockGet
                0x00000262        0x6 ./CMSIS/efr32fg1p/system_efr32fg1p.o
                0x00000262                SystemULFRCOClockGet
 .text.SystemLFXOClockGet
                0x00000268        0xc ./CMSIS/efr32fg1p/system_efr32fg1p.o
                0x00000268                SystemLFXOClockGet
 .text.adc_voltage
                0x00000274        0x2 ./adc10/adc10.o
                0x00000274                adc_voltage
 .text.validateInteger
                0x00000276       0x5c ./command-interpreter/command_interpreter.o
 .text.ciGetUnsigned
                0x000002d2        0x8 ./command-interpreter/command_interpreter.o
                0x000002d2                ciGetUnsigned
 .text.ciValidateInteger
                0x000002da       0x2a ./command-interpreter/command_interpreter.o
                0x000002da                ciValidateInteger
 .text.my_cal_crc16
                0x00000304       0x28 ./crc16/crc16.o
                0x00000304                my_cal_crc16
 .text.rf_pgk_crc
                0x0000032c       0x3a ./crc16/crc16.o
                0x0000032c                rf_pgk_crc
 *fill*         0x00000366        0x2 
 .text.ack_crc_fun
                0x00000368       0x20 ./crc16/crc16.o
                0x00000368                ack_crc_fun
 .text.setDebugSignal
                0x00000388      0x228 ./debug_ci.o
                0x00000388                setDebugSignal
 .text.gpioCallback
                0x000005b0       0x20 ./main.o
                0x000005b0                gpioCallback
 .text.set_iodebug
                0x000005d0       0x48 ./main.o
                0x000005d0                set_iodebug
 .text.sys_working_process
                0x00000618      0x408 ./main.o
                0x00000618                sys_working_process
 .text.RAILCb_TxPacketSent
                0x00000a20        0x2 ./main.o
                0x00000a20                RAILCb_TxPacketSent
 .text.RAILCb_TxRadioStatus
                0x00000a22        0x2 ./main.o
                0x00000a22                RAILCb_TxRadioStatus
 .text.RAILCb_RxRadioStatus
                0x00000a24       0x28 ./main.o
                0x00000a24                RAILCb_RxRadioStatus
 .text.RAILCb_AllocateMemory
                0x00000a4c        0x8 ./main.o
                0x00000a4c                RAILCb_AllocateMemory
 .text.RAILCb_BeginWriteMemory
                0x00000a54        0x4 ./main.o
                0x00000a54                RAILCb_BeginWriteMemory
 .text.RAILCb_EndWriteMemory
                0x00000a58        0x2 ./main.o
                0x00000a58                RAILCb_EndWriteMemory
 .text.RAILCb_FreeMemory
                0x00000a5a        0x2 ./main.o
                0x00000a5a                RAILCb_FreeMemory
 .text.RAILCb_RfReady
                0x00000a5c        0x2 ./main.o
                0x00000a5c                RAILCb_RfReady
 .text.RAILCb_CalNeeded
                0x00000a5e        0x2 ./main.o
                0x00000a5e                RAILCb_CalNeeded
 .text.RAILCb_RadioStateChanged
                0x00000a60        0x2 ./main.o
                0x00000a60                RAILCb_RadioStateChanged
 *fill*         0x00000a62        0x2 
 .text.bsp_init
                0x00000a64      0x15c ./main.o
                0x00000a64                bsp_init
 .text.startup.main
                0x00000bc0       0x64 ./main.o
                0x00000bc0                main
 .text.change_syncword
                0x00000c24       0x86 ./main.o
                0x00000c24                change_syncword
 *fill*         0x00000caa        0x2 
 .text.myChangeRadioConfig
                0x00000cac       0xb4 ./main.o
                0x00000cac                myChangeRadioConfig
 .text.RAILCb_RxAckTimeout
                0x00000d60        0x2 ./rail-callback-stubs.o
                0x00000d60                RAILCb_RxAckTimeout
 .text.RAILCb_IEEE802154_DataRequestCommand
                0x00000d62        0x2 ./rail-callback-stubs.o
                0x00000d62                RAILCb_IEEE802154_DataRequestCommand
 .text.Delay_ms
                0x00000d64       0x2e ./delay/delay.o
                0x00000d64                Delay_ms
 .text.epd_powerIO_init
                0x00000d92        0x2 ./epd_screen/epd_io.o
                0x00000d92                epd_powerIO_init
 .text.epd_spi_init
                0x00000d94        0x4 ./epd_screen/epd_io.o
                0x00000d94                epd_spi_init
 .text.epd_deep_sleep_io
                0x00000d98        0x2 ./epd_screen/epd_io.o
                0x00000d98                epd_deep_sleep_io
 .text.close_epd
                0x00000d9a        0x2 ./epd_screen/epd_io.o
                0x00000d9a                close_epd
 .text.open_epd
                0x00000d9c        0x6 ./epd_screen/epd_io.o
                0x00000d9c                open_epd
 .text.lcd_chkstatus
                0x00000da2       0x24 ./epd_screen/hlt_29.o
 .text.SPI_Write.isra.1
                0x00000dc6       0x14 ./epd_screen/hlt_29.o
 .text.EPD_IC_Rst
                0x00000dda       0x18 ./epd_screen/hlt_29.o
                0x00000dda                EPD_IC_Rst
 .text.WRITE_LUT
                0x00000df2       0x16 ./epd_screen/hlt_29.o
                0x00000df2                WRITE_LUT
 .text.clear_screen
                0x00000e08       0x1e ./epd_screen/hlt_29.o
                0x00000e08                clear_screen
 *fill*         0x00000e26        0x2 
 .text.over_screen
                0x00000e28       0x24 ./epd_screen/hlt_29.o
                0x00000e28                over_screen
 .text.display_lcd
                0x00000e4c       0x58 ./epd_screen/hlt_29.o
                0x00000e4c                display_lcd
 .text.INIT_SSD1673
                0x00000ea4       0x72 ./epd_screen/hlt_29.o
                0x00000ea4                INIT_SSD1673
 .text.EPD_W21_Init
                0x00000f16       0x24 ./epd_screen/hlt_29.o
                0x00000f16                EPD_W21_Init
 .text.enterdeepsleep
                0x00000f3a        0xe ./epd_screen/hlt_29.o
                0x00000f3a                enterdeepsleep
 .text.screen_deep_sleep_power_on
                0x00000f48        0xe ./epd_screen/hlt_29.o
                0x00000f48                screen_deep_sleep_power_on
 .text.Init_EPD
                0x00000f56        0xe ./epd_screen/hlt_29.o
                0x00000f56                Init_EPD
 .text.screen_busy_fun
                0x00000f64       0x28 ./epd_screen/hlt_29.o
                0x00000f64                screen_busy_fun
 .text.epd_power_deep_sleep_fun
                0x00000f8c       0x1a ./epd_screen/hlt_29.o
                0x00000f8c                epd_power_deep_sleep_fun
 .text.FLASH_Read
                0x00000fa6       0x10 ./ext_flash/extern_flash.o
                0x00000fa6                FLASH_Read
 .text.FLASH_DeepPowerDown
                0x00000fb6        0x2 ./ext_flash/extern_flash.o
                0x00000fb6                FLASH_DeepPowerDown
 .text.fs_erase_all
                0x00000fb8        0x2 ./ext_flash/extern_flash.o
                0x00000fb8                fs_erase_all
 .text.segment_erase
                0x00000fba        0x2 ./ext_flash/extern_flash.o
                0x00000fba                segment_erase
 .text.segment_write
                0x00000fbc        0x2 ./ext_flash/extern_flash.o
                0x00000fbc                segment_write
 .text.segment_read
                0x00000fbe        0x6 ./ext_flash/extern_flash.o
                0x00000fbe                segment_read
 .text.restore_ext_spi_flashio
                0x00000fc4        0x2 ./ext_flash/extern_flash.o
                0x00000fc4                restore_ext_spi_flashio
 .text.flash_spi_init
                0x00000fc6        0x2 ./ext_flash/extern_flash.o
                0x00000fc6                flash_spi_init
 .text.disable_extern_flash
                0x00000fc8        0x2 ./ext_flash/extern_flash.o
                0x00000fc8                disable_extern_flash
 *fill*         0x00000fca        0x2 
 .text.addr_split_opera
                0x00000fcc       0x7c ./file_sys/mini_fs.o
 .text.segment_clean
                0x00001048        0x4 ./file_sys/mini_fs.o
 .text.f_len    0x0000104c       0x14 ./file_sys/mini_fs.o
                0x0000104c                f_len
 .text.f_size   0x00001060       0x18 ./file_sys/mini_fs.o
                0x00001060                f_size
 .text.check_args
                0x00001078       0x40 ./file_sys/mini_fs.o
 .text.f_addr   0x000010b8       0x14 ./file_sys/mini_fs.o
                0x000010b8                f_addr
 .text.f_read   0x000010cc       0x34 ./file_sys/mini_fs.o
                0x000010cc                f_read
 .text.f_write_direct
                0x00001100       0x64 ./file_sys/mini_fs.o
                0x00001100                f_write_direct
 .text.f_erase  0x00001164       0x44 ./file_sys/mini_fs.o
                0x00001164                f_erase
 .text.f_sync   0x000011a8       0x48 ./file_sys/mini_fs.o
                0x000011a8                f_sync
 .text.f_init   0x000011f0       0x74 ./file_sys/mini_fs.o
                0x000011f0                f_init
 .text.BSP_BccPinsEnable.part.0
                0x00001264       0x40 ./hal-efr32/bsp_bcc.o
 .text.BSP_BccInit
                0x000012a4       0x64 ./hal-efr32/bsp_bcc.o
                0x000012a4                BSP_BccInit
 .text.BSP_Init
                0x00001308        0xe ./hal-efr32/bsp_stk.o
                0x00001308                BSP_Init
 *fill*         0x00001316        0x2 
 .text.BSP_LedsInit
                0x00001318       0x38 ./hal-efr32/bsp_stk_leds.o
                0x00001318                BSP_LedsInit
 .text.flashWaitStateControl
                0x00001350       0x3c ./hal-efr32/em_cmu.o
 .text.flashWaitStateMax
                0x0000138c        0xe ./hal-efr32/em_cmu.o
 *fill*         0x0000139a        0x2 
 .text.syncReg  0x0000139c       0x18 ./hal-efr32/em_cmu.o
 .text.CMU_ClockEnable
                0x000013b4       0x7c ./hal-efr32/em_cmu.o
                0x000013b4                CMU_ClockEnable
 .text.CMU_ClockPrescGet
                0x00001430       0x84 ./hal-efr32/em_cmu.o
                0x00001430                CMU_ClockPrescGet
 .text.CMU_ClockDivGet
                0x000014b4        0xa ./hal-efr32/em_cmu.o
                0x000014b4                CMU_ClockDivGet
 *fill*         0x000014be        0x2 
 .text.CMU_ClockSelectGet
                0x000014c0       0x98 ./hal-efr32/em_cmu.o
                0x000014c0                CMU_ClockSelectGet
 .text.lfClkGet
                0x00001558       0x88 ./hal-efr32/em_cmu.o
 .text.CMU_ClockFreqGet
                0x000015e0       0xfc ./hal-efr32/em_cmu.o
                0x000015e0                CMU_ClockFreqGet
 .text.CMU_ClockPrescSet
                0x000016dc      0x158 ./hal-efr32/em_cmu.o
                0x000016dc                CMU_ClockPrescSet
 .text.CMU_ClockDivSet
                0x00001834        0x6 ./hal-efr32/em_cmu.o
                0x00001834                CMU_ClockDivSet
 *fill*         0x0000183a        0x2 
 .text.CMU_OscillatorTuningSet
                0x0000183c       0xa8 ./hal-efr32/em_cmu.o
                0x0000183c                CMU_OscillatorTuningSet
 .text.CMU_OscillatorTuningWait
                0x000018e4       0x4c ./hal-efr32/em_cmu.o
                0x000018e4                CMU_OscillatorTuningWait
 .text.CMU_OscillatorTuningOptimize
                0x00001930       0x24 ./hal-efr32/em_cmu.o
                0x00001930                CMU_OscillatorTuningOptimize
 .text.CMU_OscillatorEnable
                0x00001954       0xfc ./hal-efr32/em_cmu.o
                0x00001954                CMU_OscillatorEnable
 .text.CMU_ClockSelectSet
                0x00001a50      0x124 ./hal-efr32/em_cmu.o
                0x00001a50                CMU_ClockSelectSet
 .text.CMU_HFXOInit
                0x00001b74       0xc0 ./hal-efr32/em_cmu.o
                0x00001b74                CMU_HFXOInit
 .text.emuRestore
                0x00001c34       0x9c ./hal-efr32/em_emu.o
 .text.currentLimitersUpdate
                0x00001cd0       0x70 ./hal-efr32/em_emu.o
 .text.dcdcHsFixLnBlock
                0x00001d40       0x30 ./hal-efr32/em_emu.o
 .text.dcdcFetCntSet.part.1
                0x00001d70       0x20 ./hal-efr32/em_emu.o
 .text.EMU_EnterEM2
                0x00001d90       0x6c ./hal-efr32/em_emu.o
                0x00001d90                EMU_EnterEM2
 .text.EMU_UpdateOscConfig
                0x00001dfc       0x20 ./hal-efr32/em_emu.o
                0x00001dfc                EMU_UpdateOscConfig
 .text.EMU_DCDCModeSet
                0x00001e1c       0x28 ./hal-efr32/em_emu.o
                0x00001e1c                EMU_DCDCModeSet
 .text.EMU_DCDCOutputVoltageSet
                0x00001e44      0x1c8 ./hal-efr32/em_emu.o
                0x00001e44                EMU_DCDCOutputVoltageSet
 .text.EMU_DCDCOptimizeSlice
                0x0000200c       0x6c ./hal-efr32/em_emu.o
                0x0000200c                EMU_DCDCOptimizeSlice
 .text.EMU_DCDCLnRcoBandSet
                0x00002078       0x24 ./hal-efr32/em_emu.o
                0x00002078                EMU_DCDCLnRcoBandSet
 .text.EMU_DCDCInit
                0x0000209c      0x18c ./hal-efr32/em_emu.o
                0x0000209c                EMU_DCDCInit
 .text.GPIO_ExtIntConfig
                0x00002228       0x98 ./hal-efr32/em_gpio.o
                0x00002228                GPIO_ExtIntConfig
 .text.GPIO_PinModeSet
                0x000022c0       0x8c ./hal-efr32/em_gpio.o
                0x000022c0                GPIO_PinModeSet
 .text.RTCC_ChannelInit
                0x0000234c       0x34 ./hal-efr32/em_rtcc.o
                0x0000234c                RTCC_ChannelInit
 .text.RTCC_Enable
                0x00002380        0xc ./hal-efr32/em_rtcc.o
                0x00002380                RTCC_Enable
 .text.RTCC_Init
                0x0000238c       0x3c ./hal-efr32/em_rtcc.o
                0x0000238c                RTCC_Init
 .text.SYSTEM_ChipRevisionGet
                0x000023c8       0x34 ./hal-efr32/em_system.o
                0x000023c8                SYSTEM_ChipRevisionGet
 .text.TIMER_Init
                0x000023fc       0x8c ./hal-efr32/em_timer.o
                0x000023fc                TIMER_Init
 .text.TIMER_InitCC
                0x00002488       0x66 ./hal-efr32/em_timer.o
                0x00002488                TIMER_InitCC
 *fill*         0x000024ee        0x2 
 .text.USART_BaudrateAsyncSet
                0x000024f0       0x64 ./hal-efr32/em_usart.o
                0x000024f0                USART_BaudrateAsyncSet
 .text.USART_BaudrateSyncSet
                0x00002554       0x4c ./hal-efr32/em_usart.o
                0x00002554                USART_BaudrateSyncSet
 .text.USART_Enable
                0x000025a0        0xe ./hal-efr32/em_usart.o
                0x000025a0                USART_Enable
 *fill*         0x000025ae        0x2 
 .text.USART_Reset
                0x000025b0       0x44 ./hal-efr32/em_usart.o
                0x000025b0                USART_Reset
 .text.USART_InitAsync
                0x000025f4       0x60 ./hal-efr32/em_usart.o
                0x000025f4                USART_InitAsync
 .text.USART_InitSync
                0x00002654       0x84 ./hal-efr32/em_usart.o
                0x00002654                USART_InitSync
 .text.USART_Rx
                0x000026d8        0xc ./hal-efr32/em_usart.o
                0x000026d8                USART_Rx
 .text.USART_Tx
                0x000026e4        0xa ./hal-efr32/em_usart.o
                0x000026e4                USART_Tx
 .text.USART_TxDouble
                0x000026ee        0xa ./hal-efr32/em_usart.o
                0x000026ee                USART_TxDouble
 .text.GPIOINT_IRQDispatcher
                0x000026f8       0x2c ./hal-efr32/gpiointerrupt.o
 .text.GPIOINT_Init
                0x00002724       0x1c ./hal-efr32/gpiointerrupt.o
                0x00002724                GPIOINT_Init
 .text.GPIOINT_CallbackRegister
                0x00002740       0x30 ./hal-efr32/gpiointerrupt.o
                0x00002740                GPIOINT_CallbackRegister
 .text.GPIO_EVEN_IRQHandler
                0x00002770       0x24 ./hal-efr32/gpiointerrupt.o
                0x00002770                GPIO_EVEN_IRQHandler
 .text.GPIO_ODD_IRQHandler
                0x00002794       0x24 ./hal-efr32/gpiointerrupt.o
                0x00002794                GPIO_ODD_IRQHandler
 .text.halInit  0x000027b8       0x12 ./hal-efr32/hal_common.o
                0x000027b8                halInit
 .text.usecDelay
                0x000027ca       0x24 ./hal-efr32/hal_efr.o
 *fill*         0x000027ee        0x2 
 .text.halInitChipSpecific
                0x000027f0      0x170 ./hal-efr32/hal_efr.o
                0x000027f0                halInitChipSpecific
 .text.halGetDebugSignals
                0x00002960       0x10 ./hal-efr32/hal_efr.o
                0x00002960                halGetDebugSignals
 .text.halGetDebugPins
                0x00002970       0x10 ./hal-efr32/hal_efr.o
                0x00002970                halGetDebugPins
 .text.halDisablePrs
                0x00002980       0x10 ./hal-efr32/hal_efr.o
                0x00002980                halDisablePrs
 .text.halEnablePrs
                0x00002990       0x64 ./hal-efr32/hal_efr.o
                0x00002990                halEnablePrs
 .text._close   0x000029f4        0x4 ./hal-efr32/retargetio.o
                0x000029f4                _close
 .text._exit    0x000029f8        0x2 ./hal-efr32/retargetio.o
                0x000029f8                _exit
 .text._fstat   0x000029fa        0xa ./hal-efr32/retargetio.o
                0x000029fa                _fstat
 .text._isatty  0x00002a04        0x4 ./hal-efr32/retargetio.o
                0x00002a04                _isatty
 .text._lseek   0x00002a08        0x4 ./hal-efr32/retargetio.o
                0x00002a08                _lseek
 .text._read    0x00002a0c       0x2a ./hal-efr32/retargetio.o
                0x00002a0c                _read
 .text._write   0x00002a36       0x1c ./hal-efr32/retargetio.o
                0x00002a36                _write
 *fill*         0x00002a52        0x2 
 .text._sbrk    0x00002a54       0x48 ./hal-efr32/retargetio.o
                0x00002a54                _sbrk
 .text.USART0_RX_IRQHandler
                0x00002a9c       0x58 ./hal-efr32/retargetserial.o
                0x00002a9c                USART0_RX_IRQHandler
 .text.RETARGET_SerialCrLf
                0x00002af4       0x14 ./hal-efr32/retargetserial.o
                0x00002af4                RETARGET_SerialCrLf
 .text.RETARGET_SerialInit
                0x00002b08       0xcc ./hal-efr32/retargetserial.o
                0x00002b08                RETARGET_SerialInit
 .text.RETARGET_ReadChar
                0x00002bd4       0x6c ./hal-efr32/retargetserial.o
                0x00002bd4                RETARGET_ReadChar
 .text.RETARGET_WriteChar
                0x00002c40       0x4c ./hal-efr32/retargetserial.o
                0x00002c40                RETARGET_WriteChar
 .text.INT_Disable
                0x00002c8c       0x18 ./hal-efr32/rtcdriver.o
 .text.INT_Enable
                0x00002ca4       0x14 ./hal-efr32/rtcdriver.o
 .text.checkAllTimers
                0x00002cb8       0xa0 ./hal-efr32/rtcdriver.o
 .text.executeTimerCallbacks
                0x00002d58       0x24 ./hal-efr32/rtcdriver.o
 .text.rescheduleRtc
                0x00002d7c       0x78 ./hal-efr32/rtcdriver.o
 .text.RTCDRV_AllocateTimer
                0x00002df4       0x40 ./hal-efr32/rtcdriver.o
                0x00002df4                RTCDRV_AllocateTimer
 .text.RTCDRV_Delay
                0x00002e34       0x64 ./hal-efr32/rtcdriver.o
                0x00002e34                RTCDRV_Delay
 .text.RTCDRV_Init
                0x00002e98       0xbc ./hal-efr32/rtcdriver.o
                0x00002e98                RTCDRV_Init
 .text.RTCDRV_IsRunning
                0x00002f54       0x4c ./hal-efr32/rtcdriver.o
                0x00002f54                RTCDRV_IsRunning
 .text.RTCDRV_StartTimer
                0x00002fa0      0x184 ./hal-efr32/rtcdriver.o
                0x00002fa0                RTCDRV_StartTimer
 .text.RTCDRV_StopTimer
                0x00003124       0x40 ./hal-efr32/rtcdriver.o
                0x00003124                RTCDRV_StopTimer
 .text.RTCC_IRQHandler
                0x00003164       0x84 ./hal-efr32/rtcdriver.o
                0x00003164                RTCC_IRQHandler
 .text.UDELAY_Calibrate
                0x000031e8      0x1c8 ./hal-efr32/udelay.o
                0x000031e8                UDELAY_Calibrate
 .text.UDELAY_Delay
                0x000033b0       0x28 ./hal-efr32/udelay.o
                0x000033b0                UDELAY_Delay
 .text.USTIMER_Init
                0x000033d8       0xe0 ./hal-efr32/ustimer.o
                0x000033d8                USTIMER_Init
 .text.TIMER0_IRQHandler
                0x000034b8       0x20 ./hal-efr32/ustimer.o
                0x000034b8                TIMER0_IRQHandler
 .text.rom_segment_erase
                0x000034d8        0x2 ./info_flash/f_io_rom_flash.o
                0x000034d8                rom_segment_erase
 .text.rom_segment_write
                0x000034da        0x2 ./info_flash/f_io_rom_flash.o
                0x000034da                rom_segment_write
 .text.rom_segment_read
                0x000034dc        0x2 ./info_flash/f_io_rom_flash.o
                0x000034dc                rom_segment_read
 *fill*         0x000034de        0x2 
 .text.save_info_sys_parameter
                0x000034e0       0x44 ./info_flash/save_sys_status.o
                0x000034e0                save_info_sys_parameter
 .text.load_id  0x00003524       0x3c ./info_flash/save_sys_status.o
                0x00003524                load_id
 .text.load_info_sys_parameter
                0x00003560       0x60 ./info_flash/save_sys_status.o
                0x00003560                load_info_sys_parameter
 .text.test_save_id
                0x000035c0       0x4c ./info_flash/save_sys_status.o
                0x000035c0                test_save_id
 .text.DISPLAY_Init
                0x0000360c       0x2c ./lcd-graphics/display.o
                0x0000360c                DISPLAY_Init
 .text.DISPLAY_DeviceGet
                0x00003638       0x4c ./lcd-graphics/display.o
                0x00003638                DISPLAY_DeviceGet
 .text.DISPLAY_DeviceRegister
                0x00003684       0x58 ./lcd-graphics/display.o
                0x00003684                DISPLAY_DeviceRegister
 .text.PixelMatrixAllocate
                0x000036dc       0x38 ./lcd-graphics/displayls013b7dh03.o
 .text.PixelMatrixFree
                0x00003714        0x8 ./lcd-graphics/displayls013b7dh03.o
 .text.DriverRefresh
                0x0000371c        0xe ./lcd-graphics/displayls013b7dh03.o
 .text.PixelMatrixClear
                0x0000372a       0x20 ./lcd-graphics/displayls013b7dh03.o
 .text.PixelMatrixDraw
                0x0000374a       0x80 ./lcd-graphics/displayls013b7dh03.o
 .text.DisplayPolarityInverse
                0x000037ca        0xe ./lcd-graphics/displayls013b7dh03.o
 .text.DisplayEnable
                0x000037d8       0x18 ./lcd-graphics/displayls013b7dh03.o
 .text.DISPLAY_Ls013b7dh03Init
                0x000037f0       0xec ./lcd-graphics/displayls013b7dh03.o
                0x000037f0                DISPLAY_Ls013b7dh03Init
 .text.PAL_SpiInit
                0x000038dc       0x50 ./lcd-graphics/displaypalemlib.o
                0x000038dc                PAL_SpiInit
 .text.PAL_SpiTransmit
                0x0000392c       0x3c ./lcd-graphics/displaypalemlib.o
                0x0000392c                PAL_SpiTransmit
 .text.PAL_TimerInit
                0x00003968        0xa ./lcd-graphics/displaypalemlib.o
                0x00003968                PAL_TimerInit
 .text.PAL_TimerMicroSecondsDelay
                0x00003972        0xa ./lcd-graphics/displaypalemlib.o
                0x00003972                PAL_TimerMicroSecondsDelay
 .text.PAL_TimerRepeat
                0x0000397c       0x14 ./lcd-graphics/displaypalemlib.o
                0x0000397c                PAL_TimerRepeat
 .text.PAL_GpioInit
                0x00003990       0x14 ./lcd-graphics/displaypalemlib.o
                0x00003990                PAL_GpioInit
 .text.PAL_GpioPinModeSet
                0x000039a4       0x1c ./lcd-graphics/displaypalemlib.o
                0x000039a4                PAL_GpioPinModeSet
 .text.PAL_GpioPinOutSet
                0x000039c0       0x1c ./lcd-graphics/displaypalemlib.o
                0x000039c0                PAL_GpioPinOutSet
 .text.PAL_GpioPinOutClear
                0x000039dc       0x1c ./lcd-graphics/displaypalemlib.o
                0x000039dc                PAL_GpioPinOutClear
 .text.PAL_GpioPinOutToggle
                0x000039f8       0x1a ./lcd-graphics/displaypalemlib.o
                0x000039f8                PAL_GpioPinOutToggle
 *fill*         0x00003a12        0x2 
 .text.DMD_getDisplayGeometry
                0x00003a14       0x1c ./lcd-graphics/dmd_display.o
                0x00003a14                DMD_getDisplayGeometry
 .text.DMD_setClippingArea
                0x00003a30       0x40 ./lcd-graphics/dmd_display.o
                0x00003a30                DMD_setClippingArea
 .text.DMD_writeColor
                0x00003a70      0x168 ./lcd-graphics/dmd_display.o
                0x00003a70                DMD_writeColor
 .text.DMD_sleep
                0x00003bd8        0xc ./lcd-graphics/dmd_display.o
                0x00003bd8                DMD_sleep
 .text.DMD_allocateFramebuffer
                0x00003be4       0x38 ./lcd-graphics/dmd_display.o
                0x00003be4                DMD_allocateFramebuffer
 .text.DMD_init
                0x00003c1c       0x70 ./lcd-graphics/dmd_display.o
                0x00003c1c                DMD_init
 .text.GLIB_displaySleep
                0x00003c8c        0x4 ./lcd-graphics/glib.o
                0x00003c8c                GLIB_displaySleep
 .text.GLIB_setClippingRegion
                0x00003c90       0x64 ./lcd-graphics/glib.o
                0x00003c90                GLIB_setClippingRegion
 .text.GLIB_contextInit
                0x00003cf4       0x54 ./lcd-graphics/glib.o
                0x00003cf4                GLIB_contextInit
 .text.GLIB_setFont
                0x00003d48       0x28 ./lcd-graphics/glib_string.o
                0x00003d48                GLIB_setFont
 .text.GRAPHICS_Init
                0x00003d70       0x3c ./lcd-graphics/graphics.o
                0x00003d70                GRAPHICS_Init
 .text.GRAPHICS_Sleep
                0x00003dac        0x4 ./lcd-graphics/graphics.o
                0x00003dac                GRAPHICS_Sleep
 .text.rtcIntCallbackRegister
                0x00003db0        0x4 ./lcd-graphics/graphics.o
                0x00003db0                rtcIntCallbackRegister
 .text.led_all_off
                0x00003db4        0x2 ./led/led.o
                0x00003db4                led_all_off
 *fill*         0x00003db6        0x2 
 .text.led_clear_fun
                0x00003db8       0x28 ./led/led.o
                0x00003db8                led_clear_fun
 .text.get_led_older_fun
                0x00003de0       0x64 ./led/led.o
                0x00003de0                get_led_older_fun
 .text.rc_led_choose
                0x00003e44       0x1c ./led/led.o
                0x00003e44                rc_led_choose
 .text.rc_led_init
                0x00003e60       0x58 ./led/led.o
                0x00003e60                rc_led_init
 .text.def_led_attr_info_fun
                0x00003eb8       0x4c ./led/led.o
                0x00003eb8                def_led_attr_info_fun
 .text.led_house_loop
                0x00003f04       0x80 ./led/led.o
                0x00003f04                led_house_loop
 .text.led_normal_loop
                0x00003f84       0x6c ./led/led.o
                0x00003f84                led_normal_loop
 .text.led_str_init
                0x00003ff0       0x14 ./led/led.o
                0x00003ff0                led_str_init
 .text.led_control_fun
                0x00004004       0x10 ./led/led.o
                0x00004004                led_control_fun
 .text.led_init
                0x00004014        0x2 ./led/led.o
                0x00004014                led_init
 *fill*         0x00004016        0x2 
 .text.load_attribute_pkg_fun
                0x00004018       0x50 ./led/led.o
                0x00004018                load_attribute_pkg_fun
 .text.load_led_attribute_fun
                0x00004068        0xe ./led/led.o
                0x00004068                load_led_attribute_fun
 *fill*         0x00004076        0x2 
 .text.led_timer_set
                0x00004078       0x20 ./led/led.o
                0x00004078                led_timer_set
 .text.refresh_cache
                0x00004098       0x38 ./osd/bit_display.o
 .text.get_dst_start_bit
                0x000040d0      0x230 ./osd/bit_display.o
                0x000040d0                get_dst_start_bit
 .text.alignment_dignum
                0x00004300       0xc0 ./osd/bit_display.o
                0x00004300                alignment_dignum
 .text.get_dst_bit
                0x000043c0       0x58 ./osd/bit_display.o
                0x000043c0                get_dst_bit
 .text.dis2screen
                0x00004418      0x240 ./osd/bit_display.o
                0x00004418                dis2screen
 .text.find_id_mode0
                0x00004658        0x4 ./osd/osd_cmd.o
                0x00004658                find_id_mode0
 .text.sava_udaterom_fun
                0x0000465c       0x58 ./osd/osd_cmd.o
                0x0000465c                sava_udaterom_fun
 .text.update_success_fun
                0x000046b4       0x44 ./osd/osd_cmd.o
                0x000046b4                update_success_fun
 .text.clear_update_flag_fun
                0x000046f8       0x14 ./osd/osd_cmd.o
                0x000046f8                clear_update_flag_fun
 .text.update_fom_fun
                0x0000470c       0x40 ./osd/osd_cmd.o
                0x0000470c                update_fom_fun
 .text.compare_receive_data_ok
                0x0000474c       0x18 ./osd/osd_flash.o
                0x0000474c                compare_receive_data_ok
 .text.cmd_main_pkg_check
                0x00004764       0x1c ./osd/osd_flash.o
                0x00004764                cmd_main_pkg_check
 .text.flash_all_data_crc
                0x00004780       0x60 ./osd/osd_flash.o
                0x00004780                flash_all_data_crc
 .text.all_ele_crc
                0x000047e0       0x48 ./osd/osd_flash.o
                0x000047e0                all_ele_crc
 .text.cmd_main_data_crc
                0x00004828       0xbc ./osd/osd_flash.o
                0x00004828                cmd_main_data_crc
 .text.main_osd_cmd
                0x000048e4       0x58 ./osd/osd_flash.o
                0x000048e4                main_osd_cmd
 .text.eraset_cmd_buf
                0x0000493c       0x2c ./osd/osd_flash.o
                0x0000493c                eraset_cmd_buf
 .text.osd_init
                0x00004968       0x3c ./osd/osd_flash.o
                0x00004968                osd_init
 .text.change_page_number_file
                0x000049a4       0x14 ./osd2_0/osd2_0_cmd.o
 .text.cmd_err_fun
                0x000049b8        0x6 ./osd2_0/osd2_0_cmd.o
                0x000049b8                cmd_err_fun
 .text.cmd3_fun
                0x000049be       0x84 ./osd2_0/osd2_0_cmd.o
 *fill*         0x00004a42        0x2 
 .text.cmd8_fun
                0x00004a44       0x50 ./osd2_0/osd2_0_cmd.o
 .text.cmd6_fun
                0x00004a94       0xf4 ./osd2_0/osd2_0_cmd.o
 .text.eraser_page_number_file
                0x00004b88       0x14 ./osd2_0/osd2_0_cmd.o
 .text.change_page_makesure_fun
                0x00004b9c       0x28 ./osd2_0/osd2_0_cmd.o
                0x00004b9c                change_page_makesure_fun
 .text.number_store_fun
                0x00004bc4       0x8c ./osd2_0/osd2_0_cmd.o
                0x00004bc4                number_store_fun
 .text.stor_number_unchange_fun
                0x00004c50       0x48 ./osd2_0/osd2_0_cmd.o
                0x00004c50                stor_number_unchange_fun
 .text.cmd2_fun
                0x00004c98       0xf8 ./osd2_0/osd2_0_cmd.o
 .text.sys_page_display_store_fun
                0x00004d90       0x28 ./osd2_0/osd2_0_cmd.o
                0x00004d90                sys_page_display_store_fun
 .text.cmd7_fun
                0x00004db8       0x80 ./osd2_0/osd2_0_cmd.o
 .text.cmd5_fun
                0x00004e38       0x48 ./osd2_0/osd2_0_cmd.o
 .text.cmd4_fun
                0x00004e80      0x138 ./osd2_0/osd2_0_cmd.o
 .text.cmd1_fun
                0x00004fb8       0xa0 ./osd2_0/osd2_0_cmd.o
 .text.process_cmd
                0x00005058       0x90 ./osd2_0/osd2_0_cmd.o
                0x00005058                process_cmd
 .text.spit_pic_layer_fun
                0x000050e8       0xe8 ./osd2_0/split_dis_layer.o
                0x000050e8                spit_pic_layer_fun
 .text.find_id_mode1
                0x000051d0       0x1a ./osd2_0/split_dis_layer.o
                0x000051d0                find_id_mode1
 .text.get_number_attr
                0x000051ea       0x5c ./osd2_0/split_dis_layer.o
 .text.property_format_init
                0x00005246       0x2a ./osd2_0/split_dis_layer.o
                0x00005246                property_format_init
 .text.thousands_fag_offset_fun
                0x00005270       0x62 ./osd2_0/split_dis_layer.o
                0x00005270                thousands_fag_offset_fun
 .text.tmp      0x000052d2       0x82 ./osd2_0/split_dis_layer.o
                0x000052d2                tmp
 .text.number_type_fun
                0x00005354      0x186 ./osd2_0/split_dis_layer.o
                0x00005354                number_type_fun
 *fill*         0x000054da        0x2 
 .text.spit_number_fun
                0x000054dc      0x378 ./osd2_0/split_dis_layer.o
                0x000054dc                spit_number_fun
 .text.spit_fun
                0x00005854       0x1a ./osd2_0/split_dis_layer.o
                0x00005854                spit_fun
 *fill*         0x0000586e        0x2 
 .text.gpage_info_fun
                0x00005870       0x34 ./osd2_0/split_dis_layer.o
                0x00005870                gpage_info_fun
 .text.change_next_pageid_fun
                0x000058a4       0x2c ./osd2_0/split_dis_layer.o
                0x000058a4                change_next_pageid_fun
 .text.RAILCb_RxPacketReceived
                0x000058d0       0x38 ./protocol/three_event.o
                0x000058d0                RAILCb_RxPacketReceived
 .text.RAILCb_TimerExpired
                0x00005908        0xc ./protocol/three_event.o
                0x00005908                RAILCb_TimerExpired
 .text.check_gpio1_finish
                0x00005914       0x28 ./protocol/three_event.o
                0x00005914                check_gpio1_finish
 .text.rf_cmd_init
                0x0000593c        0xa ./protocol/three_event.o
                0x0000593c                rf_cmd_init
 *fill*         0x00005946        0x2 
 .text.rf_set_wor
                0x00005948       0x2c ./protocol/three_event.o
                0x00005948                rf_set_wor
 .text.rf_cmd_set_rx
                0x00005974       0x58 ./protocol/three_event.o
                0x00005974                rf_cmd_set_rx
 .text.set_rx_err
                0x000059cc       0x30 ./protocol/three_event.o
                0x000059cc                set_rx_err
 .text.set_wkup_event
                0x000059fc       0x46 ./protocol/three_event.o
                0x000059fc                set_wkup_event
 *fill*         0x00005a42        0x2 
 .text.globle_cmd_hbrqus_fun
                0x00005a44       0x4c ./protocol/three_event.o
                0x00005a44                globle_cmd_hbrqus_fun
 .text.globle_cmd_hbrconf_fun
                0x00005a90       0x4c ./protocol/three_event.o
                0x00005a90                globle_cmd_hbrconf_fun
 .text.globle_cmd_setconf_fun
                0x00005adc       0x30 ./protocol/three_event.o
                0x00005adc                globle_cmd_setconf_fun
 .text.globle_cmd_page_change_fun
                0x00005b0c       0x54 ./protocol/three_event.o
                0x00005b0c                globle_cmd_page_change_fun
 .text.set_rf_work_time_fun
                0x00005b60       0x14 ./protocol/three_event.o
                0x00005b60                set_rf_work_time_fun
 .text.set_pkg_trn_fun
                0x00005b74       0x98 ./protocol/three_event.o
                0x00005b74                set_pkg_trn_fun
 .text.set_pkg_chn_fun
                0x00005c0c       0x5c ./protocol/three_event.o
                0x00005c0c                set_pkg_chn_fun
 .text.set_ctrl_err_fun
                0x00005c68        0x4 ./protocol/three_event.o
                0x00005c68                set_ctrl_err_fun
 .text.rf_grp_wor
                0x00005c6c       0x1c ./protocol/three_event.o
                0x00005c6c                rf_grp_wor
 .text.rf_cmd_grp_rx
                0x00005c88       0x48 ./protocol/three_event.o
                0x00005c88                rf_cmd_grp_rx
 .text.grp_rx_err
                0x00005cd0       0x48 ./protocol/three_event.o
                0x00005cd0                grp_rx_err
 .text.grp_wkup_event
                0x00005d18       0x58 ./protocol/three_event.o
                0x00005d18                grp_wkup_event
 .text.rf_frame1_config
                0x00005d70       0x18 ./protocol/three_event.o
                0x00005d70                rf_frame1_config
 .text.rf_cmd_rx_fram1
                0x00005d88       0x5c ./protocol/three_event.o
                0x00005d88                rf_cmd_rx_fram1
 .text.rx_frame1_tout_fun
                0x00005de4       0x10 ./protocol/three_event.o
                0x00005de4                rx_frame1_tout_fun
 .text.frame1_rx_err
                0x00005df4       0x34 ./protocol/three_event.o
                0x00005df4                frame1_rx_err
 .text.rx_frame1_mask_exit_fun
                0x00005e28       0x1c ./protocol/three_event.o
                0x00005e28                rx_frame1_mask_exit_fun
 .text.rx_frame1_event
                0x00005e44       0x94 ./protocol/three_event.o
                0x00005e44                rx_frame1_event
 .text.rc_wkup_event
                0x00005ed8       0x4c ./protocol/three_event.o
                0x00005ed8                rc_wkup_event
 .text.rf_rc_grp_wor
                0x00005f24       0x1c ./protocol/three_event.o
                0x00005f24                rf_rc_grp_wor
 .text.get_rc_err
                0x00005f40       0x44 ./protocol/three_event.o
                0x00005f40                get_rc_err
 .text.get_data_rf_config
                0x00005f84       0x28 ./protocol/three_event.o
                0x00005f84                get_data_rf_config
 .text.rf_cmd_rx_data
                0x00005fac       0x5c ./protocol/three_event.o
                0x00005fac                rf_cmd_rx_data
 .text.sid_cmpare
                0x00006008       0x20 ./protocol/three_event.o
                0x00006008                sid_cmpare
 .text.check_128_fun
                0x00006028       0x30 ./protocol/three_event.o
                0x00006028                check_128_fun
 .text.check_0x76_fun
                0x00006058       0x30 ./protocol/three_event.o
                0x00006058                check_0x76_fun
 .text.osd_mode_fun
                0x00006088       0x34 ./protocol/three_event.o
                0x00006088                osd_mode_fun
 .text.rx_data_event
                0x000060bc       0x3e ./protocol/three_event.o
                0x000060bc                rx_data_event
 *fill*         0x000060fa        0x2 
 .text.crc_normal_pkg_fun
                0x000060fc       0x1c ./protocol/three_event.o
                0x000060fc                crc_normal_pkg_fun
 .text.get_data_query_fun
                0x00006118       0x1c ./protocol/three_event.o
                0x00006118                get_data_query_fun
 .text.get_netlink_fun
                0x00006134       0x54 ./protocol/three_event.o
                0x00006134                get_netlink_fun
 .text.swp_pkg  0x00006188        0xa ./protocol/three_event.o
                0x00006188                swp_pkg
 .text.check_pkg_validity
                0x00006192        0xe ./protocol/three_event.o
                0x00006192                check_pkg_validity
 .text.packet_bitmap
                0x000061a0       0x52 ./protocol/three_event.o
                0x000061a0                packet_bitmap
 *fill*         0x000061f2        0x2 
 .text.get_osd_128cmd_fun
                0x000061f4       0x4c ./protocol/three_event.o
                0x000061f4                get_osd_128cmd_fun
 .text.get_osd_76cmd_fun
                0x00006240       0x50 ./protocol/three_event.o
                0x00006240                get_osd_76cmd_fun
 .text.clear_gpkg_fun
                0x00006290       0x1c ./protocol/three_event.o
                0x00006290                clear_gpkg_fun
 .text.clear_pkg_nosd_fun
                0x000062ac       0x14 ./protocol/three_event.o
                0x000062ac                clear_pkg_nosd_fun
 .text.sid_change_eraflag
                0x000062c0       0x5c ./protocol/three_event.o
                0x000062c0                sid_change_eraflag
 .text.get_osd_updata_fun
                0x0000631c      0x100 ./protocol/three_event.o
                0x0000631c                get_osd_updata_fun
 .text.all_pkg_cmp_fun
                0x0000641c       0x14 ./protocol/three_event.o
                0x0000641c                all_pkg_cmp_fun
 .text.check_link_query_fun
                0x00006430       0x64 ./protocol/three_event.o
                0x00006430                check_link_query_fun
 .text.get_link_query_fun
                0x00006494       0x80 ./protocol/three_event.o
                0x00006494                get_link_query_fun
 .text.led_tp_init_fun
                0x00006514       0x94 ./protocol/three_event.o
                0x00006514                led_tp_init_fun
 .text.globle_cmd_ledconf_fun
                0x000065a8       0x6c ./protocol/three_event.o
                0x000065a8                globle_cmd_ledconf_fun
 .text.globle_evert_fun
                0x00006614       0x68 ./protocol/three_event.o
                0x00006614                globle_evert_fun
 .text.get_rc_pkg_fun
                0x0000667c       0xa8 ./protocol/three_event.o
                0x0000667c                get_rc_pkg_fun
 .text.query_ack_buf_fun
                0x00006724       0x40 ./protocol/three_event.o
                0x00006724                query_ack_buf_fun
 .text.netlink_ack_buf_fun
                0x00006764       0x40 ./protocol/three_event.o
                0x00006764                netlink_ack_buf_fun
 .text.osd128_ack_buf_fun
                0x000067a4       0x78 ./protocol/three_event.o
                0x000067a4                osd128_ack_buf_fun
 .text.osd0x76_ack_buf_fun
                0x0000681c       0xd4 ./protocol/three_event.o
                0x0000681c                osd0x76_ack_buf_fun
 .text.lose_pkg_statistics
                0x000068f0       0xe4 ./protocol/three_event.o
                0x000068f0                lose_pkg_statistics
 .text.osd_ack_buf_fun
                0x000069d4       0xdc ./protocol/three_event.o
                0x000069d4                osd_ack_buf_fun
 .text.rc_ack_buf_fun
                0x00006ab0       0x4c ./protocol/three_event.o
                0x00006ab0                rc_ack_buf_fun
 .text.tx_ack_info
                0x00006afc       0x64 ./protocol/three_event.o
                0x00006afc                tx_ack_info
 .text.ret_ack_rf_config
                0x00006b60       0x20 ./protocol/three_event.o
                0x00006b60                ret_ack_rf_config
 .text.a7106_tx_data
                0x00006b80       0x3c ./protocol/three_event.o
                0x00006b80                a7106_tx_data
 .text.rx_tx_timeout_fun
                0x00006bbc       0x1c ./protocol/three_event.o
                0x00006bbc                rx_tx_timeout_fun
 .text.rx_data_err
                0x00006bd8       0x34 ./protocol/three_event.o
                0x00006bd8                rx_data_err
 .text.tx_ack_err
                0x00006c0c       0x1e ./protocol/three_event.o
                0x00006c0c                tx_ack_err
 *fill*         0x00006c2a        0x2 
 .text.rf_interrupt_into_fun
                0x00006c2c       0x60 ./protocol/three_event.o
                0x00006c2c                rf_interrupt_into_fun
 .text.aclk_wor_ready_fun
                0x00006c8c       0xb4 ./protocol/three_event.o
                0x00006c8c                aclk_wor_ready_fun
 .text.set_wor_flag_fun
                0x00006d40       0x20 ./protocol/three_event.o
                0x00006d40                set_wor_flag_fun
 .text.set_get_frame1_fun
                0x00006d60       0xac ./protocol/three_event.o
                0x00006d60                set_get_frame1_fun
 .text.rc_wor_exit_fun
                0x00006e0c       0x20 ./protocol/three_event.o
                0x00006e0c                rc_wor_exit_fun
 .text.tx_exit_fun
                0x00006e2c       0x28 ./protocol/three_event.o
                0x00006e2c                tx_exit_fun
 .text.get_sleep_fun
                0x00006e54        0x4 ./protocol/three_event.o
                0x00006e54                get_sleep_fun
 .text.event_128_fun
                0x00006e58       0x50 ./protocol/three_event.o
                0x00006e58                event_128_fun
 .text.rf_hbr_conf_into
                0x00006ea8       0x1c ./protocol/three_event.o
                0x00006ea8                rf_hbr_conf_into
 .text.A7106_Tx_HBR_info
                0x00006ec4       0x36 ./protocol/three_event.o
                0x00006ec4                A7106_Tx_HBR_info
 *fill*         0x00006efa        0x2 
 .text.A7106_Tx_Register
                0x00006efc       0xd4 ./protocol/three_event.o
                0x00006efc                A7106_Tx_Register
 .text.rf_state_machine
                0x00006fd0      0x298 ./protocol/three_protocol.o
                0x00006fd0                rf_state_machine
 .text.isr_reed_enable
                0x00007268        0x2 ./reed/reed.o
                0x00007268                isr_reed_enable
 .text.isr_reed_init
                0x0000726a        0x2 ./reed/reed.o
                0x0000726a                isr_reed_init
 .text.magent4_clear_fun
                0x0000726c       0x14 ./reed/reed.o
                0x0000726c                magent4_clear_fun
 .text.responsePrintInternal
                0x00007280      0x128 ./response-printf/response_print.o
 .text.responsePrint
                0x000073a8       0x24 ./response-printf/response_print.o
                0x000073a8                responsePrint
 .text.responsePrintError
                0x000073cc       0x60 ./response-printf/response_print.o
                0x000073cc                responsePrintError
 .text.save_sys_load_page_info
                0x0000742c       0x58 ./sys_init/sys_config.o
                0x0000742c                save_sys_load_page_info
 .text.load_extern_rf_info
                0x00007484       0x80 ./sys_init/sys_config.o
                0x00007484                load_extern_rf_info
 .text.save_extern_rf_info
                0x00007504       0x5c ./sys_init/sys_config.o
                0x00007504                save_extern_rf_info
 .text.save_state_info_fun
                0x00007560       0x54 ./sys_init/sys_config.o
                0x00007560                save_state_info_fun
 .text.load_sys_config_info
                0x000075b4       0x70 ./sys_init/sys_config.o
                0x000075b4                load_sys_config_info
 .text.sys_config_deaf_cont
                0x00007624       0x34 ./sys_init/sys_config.o
                0x00007624                sys_config_deaf_cont
 .text.hb_setwor_fun
                0x00007658       0x4c ./sys_init/sys_config.o
                0x00007658                hb_setwor_fun
 .text.save_sys_config_info
                0x000076a4       0x5c ./sys_init/sys_config.o
                0x000076a4                save_sys_config_info
 .text.sys_load_config_info
                0x00007700       0x40 ./sys_init/sys_config.o
                0x00007700                sys_load_config_info
 .text.sys_register_init
                0x00007740        0x2 ./sys_init/sys_init.o
                0x00007740                sys_register_init
 .text.SetWathcDog
                0x00007742        0x2 ./sys_init/sys_init.o
                0x00007742                SetWathcDog
 .text.main_clk_init
                0x00007744        0x2 ./sys_init/sys_init.o
                0x00007744                main_clk_init
 .text.disable_peripheral
                0x00007746       0x12 ./sys_init/sys_init.o
                0x00007746                disable_peripheral
 .text.sys_sleep
                0x00007758       0x58 ./sys_init/sys_init.o
                0x00007758                sys_sleep
 .text.sys_load_page_display_fun
                0x000077b0       0x48 ./sys_init/sys_init.o
                0x000077b0                sys_load_page_display_fun
 .text.slaveTimerExpiredCallback
                0x000077f8       0x7c ./sys_init/sys_isr.o
                0x000077f8                slaveTimerExpiredCallback
 .text.sys_wakeup_wait
                0x00007874        0x8 ./sys_init/sys_isr.o
                0x00007874                sys_wakeup_wait
 .text.smclk_timer_isr
                0x0000787c        0x2 ./sys_init/sys_isr.o
                0x0000787c                smclk_timer_isr
 .text.set_led_timer
                0x0000787e        0x2 ./sys_init/sys_isr.o
                0x0000787e                set_led_timer
 .text.isr_event_response_fun
                0x00007880       0xc0 ./sys_init/sys_isr.o
                0x00007880                isr_event_response_fun
 .text.time_wdg_fun
                0x00007940       0x50 ./sys_init/sys_isr.o
                0x00007940                time_wdg_fun
 .text.timer_600ms_cont_check
                0x00007990       0x14 ./sys_init/sys_isr.o
                0x00007990                timer_600ms_cont_check
 .text.timer_calb_retry
                0x000079a4       0x1c ./sys_init/sys_isr.o
                0x000079a4                timer_calb_retry
 .text.timer_calibration_fun
                0x000079c0       0x74 ./sys_init/sys_isr.o
                0x000079c0                timer_calibration_fun
 .text.timer_cont_rst
                0x00007a34       0x1c ./sys_init/sys_isr.o
                0x00007a34                timer_cont_rst
 .text.apcConfigure
                0x00007a50       0x70 D:/SiliconLabs/SimplicityStudio/v4/developer/stacks/rail/v1.3.1.0//autogen/librail_release/\librail_efr32_gcc_release.a(pa.o)
 .text.PA_20dbmConfigSet
                0x00007ac0       0x50 D:/SiliconLabs/SimplicityStudio/v4/developer/stacks/rail/v1.3.1.0//autogen/librail_release/\librail_efr32_gcc_release.a(pa.o)
                0x00007ac0                PA_20dbmConfigSet
 .text.PA_0dbmConfigSet
                0x00007b10       0x54 D:/SiliconLabs/SimplicityStudio/v4/developer/stacks/rail/v1.3.1.0//autogen/librail_release/\librail_efr32_gcc_release.a(pa.o)
                0x00007b10                PA_0dbmConfigSet
 .text.PA_SubGhz20dbmConfigSet
                0x00007b64       0x2c D:/SiliconLabs/SimplicityStudio/v4/developer/stacks/rail/v1.3.1.0//autogen/librail_release/\librail_efr32_gcc_release.a(pa.o)
                0x00007b64                PA_SubGhz20dbmConfigSet
 .text.PA_PowerModeConfigSet
                0x00007b90       0x1c D:/SiliconLabs/SimplicityStudio/v4/developer/stacks/rail/v1.3.1.0//autogen/librail_release/\librail_efr32_gcc_release.a(pa.o)
                0x00007b90                PA_PowerModeConfigSet
 .text.PA_StripesAndSlicesSet
                0x00007bac       0x90 D:/SiliconLabs/SimplicityStudio/v4/developer/stacks/rail/v1.3.1.0//autogen/librail_release/\librail_efr32_gcc_release.a(pa.o)
                0x00007bac                PA_StripesAndSlicesSet
 .text.PA_StripesAndSlicesCommonCalc
                0x00007c3c       0x50 D:/SiliconLabs/SimplicityStudio/v4/developer/stacks/rail/v1.3.1.0//autogen/librail_release/\librail_efr32_gcc_release.a(pa.o)
                0x00007c3c                PA_StripesAndSlicesCommonCalc
 .text.PA_PowerFromStripesAndSlicesCommonCalc
                0x00007c8c       0x36 D:/SiliconLabs/SimplicityStudio/v4/developer/stacks/rail/v1.3.1.0//autogen/librail_release/\librail_efr32_gcc_release.a(pa.o)
                0x00007c8c                PA_PowerFromStripesAndSlicesCommonCalc
 *fill*         0x00007cc2        0x2 
 .text.PA_PowerLevelOptimize
                0x00007cc4       0x6c D:/SiliconLabs/SimplicityStudio/v4/developer/stacks/rail/v1.3.1.0//autogen/librail_release/\librail_efr32_gcc_release.a(pa.o)
                0x00007cc4                PA_PowerLevelOptimize
 .text.PA_StripesAndSlicesCalc
                0x00007d30       0x94 D:/SiliconLabs/SimplicityStudio/v4/developer/stacks/rail/v1.3.1.0//autogen/librail_release/\librail_efr32_gcc_release.a(pa.o)
                0x00007d30                PA_StripesAndSlicesCalc
 .text.PA_OutputPowerSet
                0x00007dc4       0x14 D:/SiliconLabs/SimplicityStudio/v4/developer/stacks/rail/v1.3.1.0//autogen/librail_release/\librail_efr32_gcc_release.a(pa.o)
                0x00007dc4                PA_OutputPowerSet
 .text.PA_PeakDetectorHighRun
                0x00007dd8       0x4c D:/SiliconLabs/SimplicityStudio/v4/developer/stacks/rail/v1.3.1.0//autogen/librail_release/\librail_efr32_gcc_release.a(pa.o)
                0x00007dd8                PA_PeakDetectorHighRun
 .text.PA_PeakDetectorLowRun
                0x00007e24       0x20 D:/SiliconLabs/SimplicityStudio/v4/developer/stacks/rail/v1.3.1.0//autogen/librail_release/\librail_efr32_gcc_release.a(pa.o)
                0x00007e24                PA_PeakDetectorLowRun
 .text.PA_BatHighRun
                0x00007e44       0x3c D:/SiliconLabs/SimplicityStudio/v4/developer/stacks/rail/v1.3.1.0//autogen/librail_release/\librail_efr32_gcc_release.a(pa.o)
                0x00007e44                PA_BatHighRun
 .text.PA_RampTimeGet
                0x00007e80        0xc D:/SiliconLabs/SimplicityStudio/v4/developer/stacks/rail/v1.3.1.0//autogen/librail_release/\librail_efr32_gcc_release.a(pa.o)
                0x00007e80                PA_RampTimeGet
 .text.PA_RampConfigSet
                0x00007e8c       0x20 D:/SiliconLabs/SimplicityStudio/v4/developer/stacks/rail/v1.3.1.0//autogen/librail_release/\librail_efr32_gcc_release.a(pa.o)
                0x00007e8c                PA_RampConfigSet
 .text.PA_RampTimeCalc
                0x00007eac       0x40 D:/SiliconLabs/SimplicityStudio/v4/developer/stacks/rail/v1.3.1.0//autogen/librail_release/\librail_efr32_gcc_release.a(pa.o)
                0x00007eac                PA_RampTimeCalc
 .text.PA_RampTimeSet
                0x00007eec       0x84 D:/SiliconLabs/SimplicityStudio/v4/developer/stacks/rail/v1.3.1.0//autogen/librail_release/\librail_efr32_gcc_release.a(pa.o)
                0x00007eec                PA_RampTimeSet
 .text.PA_BandSelect
                0x00007f70       0x48 D:/SiliconLabs/SimplicityStudio/v4/developer/stacks/rail/v1.3.1.0//autogen/librail_release/\librail_efr32_gcc_release.a(pa.o)
                0x00007f70                PA_BandSelect
 .text.RADIO_PA_Init
                0x00007fb8       0x98 D:/SiliconLabs/SimplicityStudio/v4/developer/stacks/rail/v1.3.1.0//autogen/librail_release/\librail_efr32_gcc_release.a(pa.o)
                0x00007fb8                RADIO_PA_Init
 .text.RADIO_PTI_Init
                0x00008050       0xb8 D:/SiliconLabs/SimplicityStudio/v4/developer/stacks/rail/v1.3.1.0//autogen/librail_release/\librail_efr32_gcc_release.a(pti.o)
                0x00008050                RADIO_PTI_Init
 .text.RADIO_PTI_Enable
                0x00008108       0x50 D:/SiliconLabs/SimplicityStudio/v4/developer/stacks/rail/v1.3.1.0//autogen/librail_release/\librail_efr32_gcc_release.a(pti.o)
                0x00008108                RADIO_PTI_Enable
 .text.RADIO_PTI_AuxdataOutput
                0x00008158       0x1c D:/SiliconLabs/SimplicityStudio/v4/developer/stacks/rail/v1.3.1.0//autogen/librail_release/\librail_efr32_gcc_release.a(pti.o)
                0x00008158                RADIO_PTI_AuxdataOutput
 .text.INT_Disable
                0x00008174       0x18 D:/SiliconLabs/SimplicityStudio/v4/developer/stacks/rail/v1.3.1.0//autogen/librail_release/\librail_efr32_gcc_release.a(radio.o)
 .text.INT_Enable
                0x0000818c       0x14 D:/SiliconLabs/SimplicityStudio/v4/developer/stacks/rail/v1.3.1.0//autogen/librail_release/\librail_efr32_gcc_release.a(radio.o)
 .text.RADIO_BUFCWriteContSync
                0x000081a0       0x30 D:/SiliconLabs/SimplicityStudio/v4/developer/stacks/rail/v1.3.1.0//autogen/librail_release/\librail_efr32_gcc_release.a(radio.o)
 .text.RADIO_BUFCClear
                0x000081d0       0x1a D:/SiliconLabs/SimplicityStudio/v4/developer/stacks/rail/v1.3.1.0//autogen/librail_release/\librail_efr32_gcc_release.a(radio.o)
 .text.RADIO_WriteSync
                0x000081ea        0x4 D:/SiliconLabs/SimplicityStudio/v4/developer/stacks/rail/v1.3.1.0//autogen/librail_release/\librail_efr32_gcc_release.a(radio.o)
 .text.RADIO_OrSync
                0x000081ee        0x8 D:/SiliconLabs/SimplicityStudio/v4/developer/stacks/rail/v1.3.1.0//autogen/librail_release/\librail_efr32_gcc_release.a(radio.o)
 .text.RADIO_XorSync
                0x000081f6        0x8 D:/SiliconLabs/SimplicityStudio/v4/developer/stacks/rail/v1.3.1.0//autogen/librail_release/\librail_efr32_gcc_release.a(radio.o)
 .text.RADIO_AndSync
                0x000081fe        0x8 D:/SiliconLabs/SimplicityStudio/v4/developer/stacks/rail/v1.3.1.0//autogen/librail_release/\librail_efr32_gcc_release.a(radio.o)
 .text.RADIO_WaitForSetSync
                0x00008206       0x1a D:/SiliconLabs/SimplicityStudio/v4/developer/stacks/rail/v1.3.1.0//autogen/librail_release/\librail_efr32_gcc_release.a(radio.o)
 .text.RADIO_UsToStimerTickCalc
                0x00008220       0x2c D:/SiliconLabs/SimplicityStudio/v4/developer/stacks/rail/v1.3.1.0//autogen/librail_release/\librail_efr32_gcc_release.a(radio.o)
 .text.RADIO_Delay
                0x0000824c        0x6 D:/SiliconLabs/SimplicityStudio/v4/developer/stacks/rail/v1.3.1.0//autogen/librail_release/\librail_efr32_gcc_release.a(radio.o)
 .text.RADIO_SetBitSync
                0x00008252       0x10 D:/SiliconLabs/SimplicityStudio/v4/developer/stacks/rail/v1.3.1.0//autogen/librail_release/\librail_efr32_gcc_release.a(radio.o)
 .text.RADIO_ClrBitSync
                0x00008262       0x10 D:/SiliconLabs/SimplicityStudio/v4/developer/stacks/rail/v1.3.1.0//autogen/librail_release/\librail_efr32_gcc_release.a(radio.o)
 *fill*         0x00008272        0x2 
 .text.RADIO_SetAndForgetWrite
                0x00008274       0x78 D:/SiliconLabs/SimplicityStudio/v4/developer/stacks/rail/v1.3.1.0//autogen/librail_release/\librail_efr32_gcc_release.a(radio.o)
                0x00008274                RADIO_SetAndForgetWrite
 .text.RADIO_SeqInit
                0x000082ec       0x70 D:/SiliconLabs/SimplicityStudio/v4/developer/stacks/rail/v1.3.1.0//autogen/librail_release/\librail_efr32_gcc_release.a(radio.o)
                0x000082ec                RADIO_SeqInit
 .text.RADIO_CLKEnable
                0x0000835c       0x68 D:/SiliconLabs/SimplicityStudio/v4/developer/stacks/rail/v1.3.1.0//autogen/librail_release/\librail_efr32_gcc_release.a(radio.o)
                0x0000835c                RADIO_CLKEnable
 .text.RADIO_Config
                0x000083c4       0x64 D:/SiliconLabs/SimplicityStudio/v4/developer/stacks/rail/v1.3.1.0//autogen/librail_release/\librail_efr32_gcc_release.a(radio.o)
                0x000083c4                RADIO_Config
 .text.RADIO_RegisterIrqCallback
                0x00008428        0xc D:/SiliconLabs/SimplicityStudio/v4/developer/stacks/rail/v1.3.1.0//autogen/librail_release/\librail_efr32_gcc_release.a(radio.o)
                0x00008428                RADIO_RegisterIrqCallback
 .text.FRC_PRI_IRQHandler
                0x00008434        0xc D:/SiliconLabs/SimplicityStudio/v4/developer/stacks/rail/v1.3.1.0//autogen/librail_release/\librail_efr32_gcc_release.a(radio.o)
                0x00008434                FRC_PRI_IRQHandler
 .text.FRC_IRQHandler
                0x00008440        0xc D:/SiliconLabs/SimplicityStudio/v4/developer/stacks/rail/v1.3.1.0//autogen/librail_release/\librail_efr32_gcc_release.a(radio.o)
                0x00008440                FRC_IRQHandler
 .text.RAC_RSM_IRQHandler
                0x0000844c        0xc D:/SiliconLabs/SimplicityStudio/v4/developer/stacks/rail/v1.3.1.0//autogen/librail_release/\librail_efr32_gcc_release.a(radio.o)
                0x0000844c                RAC_RSM_IRQHandler
 .text.RAC_SEQ_IRQHandler
                0x00008458        0xc D:/SiliconLabs/SimplicityStudio/v4/developer/stacks/rail/v1.3.1.0//autogen/librail_release/\librail_efr32_gcc_release.a(radio.o)
                0x00008458                RAC_SEQ_IRQHandler
 .text.AGC_IRQHandler
                0x00008464        0xc D:/SiliconLabs/SimplicityStudio/v4/developer/stacks/rail/v1.3.1.0//autogen/librail_release/\librail_efr32_gcc_release.a(radio.o)
                0x00008464                AGC_IRQHandler
 .text.PROTIMER_IRQHandler
                0x00008470        0xc D:/SiliconLabs/SimplicityStudio/v4/developer/stacks/rail/v1.3.1.0//autogen/librail_release/\librail_efr32_gcc_release.a(radio.o)
                0x00008470                PROTIMER_IRQHandler
 .text.BUFC_IRQHandler
                0x0000847c        0xc D:/SiliconLabs/SimplicityStudio/v4/developer/stacks/rail/v1.3.1.0//autogen/librail_release/\librail_efr32_gcc_release.a(radio.o)
                0x0000847c                BUFC_IRQHandler
 .text.MODEM_IRQHandler
                0x00008488        0xc D:/SiliconLabs/SimplicityStudio/v4/developer/stacks/rail/v1.3.1.0//autogen/librail_release/\librail_efr32_gcc_release.a(radio.o)
                0x00008488                MODEM_IRQHandler
 .text.RADIO_TxBufferSet
                0x00008494       0x58 D:/SiliconLabs/SimplicityStudio/v4/developer/stacks/rail/v1.3.1.0//autogen/librail_release/\librail_efr32_gcc_release.a(radio.o)
                0x00008494                RADIO_TxBufferSet
 .text.RADIO_TxBufferReset
                0x000084ec        0xc D:/SiliconLabs/SimplicityStudio/v4/developer/stacks/rail/v1.3.1.0//autogen/librail_release/\librail_efr32_gcc_release.a(radio.o)
                0x000084ec                RADIO_TxBufferReset
 .text.RADIO_TxAckBufferSet
                0x000084f8       0x24 D:/SiliconLabs/SimplicityStudio/v4/developer/stacks/rail/v1.3.1.0//autogen/librail_release/\librail_efr32_gcc_release.a(radio.o)
                0x000084f8                RADIO_TxAckBufferSet
 .text.RADIO_TxAckBufferReset
                0x0000851c        0x8 D:/SiliconLabs/SimplicityStudio/v4/developer/stacks/rail/v1.3.1.0//autogen/librail_release/\librail_efr32_gcc_release.a(radio.o)
                0x0000851c                RADIO_TxAckBufferReset
 .text.RADIO_RXBufferDisableThrInt
                0x00008524       0x14 D:/SiliconLabs/SimplicityStudio/v4/developer/stacks/rail/v1.3.1.0//autogen/librail_release/\librail_efr32_gcc_release.a(radio.o)
                0x00008524                RADIO_RXBufferDisableThrInt
 .text.RADIO_RxBufferSet
                0x00008538       0x1c D:/SiliconLabs/SimplicityStudio/v4/developer/stacks/rail/v1.3.1.0//autogen/librail_release/\librail_efr32_gcc_release.a(radio.o)
                0x00008538                RADIO_RxBufferSet
 .text.RADIO_RxBufferGet
                0x00008554        0xc D:/SiliconLabs/SimplicityStudio/v4/developer/stacks/rail/v1.3.1.0//autogen/librail_release/\librail_efr32_gcc_release.a(radio.o)
                0x00008554                RADIO_RxBufferGet
 .text.RADIO_RxBufferReset
                0x00008560       0x1c D:/SiliconLabs/SimplicityStudio/v4/developer/stacks/rail/v1.3.1.0//autogen/librail_release/\librail_efr32_gcc_release.a(radio.o)
                0x00008560                RADIO_RxBufferReset
 .text.RADIO_BUFCIrqHandler
                0x0000857c       0xa4 D:/SiliconLabs/SimplicityStudio/v4/developer/stacks/rail/v1.3.1.0//autogen/librail_release/\librail_efr32_gcc_release.a(radio.o)
 .text.RADIO_RxTrailDataLength
                0x00008620       0x3c D:/SiliconLabs/SimplicityStudio/v4/developer/stacks/rail/v1.3.1.0//autogen/librail_release/\librail_efr32_gcc_release.a(radio.o)
                0x00008620                RADIO_RxTrailDataLength
 .text.RADIO_RxBufferPacketAvailable
                0x0000865c       0x18 D:/SiliconLabs/SimplicityStudio/v4/developer/stacks/rail/v1.3.1.0//autogen/librail_release/\librail_efr32_gcc_release.a(radio.o)
                0x0000865c                RADIO_RxBufferPacketAvailable
 .text.RADIO_RxBufferBytesAvailable
                0x00008674       0x10 D:/SiliconLabs/SimplicityStudio/v4/developer/stacks/rail/v1.3.1.0//autogen/librail_release/\librail_efr32_gcc_release.a(radio.o)
                0x00008674                RADIO_RxBufferBytesAvailable
 .text.RADIO_TxBufferBytesAvailable
                0x00008684       0x10 D:/SiliconLabs/SimplicityStudio/v4/developer/stacks/rail/v1.3.1.0//autogen/librail_release/\librail_efr32_gcc_release.a(radio.o)
                0x00008684                RADIO_TxBufferBytesAvailable
 .text.RADIO_RxBufferReadByte
                0x00008694        0xc D:/SiliconLabs/SimplicityStudio/v4/developer/stacks/rail/v1.3.1.0//autogen/librail_release/\librail_efr32_gcc_release.a(radio.o)
                0x00008694                RADIO_RxBufferReadByte
 .text.RADIO_FrameControlDescrBufferIdSet
                0x000086a0       0x24 D:/SiliconLabs/SimplicityStudio/v4/developer/stacks/rail/v1.3.1.0//autogen/librail_release/\librail_efr32_gcc_release.a(radio.o)
                0x000086a0                RADIO_FrameControlDescrBufferIdSet
 .text.RADIO_Init
                0x000086c4      0x108 D:/SiliconLabs/SimplicityStudio/v4/developer/stacks/rail/v1.3.1.0//autogen/librail_release/\librail_efr32_gcc_release.a(radio.o)
                0x000086c4                RADIO_Init
 .text.RADIO_BUFCReadContASync
                0x000087cc       0x1c D:/SiliconLabs/SimplicityStudio/v4/developer/stacks/rail/v1.3.1.0//autogen/librail_release/\librail_efr32_gcc_release.a(radio.o)
                0x000087cc                RADIO_BUFCReadContASync
 .text.RADIO_RxBufferReadBytes
                0x000087e8        0xc D:/SiliconLabs/SimplicityStudio/v4/developer/stacks/rail/v1.3.1.0//autogen/librail_release/\librail_efr32_gcc_release.a(radio.o)
                0x000087e8                RADIO_RxBufferReadBytes
 .text.RADIO_RxBufferDropBytes
                0x000087f4       0x1a D:/SiliconLabs/SimplicityStudio/v4/developer/stacks/rail/v1.3.1.0//autogen/librail_release/\librail_efr32_gcc_release.a(radio.o)
                0x000087f4                RADIO_RxBufferDropBytes
 .text.RADIO_RxLengthReadNext
                0x0000880e       0x28 D:/SiliconLabs/SimplicityStudio/v4/developer/stacks/rail/v1.3.1.0//autogen/librail_release/\librail_efr32_gcc_release.a(radio.o)
                0x0000880e                RADIO_RxLengthReadNext
 .text.RADIO_FRCErrorHandle
                0x00008836        0x4 D:/SiliconLabs/SimplicityStudio/v4/developer/stacks/rail/v1.3.1.0//autogen/librail_release/\librail_efr32_gcc_release.a(radio.o)
                0x00008836                RADIO_FRCErrorHandle
 *fill*         0x0000883a        0x2 
 .text.RADIO_TxWarmTimeSet
                0x0000883c       0x44 D:/SiliconLabs/SimplicityStudio/v4/developer/stacks/rail/v1.3.1.0//autogen/librail_release/\librail_efr32_gcc_release.a(radio.o)
                0x0000883c                RADIO_TxWarmTimeSet
 .text.RADIO_RxToTxTimeSet
                0x00008880       0x3c D:/SiliconLabs/SimplicityStudio/v4/developer/stacks/rail/v1.3.1.0//autogen/librail_release/\librail_efr32_gcc_release.a(radio.o)
                0x00008880                RADIO_RxToTxTimeSet
 .text.RADIO_TxToTxTimeSet
                0x000088bc       0x50 D:/SiliconLabs/SimplicityStudio/v4/developer/stacks/rail/v1.3.1.0//autogen/librail_release/\librail_efr32_gcc_release.a(radio.o)
                0x000088bc                RADIO_TxToTxTimeSet
 .text.RADIO_TxToRxTimeSet
                0x0000890c       0x2c D:/SiliconLabs/SimplicityStudio/v4/developer/stacks/rail/v1.3.1.0//autogen/librail_release/\librail_efr32_gcc_release.a(radio.o)
                0x0000890c                RADIO_TxToRxTimeSet
 .text.RADIO_RxWarmTimeSet
                0x00008938       0x30 D:/SiliconLabs/SimplicityStudio/v4/developer/stacks/rail/v1.3.1.0//autogen/librail_release/\librail_efr32_gcc_release.a(radio.o)
                0x00008938                RADIO_RxWarmTimeSet
 .text.RADIO_RxSearchTimeSet
                0x00008968       0x20 D:/SiliconLabs/SimplicityStudio/v4/developer/stacks/rail/v1.3.1.0//autogen/librail_release/\librail_efr32_gcc_release.a(radio.o)
                0x00008968                RADIO_RxSearchTimeSet
 .text.RADIO_TxToRxSearchTimeSet
                0x00008988       0x20 D:/SiliconLabs/SimplicityStudio/v4/developer/stacks/rail/v1.3.1.0//autogen/librail_release/\librail_efr32_gcc_release.a(radio.o)
                0x00008988                RADIO_TxToRxSearchTimeSet
 .text.RADIO_GetRSSI
                0x000089a8       0x4c D:/SiliconLabs/SimplicityStudio/v4/developer/stacks/rail/v1.3.1.0//autogen/librail_release/\librail_efr32_gcc_release.a(radio.o)
                0x000089a8                RADIO_GetRSSI
 .text.RFTEST_BerEmptyBufcAndUpdateStats
                0x000089f4       0xa0 D:/SiliconLabs/SimplicityStudio/v4/developer/stacks/rail/v1.3.1.0//autogen/librail_release/\librail_efr32_gcc_release.a(rf_test.o)
                0x000089f4                RFTEST_BerEmptyBufcAndUpdateStats
 .text.SYNTH_IfFreqCompute
                0x00008a94       0x4c D:/SiliconLabs/SimplicityStudio/v4/developer/stacks/rail/v1.3.1.0//autogen/librail_release/\librail_efr32_gcc_release.a(synth.o)
                0x00008a94                SYNTH_IfFreqCompute
 .text.SYNTH_LoDivGet
                0x00008ae0       0x20 D:/SiliconLabs/SimplicityStudio/v4/developer/stacks/rail/v1.3.1.0//autogen/librail_release/\librail_efr32_gcc_release.a(synth.o)
                0x00008ae0                SYNTH_LoDivGet
 .text.SYNTH_Is2p4GHz
                0x00008b00       0x14 D:/SiliconLabs/SimplicityStudio/v4/developer/stacks/rail/v1.3.1.0//autogen/librail_release/\librail_efr32_gcc_release.a(synth.o)
                0x00008b00                SYNTH_Is2p4GHz
 *fill*         0x00008b14        0x4 
 .text.SYNTH_VcoRangeIsValid
                0x00008b18       0x58 D:/SiliconLabs/SimplicityStudio/v4/developer/stacks/rail/v1.3.1.0//autogen/librail_release/\librail_efr32_gcc_release.a(synth.o)
                0x00008b18                SYNTH_VcoRangeIsValid
 .text.SYNTH_RetimeLimitsConfig
                0x00008b70       0x44 D:/SiliconLabs/SimplicityStudio/v4/developer/stacks/rail/v1.3.1.0//autogen/librail_release/\librail_efr32_gcc_release.a(synth.o)
                0x00008b70                SYNTH_RetimeLimitsConfig
 .text.SYNTH_RetimeClkConfig
                0x00008bb4       0xb0 D:/SiliconLabs/SimplicityStudio/v4/developer/stacks/rail/v1.3.1.0//autogen/librail_release/\librail_efr32_gcc_release.a(synth.o)
                0x00008bb4                SYNTH_RetimeClkConfig
 .text.SYNTH_Config
                0x00008c64      0x100 D:/SiliconLabs/SimplicityStudio/v4/developer/stacks/rail/v1.3.1.0//autogen/librail_release/\librail_efr32_gcc_release.a(synth.o)
                0x00008c64                SYNTH_Config
 .text.SYNTH_ChannelSet
                0x00008d64       0x2c D:/SiliconLabs/SimplicityStudio/v4/developer/stacks/rail/v1.3.1.0//autogen/librail_release/\librail_efr32_gcc_release.a(synth.o)
                0x00008d64                SYNTH_ChannelSet
 .text.SYNTH_DCDCRetimeEnable
                0x00008d90        0xc D:/SiliconLabs/SimplicityStudio/v4/developer/stacks/rail/v1.3.1.0//autogen/librail_release/\librail_efr32_gcc_release.a(synth.o)
                0x00008d90                SYNTH_DCDCRetimeEnable
 .text.SYNTH_DCDCRetimeClkSet
                0x00008d9c       0x24 D:/SiliconLabs/SimplicityStudio/v4/developer/stacks/rail/v1.3.1.0//autogen/librail_release/\librail_efr32_gcc_release.a(synth.o)
                0x00008d9c                SYNTH_DCDCRetimeClkSet
 .text.RADIOCMU_ClockEnable
                0x00008dc0       0x3c D:/SiliconLabs/SimplicityStudio/v4/developer/stacks/rail/v1.3.1.0//autogen/librail_release/\librail_efr32_gcc_release.a(radio_cmu.o)
                0x00008dc0                RADIOCMU_ClockEnable
 .text.RADIOCMU_ClockFreqGet
                0x00008dfc       0x88 D:/SiliconLabs/SimplicityStudio/v4/developer/stacks/rail/v1.3.1.0//autogen/librail_release/\librail_efr32_gcc_release.a(radio_cmu.o)
                0x00008dfc                RADIOCMU_ClockFreqGet
 .text.RADIOCMU_ClockPrescGet
                0x00008e84       0x1c D:/SiliconLabs/SimplicityStudio/v4/developer/stacks/rail/v1.3.1.0//autogen/librail_release/\librail_efr32_gcc_release.a(radio_cmu.o)
                0x00008e84                RADIOCMU_ClockPrescGet
 .text.RAIL_RadioConfig
                0x00008ea0       0x14 D:/SiliconLabs/SimplicityStudio/v4/developer/stacks/rail/v1.3.1.0//autogen/librail_release/\librail_efr32_gcc_release.a(phy.o)
                0x00008ea0                RAIL_RadioConfig
 .text.RAIL_ChannelConfig
                0x00008eb4       0x48 D:/SiliconLabs/SimplicityStudio/v4/developer/stacks/rail/v1.3.1.0//autogen/librail_release/\librail_efr32_gcc_release.a(phy.o)
                0x00008eb4                RAIL_ChannelConfig
 .text.RAIL_PacketLengthConfigFrameType
                0x00008efc        0x4 D:/SiliconLabs/SimplicityStudio/v4/developer/stacks/rail/v1.3.1.0//autogen/librail_release/\librail_efr32_gcc_release.a(phy.o)
                0x00008efc                RAIL_PacketLengthConfigFrameType
 .text.INT_Disable
                0x00008f00       0x18 D:/SiliconLabs/SimplicityStudio/v4/developer/stacks/rail/v1.3.1.0//autogen/librail_release/\librail_efr32_gcc_release.a(rail_rf_hal.o)
 .text.INT_Enable
                0x00008f18       0x14 D:/SiliconLabs/SimplicityStudio/v4/developer/stacks/rail/v1.3.1.0//autogen/librail_release/\librail_efr32_gcc_release.a(rail_rf_hal.o)
 .text.pktTxDoneEvt
                0x00008f2c       0x1c D:/SiliconLabs/SimplicityStudio/v4/developer/stacks/rail/v1.3.1.0//autogen/librail_release/\librail_efr32_gcc_release.a(rail_rf_hal.o)
                0x00008f2c                pktTxDoneEvt
 .text.pktRxOverflow
                0x00008f48        0x6 D:/SiliconLabs/SimplicityStudio/v4/developer/stacks/rail/v1.3.1.0//autogen/librail_release/\librail_efr32_gcc_release.a(rail_rf_hal.o)
                0x00008f48                pktRxOverflow
 .text.preambleDetected
                0x00008f4e        0x6 D:/SiliconLabs/SimplicityStudio/v4/developer/stacks/rail/v1.3.1.0//autogen/librail_release/\librail_efr32_gcc_release.a(rail_rf_hal.o)
                0x00008f4e                preambleDetected
 .text.frameDet0
                0x00008f54        0x6 D:/SiliconLabs/SimplicityStudio/v4/developer/stacks/rail/v1.3.1.0//autogen/librail_release/\librail_efr32_gcc_release.a(rail_rf_hal.o)
                0x00008f54                frameDet0
 .text.pktTxErrorEvt
                0x00008f5a        0x6 D:/SiliconLabs/SimplicityStudio/v4/developer/stacks/rail/v1.3.1.0//autogen/librail_release/\librail_efr32_gcc_release.a(rail_rf_hal.o)
                0x00008f5a                pktTxErrorEvt
 .text.racStateChange
                0x00008f60       0x10 D:/SiliconLabs/SimplicityStudio/v4/developer/stacks/rail/v1.3.1.0//autogen/librail_release/\librail_efr32_gcc_release.a(rail_rf_hal.o)
                0x00008f60                racStateChange
 .text.softwareTimerExpired
                0x00008f70       0x18 D:/SiliconLabs/SimplicityStudio/v4/developer/stacks/rail/v1.3.1.0//autogen/librail_release/\librail_efr32_gcc_release.a(rail_rf_hal.o)
                0x00008f70                softwareTimerExpired
 .text.racCalRequest
                0x00008f88        0x6 D:/SiliconLabs/SimplicityStudio/v4/developer/stacks/rail/v1.3.1.0//autogen/librail_release/\librail_efr32_gcc_release.a(rail_rf_hal.o)
                0x00008f88                racCalRequest
 *fill*         0x00008f8e        0x2 
 .text.rxTimeout
                0x00008f90       0x2c D:/SiliconLabs/SimplicityStudio/v4/developer/stacks/rail/v1.3.1.0//autogen/librail_release/\librail_efr32_gcc_release.a(rail_rf_hal.o)
                0x00008f90                rxTimeout
 .text.sequencerInterrupt
                0x00008fbc       0x9c D:/SiliconLabs/SimplicityStudio/v4/developer/stacks/rail/v1.3.1.0//autogen/librail_release/\librail_efr32_gcc_release.a(rail_rf_hal.o)
                0x00008fbc                sequencerInterrupt
 .text.protmrLbtEvt
                0x00009058       0x70 D:/SiliconLabs/SimplicityStudio/v4/developer/stacks/rail/v1.3.1.0//autogen/librail_release/\librail_efr32_gcc_release.a(rail_rf_hal.o)
                0x00009058                protmrLbtEvt
 .text.pktRxDoneEvt
                0x000090c8      0x118 D:/SiliconLabs/SimplicityStudio/v4/developer/stacks/rail/v1.3.1.0//autogen/librail_release/\librail_efr32_gcc_release.a(rail_rf_hal.o)
                0x000090c8                pktRxDoneEvt
 .text.pktRxFrmErr
                0x000091e0       0x10 D:/SiliconLabs/SimplicityStudio/v4/developer/stacks/rail/v1.3.1.0//autogen/librail_release/\librail_efr32_gcc_release.a(rail_rf_hal.o)
                0x000091e0                pktRxFrmErr
 .text.RFHAL_Init
                0x000091f0       0x58 D:/SiliconLabs/SimplicityStudio/v4/developer/stacks/rail/v1.3.1.0//autogen/librail_release/\librail_efr32_gcc_release.a(rail_rf_hal.o)
                0x000091f0                RFHAL_Init
 .text.RFHAL_IdleExt
                0x00009248       0x1c D:/SiliconLabs/SimplicityStudio/v4/developer/stacks/rail/v1.3.1.0//autogen/librail_release/\librail_efr32_gcc_release.a(rail_rf_hal.o)
                0x00009248                RFHAL_IdleExt
 .text.RFHAL_StateGet
                0x00009264       0x68 D:/SiliconLabs/SimplicityStudio/v4/developer/stacks/rail/v1.3.1.0//autogen/librail_release/\librail_efr32_gcc_release.a(rail_rf_hal.o)
                0x00009264                RFHAL_StateGet
 .text.RFHAL_HeadedToIdle
                0x000092cc       0x58 D:/SiliconLabs/SimplicityStudio/v4/developer/stacks/rail/v1.3.1.0//autogen/librail_release/\librail_efr32_gcc_release.a(rail_rf_hal.o)
                0x000092cc                RFHAL_HeadedToIdle
 .text.RFHAL_TxDataLoad
                0x00009324       0x40 D:/SiliconLabs/SimplicityStudio/v4/developer/stacks/rail/v1.3.1.0//autogen/librail_release/\librail_efr32_gcc_release.a(rail_rf_hal.o)
                0x00009324                RFHAL_TxDataLoad
 .text.RFHAL_RxIntEnable
                0x00009364       0x60 D:/SiliconLabs/SimplicityStudio/v4/developer/stacks/rail/v1.3.1.0//autogen/librail_release/\librail_efr32_gcc_release.a(rail_rf_hal.o)
                0x00009364                RFHAL_RxIntEnable
 .text.RFHAL_ErrorConfig
                0x000093c4       0x10 D:/SiliconLabs/SimplicityStudio/v4/developer/stacks/rail/v1.3.1.0//autogen/librail_release/\librail_efr32_gcc_release.a(rail_rf_hal.o)
                0x000093c4                RFHAL_ErrorConfig
 .text.RFHAL_SetChannelConfig
                0x000093d4       0x18 D:/SiliconLabs/SimplicityStudio/v4/developer/stacks/rail/v1.3.1.0//autogen/librail_release/\librail_efr32_gcc_release.a(rail_rf_hal.o)
                0x000093d4                RFHAL_SetChannelConfig
 .text.RAIL_TimerCancel
                0x000093ec       0x20 D:/SiliconLabs/SimplicityStudio/v4/developer/stacks/rail/v1.3.1.0//autogen/librail_release/\librail_efr32_gcc_release.a(rail_rf_hal.o)
                0x000093ec                RAIL_TimerCancel
 .text.RAIL_TimerSet
                0x0000940c       0x54 D:/SiliconLabs/SimplicityStudio/v4/developer/stacks/rail/v1.3.1.0//autogen/librail_release/\librail_efr32_gcc_release.a(rail_rf_hal.o)
                0x0000940c                RAIL_TimerSet
 .text.RAIL_TimerIsRunning
                0x00009460        0x4 D:/SiliconLabs/SimplicityStudio/v4/developer/stacks/rail/v1.3.1.0//autogen/librail_release/\librail_efr32_gcc_release.a(rail_rf_hal.o)
                0x00009460                RAIL_TimerIsRunning
 .text.RFHAL_SetRxTransitions
                0x00009464       0x20 D:/SiliconLabs/SimplicityStudio/v4/developer/stacks/rail/v1.3.1.0//autogen/librail_release/\librail_efr32_gcc_release.a(rail_rf_hal.o)
                0x00009464                RFHAL_SetRxTransitions
 .text.RFHAL_SetChannel
                0x00009484       0x4c D:/SiliconLabs/SimplicityStudio/v4/developer/stacks/rail/v1.3.1.0//autogen/librail_release/\librail_efr32_gcc_release.a(rail_rf_hal.o)
                0x00009484                RFHAL_SetChannel
 .text.RFHAL_RxStart
                0x000094d0       0x2c D:/SiliconLabs/SimplicityStudio/v4/developer/stacks/rail/v1.3.1.0//autogen/librail_release/\librail_efr32_gcc_release.a(rail_rf_hal.o)
                0x000094d0                RFHAL_RxStart
 .text.RFHAL_AutoAckIsEnabled
                0x000094fc       0x10 D:/SiliconLabs/SimplicityStudio/v4/developer/stacks/rail/v1.3.1.0//autogen/librail_release/\librail_efr32_gcc_release.a(rail_rf_hal.o)
                0x000094fc                RFHAL_AutoAckIsEnabled
 .text.RFHAL_AutoAckWaitForAck
                0x0000950c       0x10 D:/SiliconLabs/SimplicityStudio/v4/developer/stacks/rail/v1.3.1.0//autogen/librail_release/\librail_efr32_gcc_release.a(rail_rf_hal.o)
                0x0000950c                RFHAL_AutoAckWaitForAck
 .text.RFHAL_TxStart
                0x0000951c       0x3c D:/SiliconLabs/SimplicityStudio/v4/developer/stacks/rail/v1.3.1.0//autogen/librail_release/\librail_efr32_gcc_release.a(rail_rf_hal.o)
                0x0000951c                RFHAL_TxStart
 .text.RAIL_RfInit
                0x00009558       0x18 D:/SiliconLabs/SimplicityStudio/v4/developer/stacks/rail/v1.3.1.0//autogen/librail_release/\librail_efr32_gcc_release.a(rail_rf.o)
                0x00009558                RAIL_RfInit
 .text.RAIL_RfIdle
                0x00009570        0x6 D:/SiliconLabs/SimplicityStudio/v4/developer/stacks/rail/v1.3.1.0//autogen/librail_release/\librail_efr32_gcc_release.a(rail_rf.o)
                0x00009570                RAIL_RfIdle
 .text.RAIL_RfStateGet
                0x00009576        0x4 D:/SiliconLabs/SimplicityStudio/v4/developer/stacks/rail/v1.3.1.0//autogen/librail_release/\librail_efr32_gcc_release.a(rail_rf.o)
                0x00009576                RAIL_RfStateGet
 *fill*         0x0000957a        0x2 
 .text.RAILInt_SetChannelConfig
                0x0000957c       0x50 D:/SiliconLabs/SimplicityStudio/v4/developer/stacks/rail/v1.3.1.0//autogen/librail_release/\librail_efr32_gcc_release.a(rail_rf.o)
                0x0000957c                RAILInt_SetChannelConfig
 .text.RAILInt_TrackChannelConfig
                0x000095cc        0xc D:/SiliconLabs/SimplicityStudio/v4/developer/stacks/rail/v1.3.1.0//autogen/librail_release/\librail_efr32_gcc_release.a(rail_rf.o)
                0x000095cc                RAILInt_TrackChannelConfig
 .text.RAILInt_GetChannelStart