Archive member included because of file (symbol)

D:/SiliconLabs/SimplicityStudio/v4/developer/stacks/rail/v1.3.1.0//autogen/librail_release/\librail_efr32_gcc_release.a(pa.o)
                              ./hal-efr32/hal_efr.o (RADIO_PA_Init)
D:/SiliconLabs/SimplicityStudio/v4/developer/stacks/rail/v1.3.1.0//autogen/librail_release/\librail_efr32_gcc_release.a(pti.o)
                              ./hal-efr32/hal_efr.o (RADIO_PTI_Init)
D:/SiliconLabs/SimplicityStudio/v4/developer/stacks/rail/v1.3.1.0//autogen/librail_release/\librail_efr32_gcc_release.a(radio.o)
                              D:/SiliconLabs/SimplicityStudio/v4/developer/stacks/rail/v1.3.1.0//autogen/librail_release/\librail_efr32_gcc_release.a(pa.o) (RADIO_CLKEnable)
D:/SiliconLabs/SimplicityStudio/v4/developer/stacks/rail/v1.3.1.0//autogen/librail_release/\librail_efr32_gcc_release.a(rf_test.o)
                              D:/SiliconLabs/SimplicityStudio/v4/developer/stacks/rail/v1.3.1.0//autogen/librail_release/\librail_efr32_gcc_release.a(radio.o) (RFTEST_BerEmptyBufcAndUpdateStats)
D:/SiliconLabs/SimplicityStudio/v4/developer/stacks/rail/v1.3.1.0//autogen/librail_release/\librail_efr32_gcc_release.a(synth.o)
                              D:/SiliconLabs/SimplicityStudio/v4/developer/stacks/rail/v1.3.1.0//autogen/librail_release/\librail_efr32_gcc_release.a(pa.o) (SYNTH_LoDivGet)
D:/SiliconLabs/SimplicityStudio/v4/developer/stacks/rail/v1.3.1.0//autogen/librail_release/\librail_efr32_gcc_release.a(radio_cmu.o)
                              D:/SiliconLabs/SimplicityStudio/v4/developer/stacks/rail/v1.3.1.0//autogen/librail_release/\librail_efr32_gcc_release.a(pti.o) (RADIOCMU_ClockEnable)
D:/SiliconLabs/SimplicityStudio/v4/developer/stacks/rail/v1.3.1.0//autogen/librail_release/\librail_efr32_gcc_release.a(phy.o)
                              ./app_main.o (RAIL_RadioConfig)
D:/SiliconLabs/SimplicityStudio/v4/developer/stacks/rail/v1.3.1.0//autogen/librail_release/\librail_efr32_gcc_release.a(rail_rf_hal.o)
                              ./app_ci/lbt_ci.o (RAIL_CcaCsma)
D:/SiliconLabs/SimplicityStudio/v4/developer/stacks/rail/v1.3.1.0//autogen/librail_release/\librail_efr32_gcc_release.a(rail_rf.o)
                              ./app_main.o (RAIL_RfInit)
D:/SiliconLabs/SimplicityStudio/v4/developer/stacks/rail/v1.3.1.0//autogen/librail_release/\librail_efr32_gcc_release.a(rail_rx.o)
                              ./app_main.o (RAIL_RxConfig)
D:/SiliconLabs/SimplicityStudio/v4/developer/stacks/rail/v1.3.1.0//autogen/librail_release/\librail_efr32_gcc_release.a(rail_tx.o)
                              ./app_ci/packet_ci.o (RAIL_TxDataLoad)
D:/SiliconLabs/SimplicityStudio/v4/developer/stacks/rail/v1.3.1.0//autogen/librail_release/\librail_efr32_gcc_release.a(rail_calibration.o)
                              D:/SiliconLabs/SimplicityStudio/v4/developer/stacks/rail/v1.3.1.0//autogen/librail_release/\librail_efr32_gcc_release.a(rail_rf.o) (RFHAL_CalibrationInit)
D:/SiliconLabs/SimplicityStudio/v4/developer/stacks/rail/v1.3.1.0//autogen/librail_release/\librail_efr32_gcc_release.a(rail_autoack.o)
                              ./app_ci/autoack_ci.o (RAIL_AutoAckDisable)
D:/SiliconLabs/SimplicityStudio/v4/developer/stacks/rail/v1.3.1.0//autogen/librail_release/\librail_efr32_gcc_release.a(rail_diagnostic.o)
                              ./app_ci/error_rate_ci.o (RAIL_BerRxStop)
D:/SiliconLabs/SimplicityStudio/v4/developer/stacks/rail/v1.3.1.0//autogen/librail_release/\librail_efr32_gcc_release.a(rail_ieee802154.o)
                              ./app_ci/154_rx_ci.o (RAIL_IEEE802154_2p4GHzRadioConfig)
D:/SiliconLabs/SimplicityStudio/v4/developer/stacks/rail/v1.3.1.0//autogen/librail_release/\librail_efr32_gcc_release.a(rail_ble.o)
                              ./app_ci/ble_ci.o (RAIL_BLE_Init)
D:/SiliconLabs/SimplicityStudio/v4/developer/stacks/rail/v1.3.1.0//autogen/librail_release/\librail_efr32_gcc_release.a(ir_cal.o)
                              D:/SiliconLabs/SimplicityStudio/v4/developer/stacks/rail/v1.3.1.0//autogen/librail_release/\librail_efr32_gcc_release.a(rail_rf_hal.o) (IRCAL_Set)
D:/SiliconLabs/SimplicityStudio/v4/developer/stacks/rail/v1.3.1.0//autogen/librail_release/\librail_efr32_gcc_release.a(protimer.o)
                              D:/SiliconLabs/SimplicityStudio/v4/developer/stacks/rail/v1.3.1.0//autogen/librail_release/\librail_efr32_gcc_release.a(rail_rf_hal.o) (PROTIMER_CCTimerStop)
D:/SiliconLabs/SimplicityStudio/v4/developer/stacks/rail/v1.3.1.0//autogen/librail_release/\librail_efr32_gcc_release.a(phy_utils.o)
                              D:/SiliconLabs/SimplicityStudio/v4/developer/stacks/rail/v1.3.1.0//autogen/librail_release/\librail_efr32_gcc_release.a(radio.o) (PHY_UTILS_DelayUs)
D:/SiliconLabs/SimplicityStudio/v4/developer/stacks/rail/v1.3.1.0//autogen/librail_release/\librail_efr32_gcc_release.a(rfsense.o)
[...]
Memory Configuration

Name             Origin             Length             Attributes
FLASH            0x00000000         0x00040000         xr
RAM              0x20000000         0x00008000         xrw
*default*        0x00000000         0xffffffff

Linker script and memory map

LOAD d:/siliconlabs/simplicitystudio/v4/developer/toolchains/gnu_arm/4.9_2015q3/bin/../lib/gcc/arm-none-eabi/4.9.3/armv7e-m/softfp/crti.o
LOAD d:/siliconlabs/simplicitystudio/v4/developer/toolchains/gnu_arm/4.9_2015q3/bin/../lib/gcc/arm-none-eabi/4.9.3/armv7e-m/softfp/crtbegin.o
LOAD d:/siliconlabs/simplicitystudio/v4/developer/toolchains/gnu_arm/4.9_2015q3/bin/../lib/gcc/arm-none-eabi/4.9.3/../../../../arm-none-eabi/lib/armv7e-m/softfp/crt0.o
LOAD ./CMSIS/efr32fg1p/startup_efr32fg1p.o
LOAD ./CMSIS/efr32fg1p/system_efr32fg1p.o
LOAD ./app_ci/154_rx_ci.o
LOAD ./app_ci/address_filter_ci.o
LOAD ./app_ci/autoack_ci.o
LOAD ./app_ci/ble_ci.o
LOAD ./app_ci/debug_ci.o
LOAD ./app_ci/error_rate_ci.o
LOAD ./app_ci/info_ci.o
LOAD ./app_ci/lbt_ci.o
LOAD ./app_ci/packet_ci.o
LOAD ./app_ci/parameter_ci.o
LOAD ./app_ci/timer_ci.o
LOAD ./app_ci/trx_ci.o
LOAD ./app_hal.o
LOAD ./app_main.o
LOAD ./app_modes.o
LOAD ./mode_helpers.o
LOAD ./rail-callback-stubs.o
LOAD ./rail-callbacks.o
LOAD ./rail_config.o
LOAD ./buffer-pool-memory-manager/buffer_pool_allocator.o
LOAD ./buffer-pool-memory-manager/rail_integration.o
LOAD ./circular-queue/circular_queue.o
LOAD ./command-interpreter/command_interpreter.o
LOAD ./hal-efr32/bsp_bcc.o
LOAD ./hal-efr32/bsp_stk.o
LOAD ./hal-efr32/bsp_stk_leds.o
LOAD ./hal-efr32/bsp_trace.o
LOAD ./hal-efr32/dmactrl.o
LOAD ./hal-efr32/em_assert.o
LOAD ./hal-efr32/em_cmu.o
LOAD ./hal-efr32/em_emu.o
LOAD ./hal-efr32/em_gpio.o
LOAD ./hal-efr32/em_int.o
LOAD ./hal-efr32/em_ldma.o
LOAD ./hal-efr32/em_leuart.o
LOAD ./hal-efr32/em_rmu.o
LOAD ./hal-efr32/em_rtc.o
LOAD ./hal-efr32/em_rtcc.o
LOAD ./hal-efr32/em_system.o
LOAD ./hal-efr32/em_timer.o
LOAD ./hal-efr32/em_usart.o
LOAD ./hal-efr32/gpiointerrupt.o
LOAD ./hal-efr32/hal_common.o
LOAD ./hal-efr32/hal_efr.o
LOAD ./hal-efr32/retargetio.o
LOAD ./hal-efr32/retargetserial.o
LOAD ./hal-efr32/rtcdriver.o
LOAD ./hal-efr32/udelay.o
LOAD ./hal-efr32/ustimer.o
LOAD ./lcd-graphics/bmp.o
LOAD ./lcd-graphics/display.o
LOAD ./lcd-graphics/displayls013b7dh03.o
LOAD ./lcd-graphics/displaypalemlib.o
LOAD ./lcd-graphics/dmd_display.o
LOAD ./lcd-graphics/glib.o
LOAD ./lcd-graphics/glib_bitmap.o
LOAD ./lcd-graphics/glib_circle.o
LOAD ./lcd-graphics/glib_font_narrow_6x8.o
LOAD ./lcd-graphics/glib_font_normal_8x8.o
LOAD ./lcd-graphics/glib_font_number_16x20.o
LOAD ./lcd-graphics/glib_line.o
LOAD ./lcd-graphics/glib_polygon.o
LOAD ./lcd-graphics/glib_rectangle.o
LOAD ./lcd-graphics/glib_string.o
LOAD ./lcd-graphics/graphics.o
LOAD ./response-printf/response_print.o
LOAD D:/SiliconLabs/SimplicityStudio/v4/developer/stacks/rail/v1.3.1.0//autogen/librail_release/\librail_efr32_gcc_release.a
START GROUP
LOAD d:/siliconlabs/simplicitystudio/v4/developer/toolchains/gnu_arm/4.9_2015q3/bin/../lib/gcc/arm-none-eabi/4.9.3/armv7e-m/softfp\libgcc.a
LOAD d:/siliconlabs/simplicitystudio/v4/developer/toolchains/gnu_arm/4.9_2015q3/bin/../lib/gcc/arm-none-eabi/4.9.3/../../../../arm-none-eabi/lib/armv7e-m/softfp\libc_nano.a
LOAD d:/siliconlabs/simplicitystudio/v4/developer/toolchains/gnu_arm/4.9_2015q3/bin/../lib/gcc/arm-none-eabi/4.9.3/../../../../arm-none-eabi/lib/armv7e-m/softfp\libnosys.a
END GROUP
START GROUP
LOAD d:/siliconlabs/simplicitystudio/v4/developer/toolchains/gnu_arm/4.9_2015q3/bin/../lib/gcc/arm-none-eabi/4.9.3/armv7e-m/softfp\libgcc.a
LOAD d:/siliconlabs/simplicitystudio/v4/developer/toolchains/gnu_arm/4.9_2015q3/bin/../lib/gcc/arm-none-eabi/4.9.3/../../../../arm-none-eabi/lib/armv7e-m/softfp\libg_nano.a
LOAD d:/siliconlabs/simplicitystudio/v4/developer/toolchains/gnu_arm/4.9_2015q3/bin/../lib/gcc/arm-none-eabi/4.9.3/../../../../arm-none-eabi/lib/armv7e-m/softfp\libc_nano.a
END GROUP
START GROUP
LOAD d:/siliconlabs/simplicitystudio/v4/developer/toolchains/gnu_arm/4.9_2015q3/bin/../lib/gcc/arm-none-eabi/4.9.3/armv7e-m/softfp\libgcc.a
LOAD d:/siliconlabs/simplicitystudio/v4/developer/toolchains/gnu_arm/4.9_2015q3/bin/../lib/gcc/arm-none-eabi/4.9.3/../../../../arm-none-eabi/lib/armv7e-m/softfp\libc_nano.a
END GROUP
LOAD d:/siliconlabs/simplicitystudio/v4/developer/toolchains/gnu_arm/4.9_2015q3/bin/../lib/gcc/arm-none-eabi/4.9.3/armv7e-m/softfp/crtend.o
LOAD d:/siliconlabs/simplicitystudio/v4/developer/toolchains/gnu_arm/4.9_2015q3/bin/../lib/gcc/arm-none-eabi/4.9.3/armv7e-m/softfp/crtn.o

.text           0x00000000    0x152e4
 *(.vectors)
 .vectors       0x00000000       0xc8 ./CMSIS/efr32fg1p/startup_efr32fg1p.o
                0x00000000                __Vectors
                0x000000c8                __Vectors_End = .
                0x000000c8                __Vectors_Size = (__Vectors_End - __Vectors)
                0x000000c8                __end__ = .
 *(.text*)
 .text          0x000000c8       0x5c d:/siliconlabs/simplicitystudio/v4/developer/toolchains/gnu_arm/4.9_2015q3/bin/../lib/gcc/arm-none-eabi/4.9.3/armv7e-m/softfp/crtbegin.o
 .text          0x00000124       0x74 d:/siliconlabs/simplicitystudio/v4/developer/toolchains/gnu_arm/4.9_2015q3/bin/../lib/gcc/arm-none-eabi/4.9.3/../../../../arm-none-eabi/lib/armv7e-m/softfp/crt0.o
                0x00000124                _start
                0x00000124                _mainCRTStartup
 .text          0x00000198       0x30 ./CMSIS/efr32fg1p/startup_efr32fg1p.o
                0x00000198                Reset_Handler
                0x000001c4                USART0_TX_IRQHandler
                0x000001c4                I2C0_IRQHandler
                0x000001c4                HardFault_Handler
                0x000001c4                SysTick_Handler
                0x000001c4                USART1_RX_IRQHandler
                0x000001c4                PendSV_Handler
                0x000001c4                NMI_Handler
                0x000001c4                SYNTH_IRQHandler
                0x000001c4                WDOG0_IRQHandler
                0x000001c4                USART1_TX_IRQHandler
                0x000001c4                MSC_IRQHandler
                0x000001c4                ADC0_IRQHandler
                0x000001c4                UsageFault_Handler
                0x000001c4                LEUART0_IRQHandler
                0x000001c4                FPUEH_IRQHandler
                0x000001c4                LDMA_IRQHandler
                0x000001c4                DebugMon_Handler
                0x000001c4                LETIMER0_IRQHandler
                0x000001c4                TIMER1_IRQHandler
                0x000001c4                Default_Handler
                0x000001c4                EMU_IRQHandler
                0x000001c4                CRYOTIMER_IRQHandler
                0x000001c4                PCNT0_IRQHandler
                0x000001c4                ACMP0_IRQHandler
                0x000001c4                MemManage_Handler
                0x000001c4                SVC_Handler
                0x000001c4                CRYPTO_IRQHandler
                0x000001c4                CMU_IRQHandler
                0x000001c4                BusFault_Handler
                0x000001c4                IDAC0_IRQHandler
 .text.SystemMaxCoreClockGet
                0x000001c8        0x8 ./CMSIS/efr32fg1p/system_efr32fg1p.o
                0x000001c8                SystemMaxCoreClockGet
 .text.SystemHFClockGet
                0x000001d0       0x48 ./CMSIS/efr32fg1p/system_efr32fg1p.o
                0x000001d0                SystemHFClockGet
 .text.SystemCoreClockGet
                0x00000218       0x24 ./CMSIS/efr32fg1p/system_efr32fg1p.o
                0x00000218                SystemCoreClockGet
 .text.SystemHFXOClockGet
                0x0000023c        0xc ./CMSIS/efr32fg1p/system_efr32fg1p.o
                0x0000023c                SystemHFXOClockGet
 .text.SystemInit
                0x00000248       0x14 ./CMSIS/efr32fg1p/system_efr32fg1p.o
                0x00000248                SystemInit
 .text.SystemLFRCOClockGet
                0x0000025c        0x6 ./CMSIS/efr32fg1p/system_efr32fg1p.o
                0x0000025c                SystemLFRCOClockGet
 .text.SystemULFRCOClockGet
                0x00000262        0x6 ./CMSIS/efr32fg1p/system_efr32fg1p.o
                0x00000262                SystemULFRCOClockGet
 .text.SystemLFXOClockGet
                0x00000268        0xc ./CMSIS/efr32fg1p/system_efr32fg1p.o
                0x00000268                SystemLFXOClockGet
 .text.ieee802154Enable
                0x00000274       0xf0 ./app_ci/154_rx_ci.o
                0x00000274                ieee802154Enable
 .text.config2p4Ghz802154
                0x00000364       0x40 ./app_ci/154_rx_ci.o
                0x00000364                config2p4Ghz802154
 .text.ieee802154AcceptFrames
                0x000003a4       0xb0 ./app_ci/154_rx_ci.o
                0x000003a4                ieee802154AcceptFrames
 .text.ieee802154SetPromiscuousMode
                0x00000454       0x4c ./app_ci/154_rx_ci.o
                0x00000454                ieee802154SetPromiscuousMode
 .text.ieee802154SetPanCoordinator
                0x000004a0       0x4c ./app_ci/154_rx_ci.o
                0x000004a0                ieee802154SetPanCoordinator
 .text.ieee802154SetPanId
                0x000004ec       0x34 ./app_ci/154_rx_ci.o
                0x000004ec                ieee802154SetPanId
 .text.ieee802154SetShortAddress
                0x00000520       0x34 ./app_ci/154_rx_ci.o
                0x00000520                ieee802154SetShortAddress
 .text.ieee802154SetLongAddress
                0x00000554       0x44 ./app_ci/154_rx_ci.o
                0x00000554                ieee802154SetLongAddress
 .text.addressFilterByFrame
                0x00000598       0x34 ./app_ci/address_filter_ci.o
                0x00000598                addressFilterByFrame
 .text.getAddressFilter
                0x000005cc       0x2c ./app_ci/address_filter_ci.o
                0x000005cc                getAddressFilter
 .text.setAddressFilter
                0x000005f8       0x22 ./app_ci/address_filter_ci.o
                0x000005f8                setAddressFilter
 *fill*         0x0000061a        0x2 
 .text.printAddresses
                0x0000061c       0xc0 ./app_ci/address_filter_ci.o
                0x0000061c                printAddresses
 .text.setAddressFilterConfig
                0x000006dc       0xa8 ./app_ci/address_filter_ci.o
                0x000006dc                setAddressFilterConfig
 .text.setAddress
                0x00000784       0xa8 ./app_ci/address_filter_ci.o
                0x00000784                setAddress
 .text.enableAddress
                0x0000082c       0x9c ./app_ci/address_filter_ci.o
                0x0000082c                enableAddress
 .text.autoAckConfig
                0x000008c8       0xd4 ./app_ci/autoack_ci.o
                0x000008c8                autoAckConfig
 .text.getAutoAck
                0x0000099c       0x54 ./app_ci/autoack_ci.o
                0x0000099c                getAutoAck
 .text.autoAckDisable
                0x000009f0       0x24 ./app_ci/autoack_ci.o
                0x000009f0                autoAckDisable
 .text.autoAckPause
                0x00000a14       0x3c ./app_ci/autoack_ci.o
                0x00000a14                autoAckPause
 .text.setTxAckOptions
                0x00000a50       0x5c ./app_ci/autoack_ci.o
                0x00000a50                setTxAckOptions
 .text.bleStatus
                0x00000aac       0x2c ./app_ci/ble_ci.o
                0x00000aac                bleStatus
 .text.bleEnable
                0x00000ad8       0x30 ./app_ci/ble_ci.o
                0x00000ad8                bleEnable
 .text.bleSetChannelParams
                0x00000b08       0x8c ./app_ci/ble_ci.o
                0x00000b08                bleSetChannelParams
 .text.bleAdvertisingConfig
                0x00000b94       0x90 ./app_ci/ble_ci.o
                0x00000b94                bleAdvertisingConfig
 .text.setFrequency
                0x00000c24       0x60 ./app_ci/debug_ci.o
                0x00000c24                setFrequency
 .text.lookupDebugModeString
                0x00000c84       0x20 ./app_ci/debug_ci.o
                0x00000c84                lookupDebugModeString
 .text.setDebugMode
                0x00000ca4       0x40 ./app_ci/debug_ci.o
                0x00000ca4                setDebugMode
 .text.getMemWord
                0x00000ce4       0x5c ./app_ci/debug_ci.o
                0x00000ce4                getMemWord
 .text.setMemWord
                0x00000d40       0x60 ./app_ci/debug_ci.o
                0x00000d40                setMemWord
 .text.setTxUnderflow
                0x00000da0       0x1c ./app_ci/debug_ci.o
                0x00000da0                setTxUnderflow
 .text.setRxOverflow
                0x00000dbc       0x1c ./app_ci/debug_ci.o
                0x00000dbc                setRxOverflow
 .text.setCalibrations
                0x00000dd8       0x40 ./app_ci/debug_ci.o
                0x00000dd8                setCalibrations
 .text.txCancel
                0x00000e18       0x44 ./app_ci/debug_ci.o
                0x00000e18                txCancel
 .text.getLogLevels
                0x00000e5c       0x38 ./app_ci/debug_ci.o
                0x00000e5c                getLogLevels
 .text.setPeripheralEnable
                0x00000e94       0x2c ./app_ci/debug_ci.o
                0x00000e94                setPeripheralEnable
 .text.setNotifications
                0x00000ec0       0x2c ./app_ci/debug_ci.o
                0x00000ec0                setNotifications
 .text.resetChip
                0x00000eec       0x28 ./app_ci/debug_ci.o
                0x00000eec                resetChip
 .text.printDataRates
                0x00000f14       0x24 ./app_ci/debug_ci.o
                0x00000f14                printDataRates
 .text.getRandom
                0x00000f38       0xc8 ./app_ci/debug_ci.o
                0x00000f38                getRandom
 .text.setDebugSignal
                0x00001000      0x228 ./app_ci/debug_ci.o
                0x00001000                setDebugSignal
 .text.startPerMode
                0x00001228       0x54 ./app_ci/error_rate_ci.o
                0x00001228                startPerMode
 .text.updateStats
                0x0000127c       0x62 ./app_ci/error_rate_ci.o
                0x0000127c                updateStats
 *fill*         0x000012de        0x2 
 .text.getPerStats
                0x000012e0       0x9c ./app_ci/error_rate_ci.o
                0x000012e0                getPerStats
 .text.berConfigSet
                0x0000137c       0x1a ./app_ci/error_rate_ci.o
                0x0000137c                berConfigSet
 .text.berRx    0x00001396       0x3a ./app_ci/error_rate_ci.o
                0x00001396                berRx
 .text.berStatusGet
                0x000013d0       0xac ./app_ci/error_rate_ci.o
                0x000013d0                berStatusGet
 .text.getStatus
                0x0000147c       0xa0 ./app_ci/info_ci.o
                0x0000147c                getStatus
 .text.getVersion
                0x0000151c       0x38 ./app_ci/info_ci.o
                0x0000151c                getVersion
 .text.getVersionVerbose
                0x00001554       0x50 ./app_ci/info_ci.o
                0x00001554                getVersionVerbose
 .text.getRssi  0x000015a4       0x44 ./app_ci/info_ci.o
                0x000015a4                getRssi
 .text.resetCounters
                0x000015e8       0x20 ./app_ci/info_ci.o
                0x000015e8                resetCounters
 .text.getTime  0x00001608       0x1c ./app_ci/info_ci.o
                0x00001608                getTime
 .text.setTime  0x00001624       0x38 ./app_ci/info_ci.o
                0x00001624                setTime
 .text.setLbtMode
                0x0000165c       0xb4 ./app_ci/lbt_ci.o
                0x0000165c                setLbtMode
 .text.getLbtParams
                0x00001710       0x34 ./app_ci/lbt_ci.o
                0x00001710                getLbtParams
 .text.setLbtParams
                0x00001744       0x50 ./app_ci/lbt_ci.o
                0x00001744                setLbtParams
 .text.printTxPacket
                0x00001794       0x14 ./app_ci/packet_ci.o
                0x00001794                printTxPacket
 .text.setTxPayload
                0x000017a8       0x64 ./app_ci/packet_ci.o
                0x000017a8                setTxPayload
 .text.setTxLength
                0x0000180c       0x4c ./app_ci/packet_ci.o
                0x0000180c                setTxLength
 .text.printAckPacket
                0x00001858       0x14 ./app_ci/packet_ci.o
                0x00001858                printAckPacket
 .text.setAckPayload
                0x0000186c       0x64 ./app_ci/packet_ci.o
                0x0000186c                setAckPayload
 .text.setAckLength
                0x000018d0       0x4c ./app_ci/packet_ci.o
                0x000018d0                setAckLength
 .text.stringsToStates
                0x0000191c       0x40 ./app_ci/parameter_ci.o
 .text.getChannel
                0x0000195c       0x38 ./app_ci/parameter_ci.o
                0x0000195c                getChannel
 .text.setChannel
                0x00001994       0x48 ./app_ci/parameter_ci.o
                0x00001994                setChannel
 .text.getPower
                0x000019dc       0x1c ./app_ci/parameter_ci.o
                0x000019dc                getPower
 .text.setPower
                0x000019f8       0x2c ./app_ci/parameter_ci.o
                0x000019f8                setPower
 .text.getTxDelay
                0x00001a24       0x14 ./app_ci/parameter_ci.o
                0x00001a24                getTxDelay
 .text.setTxDelay
                0x00001a38       0x20 ./app_ci/parameter_ci.o
                0x00001a38                setTxDelay
 .text.getCtune
                0x00001a58       0x1c ./app_ci/parameter_ci.o
                0x00001a58                getCtune
 .text.setCtune
                0x00001a74       0x26 ./app_ci/parameter_ci.o
                0x00001a74                setCtune
 *fill*         0x00001a9a        0x2 
 .text.setPaCtune
                0x00001a9c       0x44 ./app_ci/parameter_ci.o
                0x00001a9c                setPaCtune
 .text.getConfig
                0x00001ae0       0x20 ./app_ci/parameter_ci.o
                0x00001ae0                getConfig
 .text.listConfigs
                0x00001b00       0x24 ./app_ci/parameter_ci.o
                0x00001b00                listConfigs
 .text.setConfig
                0x00001b24       0x44 ./app_ci/parameter_ci.o
                0x00001b24                setConfig
 .text.setTxTransitions
                0x00001b68       0x4c ./app_ci/parameter_ci.o
                0x00001b68                setTxTransitions
 .text.setRxTransitions
                0x00001bb4       0x54 ./app_ci/parameter_ci.o
                0x00001bb4                setRxTransitions
 .text.setTimings
                0x00001c08       0x7c ./app_ci/parameter_ci.o
                0x00001c08                setTimings
 .text.printTimerStats
                0x00001c84       0x4c ./app_ci/timer_ci.o
                0x00001c84                printTimerStats
 .text.setTimer
                0x00001cd0       0x58 ./app_ci/timer_ci.o
                0x00001cd0                setTimer
 .text.timerCancel
                0x00001d28       0x20 ./app_ci/timer_ci.o
                0x00001d28                timerCancel
 .text.INT_Disable
                0x00001d48       0x18 ./app_ci/trx_ci.o
 .text.INT_Enable
                0x00001d60       0x14 ./app_ci/trx_ci.o
 .text.tx       0x00001d74       0x1c ./app_ci/trx_ci.o
                0x00001d74                tx
 .text.txWithOptions
                0x00001d90       0x20 ./app_ci/trx_ci.o
                0x00001d90                txWithOptions
 .text.configTxOptions
                0x00001db0       0x3c ./app_ci/trx_ci.o
                0x00001db0                configTxOptions
 .text.txAtTime
                0x00001dec       0x1a ./app_ci/trx_ci.o
                0x00001dec                txAtTime
 *fill*         0x00001e06        0x2 
 .text.txAfterRx
                0x00001e08       0x28 ./app_ci/trx_ci.o
                0x00001e08                txAfterRx
 .text.rx       0x00001e30       0xd0 ./app_ci/trx_ci.o
                0x00001e30                rx
 .text.setTxTone
                0x00001f00       0x20 ./app_ci/trx_ci.o
                0x00001f00                setTxTone
 .text.setTxStream
                0x00001f20       0x20 ./app_ci/trx_ci.o
                0x00001f20                setTxStream
 .text.setDirectMode
                0x00001f40       0x20 ./app_ci/trx_ci.o
                0x00001f40                setDirectMode
 .text.setDirectTx
                0x00001f60       0x7c ./app_ci/trx_ci.o
                0x00001f60                setDirectTx
 .text.sleep    0x00001fdc      0x2f4 ./app_ci/trx_ci.o
                0x00001fdc                sleep
 .text.rfSense  0x000022d0       0x78 ./app_ci/trx_ci.o
                0x000022d0                rfSense
 .text.rfSensedCheck
                0x00002348       0x50 ./app_ci/trx_ci.o
                0x00002348                rfSensedCheck
 .text.parseTimeModeFromString
                0x00002398       0x4c ./app_ci/trx_ci.o
                0x00002398                parseTimeModeFromString
 .text.rxAt     0x000023e4      0x128 ./app_ci/trx_ci.o
                0x000023e4                rxAt
 .text.gpio0LongPress
                0x0000250c        0x8 ./app_hal.o
                0x0000250c                gpio0LongPress
 .text.gpio0ShortPress
                0x00002514        0x8 ./app_hal.o
                0x00002514                gpio0ShortPress
 .text.gpio1ShortPress
                0x0000251c       0x7c ./app_hal.o
                0x0000251c                gpio1ShortPress
 .text.gpioCallback
                0x00002598       0x78 ./app_hal.o
                0x00002598                gpioCallback
 .text.appHalInit
                0x00002610       0x98 ./app_hal.o
                0x00002610                appHalInit
 .text.updateDisplay
                0x000026a8       0xfc ./app_hal.o
                0x000026a8                updateDisplay
 .text.LedSet   0x000027a4       0x14 ./app_hal.o
                0x000027a4                LedSet
 .text.LedToggle
                0x000027b8       0x14 ./app_hal.o
                0x000027b8                LedToggle
 .text.PeripheralDisable
                0x000027cc       0x1e ./app_hal.o
                0x000027cc                PeripheralDisable
 .text.PeripheralEnable
                0x000027ea        0x4 ./app_hal.o
                0x000027ea                PeripheralEnable
 .text.usDelay  0x000027ee       0x16 ./app_hal.o
                0x000027ee                usDelay
 .text.serialWaitForTxIdle
                0x00002804       0x10 ./app_hal.o
                0x00002804                serialWaitForTxIdle
 .text.RAILCb_RfReady
                0x00002814       0x12 ./app_main.o
                0x00002814                RAILCb_RfReady
 *fill*         0x00002826        0x2 
 .text.RAILCb_CalNeeded
                0x00002828        0xc ./app_main.o
                0x00002828                RAILCb_CalNeeded
 .text.RAILCb_RadioStateChanged
                0x00002834        0x2 ./app_main.o
                0x00002834                RAILCb_RadioStateChanged
 *fill*         0x00002836        0x2 
 .text.RAILCb_TxPacketSent
                0x00002838       0x40 ./app_main.o
                0x00002838                RAILCb_TxPacketSent
 .text.RAILCb_RxPacketReceived
                0x00002878      0x110 ./app_main.o
                0x00002878                RAILCb_RxPacketReceived
 .text.RAILCb_RxRadioStatusExt
                0x00002988       0xa4 ./app_main.o
                0x00002988                RAILCb_RxRadioStatusExt
 .text.RAILCb_TxRadioStatus
                0x00002a2c       0x24 ./app_main.o
                0x00002a2c                RAILCb_TxRadioStatus
 .text.RAILCb_TimerExpired
                0x00002a50       0x90 ./app_main.o
                0x00002a50                RAILCb_TimerExpired
 .text.RAILCb_RxAckTimeout
                0x00002ae0       0x18 ./app_main.o
                0x00002ae0                RAILCb_RxAckTimeout
 .text.RAILCb_IEEE802154_DataRequestCommand
                0x00002af8        0x4 ./app_main.o
                0x00002af8                RAILCb_IEEE802154_DataRequestCommand
 .text.processPendingCalibrations
                0x00002afc       0x78 ./app_main.o
                0x00002afc                processPendingCalibrations
 .text.checkTimerExpiration
                0x00002b74       0x30 ./app_main.o
                0x00002b74                checkTimerExpiration
 .text.printNewTxError
                0x00002ba4       0x6c ./app_main.o
                0x00002ba4                printNewTxError
 .text.printAckTimeout
                0x00002c10       0x24 ./app_main.o
                0x00002c10                printAckTimeout
 .text.changeChannel
                0x00002c34       0x14 ./app_main.o
                0x00002c34                changeChannel
 .text.changeChannelConfig
                0x00002c48       0x24 ./app_main.o
                0x00002c48                changeChannelConfig
 .text.changeRadioConfig
                0x00002c6c       0x38 ./app_main.o
                0x00002c6c                changeRadioConfig
 .text.pendPacketTx
                0x00002ca4        0xc ./app_main.o
                0x00002ca4                pendPacketTx
 .text.sendPacketIfPending
                0x00002cb0      0x104 ./app_main.o
                0x00002cb0                sendPacketIfPending
 .text.pendFinishTxSequence
                0x00002db4        0xc ./app_main.o
                0x00002db4                pendFinishTxSequence
 .text.finishTxSequenceIfPending
                0x00002dc0       0x8c ./app_main.o
                0x00002dc0                finishTxSequenceIfPending
 .text.setNextPacketTime
                0x00002e4c        0xc ./app_main.o
                0x00002e4c                setNextPacketTime
 .text.printPacket
                0x00002e58      0x104 ./app_main.o
                0x00002e58                printPacket
 .text.printReceivedPacket
                0x00002f5c       0x38 ./app_main.o
                0x00002f5c                printReceivedPacket
 .text.processInputCharacters
                0x00002f94       0x64 ./app_main.o
                0x00002f94                processInputCharacters
 .text.startup.main
                0x00002ff8      0x16c ./app_main.o
                0x00002ff8                main
 .text.ciErrorCallback
                0x00003164       0x34 ./app_main.o
                0x00003164                ciErrorCallback
 .text.currentAppMode
                0x00003198        0xc ./app_modes.o
                0x00003198                currentAppMode
 .text.enableAppMode
                0x000031a4       0x64 ./app_modes.o
                0x000031a4                enableAppMode
 .text.appModeNames
                0x00003208       0x30 ./app_modes.o
                0x00003208                appModeNames
 .text.changeAppModeIfPending
                0x00003238      0x1a4 ./app_modes.o
                0x00003238                changeAppModeIfPending
 .text.setNextAppMode.part.1
                0x000033dc       0x14 ./mode_helpers.o
 .text.inAppMode
                0x000033f0       0x30 ./mode_helpers.o
                0x000033f0                inAppMode
 .text.inRadioState
                0x00003420       0x30 ./mode_helpers.o
                0x00003420                inRadioState
 .text.setNextAppMode
                0x00003450       0x10 ./mode_helpers.o
                0x00003450                setNextAppMode
 .text.enableAppModeSync
                0x00003460       0x2c ./mode_helpers.o
                0x00003460                enableAppModeSync
 .text.scheduleNextTx
                0x0000348c       0x60 ./mode_helpers.o
                0x0000348c                scheduleNextTx
 .text.radioTransmit
                0x000034ec       0x58 ./mode_helpers.o
                0x000034ec                radioTransmit
 .text.INT_Disable
                0x00003544       0x18 ./buffer-pool-memory-manager/buffer_pool_allocator.o
 .text.INT_Enable
                0x0000355c       0x14 ./buffer-pool-memory-manager/buffer_pool_allocator.o
 .text.memoryAllocate
                0x00003570       0x3c ./buffer-pool-memory-manager/buffer_pool_allocator.o
                0x00003570                memoryAllocate
 .text.memoryPtrFromHandle
                0x000035ac       0x34 ./buffer-pool-memory-manager/buffer_pool_allocator.o
                0x000035ac                memoryPtrFromHandle
 .text.memoryFree
                0x000035e0       0x28 ./buffer-pool-memory-manager/buffer_pool_allocator.o
                0x000035e0                memoryFree
 .text.memoryTakeReference
                0x00003608       0x28 ./buffer-pool-memory-manager/buffer_pool_allocator.o
                0x00003608                memoryTakeReference
 .text.RAILCb_AllocateMemory
                0x00003630        0x4 ./buffer-pool-memory-manager/rail_integration.o
                0x00003630                RAILCb_AllocateMemory
 .text.RAILCb_FreeMemory
                0x00003634        0x4 ./buffer-pool-memory-manager/rail_integration.o
                0x00003634                RAILCb_FreeMemory
 .text.RAILCb_BeginWriteMemory
                0x00003638        0xc ./buffer-pool-memory-manager/rail_integration.o
                0x00003638                RAILCb_BeginWriteMemory
 .text.RAILCb_EndWriteMemory
                0x00003644        0x2 ./buffer-pool-memory-manager/rail_integration.o
                0x00003644                RAILCb_EndWriteMemory
 *fill*         0x00003646        0x2 
 .text.INT_Disable
                0x00003648       0x18 ./circular-queue/circular_queue.o
 .text.INT_Enable
                0x00003660       0x14 ./circular-queue/circular_queue.o
 .text.queueInit
                0x00003674       0x24 ./circular-queue/circular_queue.o
                0x00003674                queueInit
 .text.queueAdd
                0x00003698       0x4a ./circular-queue/circular_queue.o
                0x00003698                queueAdd
 .text.queueRemove
                0x000036e2       0x36 ./circular-queue/circular_queue.o
                0x000036e2                queueRemove
 .text.queueIsEmpty
                0x00003718       0x1e ./circular-queue/circular_queue.o
                0x00003718                queueIsEmpty
 .text.validateInteger
                0x00003736       0x5c ./command-interpreter/command_interpreter.o
 *fill*         0x00003792        0x2 
 .text.ciPrintHelp
                0x00003794       0xb0 ./command-interpreter/command_interpreter.o
                0x00003794                ciPrintHelp
 .text.ciInitState
                0x00003844       0x18 ./command-interpreter/command_interpreter.o
                0x00003844                ciInitState
 .text.ciProcessInput
                0x0000385c      0x278 ./command-interpreter/command_interpreter.o
                0x0000385c                ciProcessInput
 .text.ciGetUnsigned
                0x00003ad4        0x8 ./command-interpreter/command_interpreter.o
                0x00003ad4                ciGetUnsigned
 .text.ciGetSigned
                0x00003adc        0x8 ./command-interpreter/command_interpreter.o
                0x00003adc                ciGetSigned
 .text.ciValidateInteger
                0x00003ae4       0x2a ./command-interpreter/command_interpreter.o
                0x00003ae4                ciValidateInteger
 *fill*         0x00003b0e        0x2 
 .text.BSP_BccPinsEnable.part.0
                0x00003b10       0x40 ./hal-efr32/bsp_bcc.o
 .text.BSP_BccInit
                0x00003b50       0x64 ./hal-efr32/bsp_bcc.o
                0x00003b50                BSP_BccInit
 .text.BSP_Init
                0x00003bb4        0xe ./hal-efr32/bsp_stk.o
                0x00003bb4                BSP_Init
 *fill*         0x00003bc2        0x2 
 .text.BSP_LedsInit
                0x00003bc4       0x38 ./hal-efr32/bsp_stk_leds.o
                0x00003bc4                BSP_LedsInit
 .text.BSP_LedClear
                0x00003bfc       0x34 ./hal-efr32/bsp_stk_leds.o
                0x00003bfc                BSP_LedClear
 .text.BSP_LedSet
                0x00003c30       0x34 ./hal-efr32/bsp_stk_leds.o
                0x00003c30                BSP_LedSet
 .text.BSP_LedToggle
                0x00003c64       0x30 ./hal-efr32/bsp_stk_leds.o
                0x00003c64                BSP_LedToggle
 .text.flashWaitStateControl
                0x00003c94       0x3c ./hal-efr32/em_cmu.o
 .text.flashWaitStateMax
                0x00003cd0        0xe ./hal-efr32/em_cmu.o
 *fill*         0x00003cde        0x2 
 .text.syncReg  0x00003ce0       0x18 ./hal-efr32/em_cmu.o
 .text.CMU_ClockEnable
                0x00003cf8       0x7c ./hal-efr32/em_cmu.o
                0x00003cf8                CMU_ClockEnable
 .text.CMU_ClockPrescGet
                0x00003d74       0x84 ./hal-efr32/em_cmu.o
                0x00003d74                CMU_ClockPrescGet
 .text.CMU_ClockDivGet
                0x00003df8        0xa ./hal-efr32/em_cmu.o
                0x00003df8                CMU_ClockDivGet
 *fill*         0x00003e02        0x2 
 .text.CMU_ClockSelectGet
                0x00003e04       0x98 ./hal-efr32/em_cmu.o
                0x00003e04                CMU_ClockSelectGet
 .text.lfClkGet
                0x00003e9c       0x88 ./hal-efr32/em_cmu.o
 .text.CMU_ClockFreqGet
                0x00003f24       0xfc ./hal-efr32/em_cmu.o
                0x00003f24                CMU_ClockFreqGet
 .text.CMU_ClockPrescSet
                0x00004020      0x158 ./hal-efr32/em_cmu.o
                0x00004020                CMU_ClockPrescSet
 .text.CMU_ClockDivSet
                0x00004178        0x6 ./hal-efr32/em_cmu.o
                0x00004178                CMU_ClockDivSet
 *fill*         0x0000417e        0x2 
 .text.CMU_OscillatorTuningSet
                0x00004180       0xa8 ./hal-efr32/em_cmu.o
                0x00004180                CMU_OscillatorTuningSet
 .text.CMU_OscillatorTuningWait
                0x00004228       0x4c ./hal-efr32/em_cmu.o
                0x00004228                CMU_OscillatorTuningWait
 .text.CMU_OscillatorTuningOptimize
                0x00004274       0x24 ./hal-efr32/em_cmu.o
                0x00004274                CMU_OscillatorTuningOptimize
 .text.CMU_OscillatorEnable
                0x00004298       0xfc ./hal-efr32/em_cmu.o
                0x00004298                CMU_OscillatorEnable
 .text.CMU_ClockSelectSet
                0x00004394      0x124 ./hal-efr32/em_cmu.o
                0x00004394                CMU_ClockSelectSet
 .text.CMU_HFXOInit
                0x000044b8       0xc0 ./hal-efr32/em_cmu.o
                0x000044b8                CMU_HFXOInit
 .text.emuRestore
                0x00004578       0x9c ./hal-efr32/em_emu.o
 .text.currentLimitersUpdate
                0x00004614       0x70 ./hal-efr32/em_emu.o
 .text.dcdcHsFixLnBlock
                0x00004684       0x30 ./hal-efr32/em_emu.o
 .text.dcdcFetCntSet.part.1
                0x000046b4       0x20 ./hal-efr32/em_emu.o
 .text.EMU_EnterEM2
                0x000046d4       0x6c ./hal-efr32/em_emu.o
                0x000046d4                EMU_EnterEM2
 .text.EMU_EnterEM3
                0x00004740       0x8c ./hal-efr32/em_emu.o
                0x00004740                EMU_EnterEM3
 .text.EMU_UpdateOscConfig
                0x000047cc       0x20 ./hal-efr32/em_emu.o
                0x000047cc                EMU_UpdateOscConfig
 .text.EMU_DCDCModeSet
                0x000047ec       0x28 ./hal-efr32/em_emu.o
                0x000047ec                EMU_DCDCModeSet
 .text.EMU_EnterEM4
                0x00004814       0x78 ./hal-efr32/em_emu.o
                0x00004814                EMU_EnterEM4
 .text.EMU_DCDCOutputVoltageSet
                0x0000488c      0x1c8 ./hal-efr32/em_emu.o
                0x0000488c                EMU_DCDCOutputVoltageSet
 .text.EMU_DCDCOptimizeSlice
                0x00004a54       0x6c ./hal-efr32/em_emu.o
                0x00004a54                EMU_DCDCOptimizeSlice
 .text.EMU_DCDCLnRcoBandSet
                0x00004ac0       0x24 ./hal-efr32/em_emu.o
                0x00004ac0                EMU_DCDCLnRcoBandSet
 .text.EMU_DCDCInit
                0x00004ae4      0x18c ./hal-efr32/em_emu.o
                0x00004ae4                EMU_DCDCInit
 .text.GPIO_ExtIntConfig
                0x00004c70       0x98 ./hal-efr32/em_gpio.o
                0x00004c70                GPIO_ExtIntConfig
 .text.GPIO_PinModeSet
                0x00004d08       0x8c ./hal-efr32/em_gpio.o
                0x00004d08                GPIO_PinModeSet
 .text.RMU_ResetCauseClear
                0x00004d94        0xc ./hal-efr32/em_rmu.o
                0x00004d94                RMU_ResetCauseClear
 .text.RMU_ResetCauseGet
                0x00004da0       0x58 ./hal-efr32/em_rmu.o
                0x00004da0                RMU_ResetCauseGet
 .text.RTCC_ChannelInit
                0x00004df8       0x34 ./hal-efr32/em_rtcc.o
                0x00004df8                RTCC_ChannelInit
 .text.RTCC_Enable
                0x00004e2c        0xc ./hal-efr32/em_rtcc.o
                0x00004e2c                RTCC_Enable
 .text.RTCC_Init
                0x00004e38       0x3c ./hal-efr32/em_rtcc.o
                0x00004e38                RTCC_Init
 .text.SYSTEM_ChipRevisionGet
                0x00004e74       0x34 ./hal-efr32/em_system.o
                0x00004e74                SYSTEM_ChipRevisionGet
 .text.TIMER_Init
                0x00004ea8       0x8c ./hal-efr32/em_timer.o
                0x00004ea8                TIMER_Init
 .text.TIMER_InitCC
                0x00004f34       0x66 ./hal-efr32/em_timer.o
                0x00004f34                TIMER_InitCC
 *fill*         0x00004f9a        0x2 
 .text.USART_BaudrateAsyncSet
                0x00004f9c       0x64 ./hal-efr32/em_usart.o
                0x00004f9c                USART_BaudrateAsyncSet
 .text.USART_BaudrateSyncSet
                0x00005000       0x4c ./hal-efr32/em_usart.o
                0x00005000                USART_BaudrateSyncSet
 .text.USART_Enable
                0x0000504c        0xe ./hal-efr32/em_usart.o
                0x0000504c                USART_Enable
 *fill*         0x0000505a        0x2 
 .text.USART_Reset
                0x0000505c       0x44 ./hal-efr32/em_usart.o
                0x0000505c                USART_Reset
 .text.USART_InitAsync
                0x000050a0       0x60 ./hal-efr32/em_usart.o
                0x000050a0                USART_InitAsync
 .text.USART_InitSync
                0x00005100       0x84 ./hal-efr32/em_usart.o
                0x00005100                USART_InitSync
 .text.USART_Rx
                0x00005184        0xc ./hal-efr32/em_usart.o
                0x00005184                USART_Rx
 .text.USART_Tx
                0x00005190        0xa ./hal-efr32/em_usart.o
                0x00005190                USART_Tx
 .text.USART_TxDouble
                0x0000519a        0xa ./hal-efr32/em_usart.o
                0x0000519a                USART_TxDouble
 .text.GPIOINT_IRQDispatcher
                0x000051a4       0x2c ./hal-efr32/gpiointerrupt.o
 .text.GPIOINT_Init
                0x000051d0       0x1c ./hal-efr32/gpiointerrupt.o
                0x000051d0                GPIOINT_Init
 .text.GPIOINT_CallbackRegister
                0x000051ec       0x30 ./hal-efr32/gpiointerrupt.o
                0x000051ec                GPIOINT_CallbackRegister
 .text.GPIO_EVEN_IRQHandler
                0x0000521c       0x24 ./hal-efr32/gpiointerrupt.o
                0x0000521c                GPIO_EVEN_IRQHandler
 .text.GPIO_ODD_IRQHandler
                0x00005240       0x24 ./hal-efr32/gpiointerrupt.o
                0x00005240                GPIO_ODD_IRQHandler
 .text.halInit  0x00005264       0x12 ./hal-efr32/hal_common.o
                0x00005264                halInit
 .text.halCommonGetInt32uMillisecondTick
                0x00005276        0xe ./hal-efr32/hal_common.o
                0x00005276                halCommonGetInt32uMillisecondTick
 .text.usecDelay
                0x00005284       0x24 ./hal-efr32/hal_efr.o
 .text.halInitChipSpecific
                0x000052a8      0x170 ./hal-efr32/hal_efr.o
                0x000052a8                halInitChipSpecific
 .text.halGetDebugSignals
                0x00005418       0x10 ./hal-efr32/hal_efr.o
                0x00005418                halGetDebugSignals
 .text.halGetDebugPins
                0x00005428       0x10 ./hal-efr32/hal_efr.o
                0x00005428                halGetDebugPins
 .text.halDisablePrs
                0x00005438       0x10 ./hal-efr32/hal_efr.o
                0x00005438                halDisablePrs
 .text.halEnablePrs
                0x00005448       0x64 ./hal-efr32/hal_efr.o
                0x00005448                halEnablePrs
 .text._close   0x000054ac        0x4 ./hal-efr32/retargetio.o
                0x000054ac                _close
 .text._exit    0x000054b0        0x2 ./hal-efr32/retargetio.o
                0x000054b0                _exit
 .text._fstat   0x000054b2        0xa ./hal-efr32/retargetio.o
                0x000054b2                _fstat
 .text._isatty  0x000054bc        0x4 ./hal-efr32/retargetio.o
                0x000054bc                _isatty
 .text._lseek   0x000054c0        0x4 ./hal-efr32/retargetio.o
                0x000054c0                _lseek
 .text._read    0x000054c4       0x2a ./hal-efr32/retargetio.o
                0x000054c4                _read
 .text._write   0x000054ee       0x1c ./hal-efr32/retargetio.o
                0x000054ee                _write
 *fill*         0x0000550a        0x2 
 .text._sbrk    0x0000550c       0x48 ./hal-efr32/retargetio.o
                0x0000550c                _sbrk
 .text.USART0_RX_IRQHandler
                0x00005554       0x58 ./hal-efr32/retargetserial.o
                0x00005554                USART0_RX_IRQHandler
 .text.RETARGET_SerialCrLf
                0x000055ac       0x14 ./hal-efr32/retargetserial.o
                0x000055ac                RETARGET_SerialCrLf
 .text.RETARGET_SerialInit
                0x000055c0       0xcc ./hal-efr32/retargetserial.o
                0x000055c0                RETARGET_SerialInit
 .text.RETARGET_ReadChar
                0x0000568c       0x6c ./hal-efr32/retargetserial.o
                0x0000568c                RETARGET_ReadChar
 .text.RETARGET_WriteChar
                0x000056f8       0x4c ./hal-efr32/retargetserial.o
                0x000056f8                RETARGET_WriteChar
 .text.INT_Disable
                0x00005744       0x18 ./hal-efr32/rtcdriver.o
 .text.INT_Enable
                0x0000575c       0x14 ./hal-efr32/rtcdriver.o
 .text.checkAllTimers
                0x00005770       0xa0 ./hal-efr32/rtcdriver.o
 .text.executeTimerCallbacks
                0x00005810       0x24 ./hal-efr32/rtcdriver.o
 .text.rescheduleRtc
                0x00005834       0x78 ./hal-efr32/rtcdriver.o
 .text.RTCDRV_Init
                0x000058ac       0xbc ./hal-efr32/rtcdriver.o
                0x000058ac                RTCDRV_Init
 .text.RTCDRV_GetWallClockTicks64
                0x00005968       0x2c ./hal-efr32/rtcdriver.o
                0x00005968                RTCDRV_GetWallClockTicks64
 .text.RTCDRV_TicksToMsec
                0x00005994       0x1e ./hal-efr32/rtcdriver.o
                0x00005994                RTCDRV_TicksToMsec
 *fill*         0x000059b2        0x2 
 .text.RTCC_IRQHandler
                0x000059b4       0x84 ./hal-efr32/rtcdriver.o
                0x000059b4                RTCC_IRQHandler
 .text.UDELAY_Calibrate
                0x00005a38      0x1c8 ./hal-efr32/udelay.o
                0x00005a38                UDELAY_Calibrate
 .text.UDELAY_Delay
                0x00005c00       0x28 ./hal-efr32/udelay.o
                0x00005c00                UDELAY_Delay
 .text.USTIMER_Init
                0x00005c28       0xe0 ./hal-efr32/ustimer.o
                0x00005c28                USTIMER_Init
 .text.TIMER0_IRQHandler
                0x00005d08       0x20 ./hal-efr32/ustimer.o
                0x00005d08                TIMER0_IRQHandler
 .text.DISPLAY_Init
                0x00005d28       0x2c ./lcd-graphics/display.o
                0x00005d28                DISPLAY_Init
 .text.DISPLAY_DeviceGet
                0x00005d54       0x4c ./lcd-graphics/display.o
                0x00005d54                DISPLAY_DeviceGet
 .text.DISPLAY_DeviceRegister
                0x00005da0       0x58 ./lcd-graphics/display.o
                0x00005da0                DISPLAY_DeviceRegister
 .text.PixelMatrixAllocate
                0x00005df8       0x38 ./lcd-graphics/displayls013b7dh03.o
 .text.PixelMatrixFree
                0x00005e30        0x8 ./lcd-graphics/displayls013b7dh03.o
 .text.DriverRefresh
                0x00005e38        0xe ./lcd-graphics/displayls013b7dh03.o
 .text.PixelMatrixClear
                0x00005e46       0x20 ./lcd-graphics/displayls013b7dh03.o
 .text.PixelMatrixDraw
                0x00005e66       0x80 ./lcd-graphics/displayls013b7dh03.o
 .text.DisplayPolarityInverse
                0x00005ee6        0xe ./lcd-graphics/displayls013b7dh03.o
 .text.DisplayEnable
                0x00005ef4       0x18 ./lcd-graphics/displayls013b7dh03.o
 .text.DISPLAY_Ls013b7dh03Init
                0x00005f0c       0xec ./lcd-graphics/displayls013b7dh03.o
                0x00005f0c                DISPLAY_Ls013b7dh03Init
 .text.PAL_SpiInit
                0x00005ff8       0x50 ./lcd-graphics/displaypalemlib.o
                0x00005ff8                PAL_SpiInit
 .text.PAL_SpiTransmit
                0x00006048       0x3c ./lcd-graphics/displaypalemlib.o
                0x00006048                PAL_SpiTransmit
 .text.PAL_TimerInit
                0x00006084        0xa ./lcd-graphics/displaypalemlib.o
                0x00006084                PAL_TimerInit
 .text.PAL_TimerMicroSecondsDelay
                0x0000608e        0xa ./lcd-graphics/displaypalemlib.o
                0x0000608e                PAL_TimerMicroSecondsDelay
 .text.PAL_TimerRepeat
                0x00006098       0x14 ./lcd-graphics/displaypalemlib.o
                0x00006098                PAL_TimerRepeat
 .text.PAL_GpioInit
                0x000060ac       0x14 ./lcd-graphics/displaypalemlib.o
                0x000060ac                PAL_GpioInit
 .text.PAL_GpioPinModeSet
                0x000060c0       0x1c ./lcd-graphics/displaypalemlib.o
                0x000060c0                PAL_GpioPinModeSet
 .text.PAL_GpioPinOutSet
                0x000060dc       0x1c ./lcd-graphics/displaypalemlib.o
                0x000060dc                PAL_GpioPinOutSet
 .text.PAL_GpioPinOutClear
                0x000060f8       0x1c ./lcd-graphics/displaypalemlib.o
                0x000060f8                PAL_GpioPinOutClear
 .text.PAL_GpioPinOutToggle
                0x00006114       0x1a ./lcd-graphics/displaypalemlib.o
                0x00006114                PAL_GpioPinOutToggle
 *fill*         0x0000612e        0x2 
 .text.DMD_getDisplayGeometry
                0x00006130       0x1c ./lcd-graphics/dmd_display.o
                0x00006130                DMD_getDisplayGeometry
 .text.DMD_setClippingArea
                0x0000614c       0x40 ./lcd-graphics/dmd_display.o
                0x0000614c                DMD_setClippingArea
 .text.DMD_writeColor
                0x0000618c      0x168 ./lcd-graphics/dmd_display.o
                0x0000618c                DMD_writeColor
 .text.DMD_sleep
                0x000062f4        0xc ./lcd-graphics/dmd_display.o
                0x000062f4                DMD_sleep
 .text.DMD_wakeUp
                0x00006300        0xc ./lcd-graphics/dmd_display.o
                0x00006300                DMD_wakeUp
 .text.DMD_allocateFramebuffer
                0x0000630c       0x38 ./lcd-graphics/dmd_display.o
                0x0000630c                DMD_allocateFramebuffer
 .text.DMD_init
                0x00006344       0x70 ./lcd-graphics/dmd_display.o
                0x00006344                DMD_init
 .text.DMD_updateDisplay
                0x000063b4       0xa0 ./lcd-graphics/dmd_display.o
                0x000063b4                DMD_updateDisplay
 .text.GLIB_displayWakeUp
                0x00006454        0x4 ./lcd-graphics/glib.o
                0x00006454                GLIB_displayWakeUp
 .text.GLIB_displaySleep
                0x00006458        0x4 ./lcd-graphics/glib.o
                0x00006458                GLIB_displaySleep
 .text.GLIB_setClippingRegion
                0x0000645c       0x64 ./lcd-graphics/glib.o
                0x0000645c                GLIB_setClippingRegion
 .text.GLIB_contextInit
                0x000064c0       0x54 ./lcd-graphics/glib.o
                0x000064c0                GLIB_contextInit
 .text.GLIB_resetDisplayClippingArea
                0x00006514       0x14 ./lcd-graphics/glib.o
                0x00006514                GLIB_resetDisplayClippingArea
 .text.GLIB_clear
                0x00006528       0x32 ./lcd-graphics/glib.o
                0x00006528                GLIB_clear
 .text.GLIB_colorTranslate24bpp
                0x0000655a        0xe ./lcd-graphics/glib.o
                0x0000655a                GLIB_colorTranslate24bpp
 .text.GLIB_drawPixel
                0x00006568       0x38 ./lcd-graphics/glib.o
                0x00006568                GLIB_drawPixel
 .text.GLIB_drawPixelColor
                0x000065a0       0x36 ./lcd-graphics/glib.o
                0x000065a0                GLIB_drawPixelColor
 .text.GLIB_getClipCode
                0x000065d6       0x30 ./lcd-graphics/glib_line.o
 .text.GLIB_drawLineH
                0x00006606       0x76 ./lcd-graphics/glib_line.o
                0x00006606                GLIB_drawLineH
 .text.GLIB_drawLineV
                0x0000667c       0x9e ./lcd-graphics/glib_line.o
                0x0000667c                GLIB_drawLineV
 .text.GLIB_drawLine
                0x0000671a      0x180 ./lcd-graphics/glib_line.o
                0x0000671a                GLIB_drawLine
 .text.GLIB_drawPolygon
                0x0000689a       0x84 ./lcd-graphics/glib_polygon.o
                0x0000689a                GLIB_drawPolygon
 .text.GLIB_rectContainsPoint
                0x0000691e       0x24 ./lcd-graphics/glib_rectangle.o
                0x0000691e                GLIB_rectContainsPoint
 .text.GLIB_drawChar
                0x00006942      0x136 ./lcd-graphics/glib_string.o
                0x00006942                GLIB_drawChar
 .text.GLIB_drawString
                0x00006a78       0x7a ./lcd-graphics/glib_string.o
                0x00006a78                GLIB_drawString
 .text.GLIB_setFont
                0x00006af2       0x28 ./lcd-graphics/glib_string.o
                0x00006af2                GLIB_setFont
 .text.crossProduct
                0x00006b1a       0x20 ./lcd-graphics/graphics.o
 *fill*         0x00006b3a        0x2 
 .text.GRAPHICS_Init
                0x00006b3c       0x3c ./lcd-graphics/graphics.o
                0x00006b3c                GRAPHICS_Init
 .text.GRAPHICS_Sleep
                0x00006b78        0x4 ./lcd-graphics/graphics.o
                0x00006b78                GRAPHICS_Sleep
 .text.GRAPHICS_Wakeup
                0x00006b7c        0x4 ./lcd-graphics/graphics.o
                0x00006b7c                GRAPHICS_Wakeup
 .text.GRAPHICS_Update
                0x00006b80        0x4 ./lcd-graphics/graphics.o
                0x00006b80                GRAPHICS_Update
 .text.GRAPHICS_Clear
                0x00006b84       0x24 ./lcd-graphics/graphics.o
                0x00006b84                GRAPHICS_Clear
 .text.GRAPHICS_AppendString
                0x00006ba8       0x44 ./lcd-graphics/graphics.o
                0x00006ba8                GRAPHICS_AppendString
 .text.GRAPHICS_InsertTriangle
                0x00006bec      0x10c ./lcd-graphics/graphics.o
                0x00006bec                GRAPHICS_InsertTriangle
 .text.rtcIntCallbackRegister
                0x00006cf8        0x4 ./lcd-graphics/graphics.o
                0x00006cf8                rtcIntCallbackRegister
 .text.responsePrintInternal
                0x00006cfc      0x128 ./response-printf/response_print.o
 .text.responsePrintHeader
                0x00006e24       0x30 ./response-printf/response_print.o
                0x00006e24                responsePrintHeader
 .text.responsePrintMulti
                0x00006e54       0x24 ./response-printf/response_print.o
                0x00006e54                responsePrintMulti
 .text.responsePrint
                0x00006e78       0x24 ./response-printf/response_print.o
                0x00006e78                responsePrint
 .text.responsePrintError
                0x00006e9c       0x60 ./response-printf/response_print.o
                0x00006e9c                responsePrintError
 .text.apcConfigure
                0x00006efc       0x70 D:/SiliconLabs/SimplicityStudio/v4/developer/stacks/rail/v1.3.1.0//autogen/librail_release/\librail_efr32_gcc_release.a(pa.o)
 .text.PA_OutputPowerGet
                0x00006f6c        0xc D:/SiliconLabs/SimplicityStudio/v4/developer/stacks/rail/v1.3.1.0//autogen/librail_release/\librail_efr32_gcc_release.a(pa.o)
                0x00006f6c                PA_OutputPowerGet
 .text.PA_20dbmConfigSet
                0x00006f78       0x50 D:/SiliconLabs/SimplicityStudio/v4/developer/stacks/rail/v1.3.1.0//autogen/librail_release/\librail_efr32_gcc_release.a(pa.o)
                0x00006f78                PA_20dbmConfigSet
 .text.PA_0dbmConfigSet
                0x00006fc8       0x54 D:/SiliconLabs/SimplicityStudio/v4/developer/stacks/rail/v1.3.1.0//autogen/librail_release/\librail_efr32_gcc_release.a(pa.o)
                0x00006fc8                PA_0dbmConfigSet
 .text.PA_SubGhz20dbmConfigSet
                0x0000701c       0x2c D:/SiliconLabs/SimplicityStudio/v4/developer/stacks/rail/v1.3.1.0//autogen/librail_release/\librail_efr32_gcc_release.a(pa.o)
                0x0000701c                PA_SubGhz20dbmConfigSet
 .text.PA_PowerModeConfigSet
                0x00007048       0x1c D:/SiliconLabs/SimplicityStudio/v4/developer/stacks/rail/v1.3.1.0//autogen/librail_release/\librail_efr32_gcc_release.a(pa.o)
                0x00007048                PA_PowerModeConfigSet
 .text.PA_StripesAndSlicesSet
                0x00007064       0x90 D:/SiliconLabs/SimplicityStudio/v4/developer/stacks/rail/v1.3.1.0//autogen/librail_release/\librail_efr32_gcc_release.a(pa.o)
                0x00007064                PA_StripesAndSlicesSet
 .text.PA_StripesAndSlicesCommonCalc
                0x000070f4       0x50 D:/SiliconLabs/SimplicityStudio/v4/developer/stacks/rail/v1.3.1.0//autogen/librail_release/\librail_efr32_gcc_release.a(pa.o)
                0x000070f4                PA_StripesAndSlicesCommonCalc
 .text.PA_PowerFromStripesAndSlicesCommonCalc
                0x00007144       0x36 D:/SiliconLabs/SimplicityStudio/v4/developer/stacks/rail/v1.3.1.0//autogen/librail_release/\librail_efr32_gcc_release.a(pa.o)
                0x00007144                PA_PowerFromStripesAndSlicesCommonCalc
 *fill*         0x0000717a        0x2 
 .text.PA_PowerLevelOptimize
                0x0000717c       0x6c D:/SiliconLabs/SimplicityStudio/v4/developer/stacks/rail/v1.3.1.0//autogen/librail_release/\librail_efr32_gcc_release.a(pa.o)
                0x0000717c                PA_PowerLevelOptimize
 .text.PA_StripesAndSlicesCalc
                0x000071e8       0x94 D:/SiliconLabs/SimplicityStudio/v4/developer/stacks/rail/v1.3.1.0//autogen/librail_release/\librail_efr32_gcc_release.a(pa.o)
                0x000071e8                PA_StripesAndSlicesCalc
 .text.PA_OutputPowerSet
                0x0000727c       0x14 D:/SiliconLabs/SimplicityStudio/v4/developer/stacks/rail/v1.3.1.0//autogen/librail_release/\librail_efr32_gcc_release.a(pa.o)
                0x0000727c                PA_OutputPowerSet
 .text.PA_PeakDetectorHighRun
                0x00007290       0x4c D:/SiliconLabs/SimplicityStudio/v4/developer/stacks/rail/v1.3.1.0//autogen/librail_release/\librail_efr32_gcc_release.a(pa.o)
                0x00007290                PA_PeakDetectorHighRun
 .text.PA_PeakDetectorLowRun
                0x000072dc       0x20 D:/SiliconLabs/SimplicityStudio/v4/developer/stacks/rail/v1.3.1.0//autogen/librail_release/\librail_efr32_gcc_release.a(pa.o)
                0x000072dc                PA_PeakDetectorLowRun
 .text.PA_BatHighRun
                0x000072fc       0x3c D:/SiliconLabs/SimplicityStudio/v4/developer/stacks/rail/v1.3.1.0//autogen/librail_release/\librail_efr32_gcc_release.a(pa.o)
                0x000072fc                PA_BatHighRun
 .text.PA_RampTimeGet
                0x00007338        0xc D:/SiliconLabs/SimplicityStudio/v4/developer/stacks/rail/v1.3.1.0//autogen/librail_release/\librail_efr32_gcc_release.a(pa.o)
                0x00007338                PA_RampTimeGet
 .text.PA_RampConfigSet
                0x00007344       0x20 D:/SiliconLabs/SimplicityStudio/v4/developer/stacks/rail/v1.3.1.0//autogen/librail_release/\librail_efr32_gcc_release.a(pa.o)
                0x00007344                PA_RampConfigSet
 .text.PA_RampTimeCalc
                0x00007364       0x40 D:/SiliconLabs/SimplicityStudio/v4/developer/stacks/rail/v1.3.1.0//autogen/librail_release/\librail_efr32_gcc_release.a(pa.o)
                0x00007364                PA_RampTimeCalc
 .text.PA_RampTimeSet
                0x000073a4       0x84 D:/SiliconLabs/SimplicityStudio/v4/developer/stacks/rail/v1.3.1.0//autogen/librail_release/\librail_efr32_gcc_release.a(pa.o)
                0x000073a4                PA_RampTimeSet
 .text.PA_CTuneSet
                0x00007428       0x24 D:/SiliconLabs/SimplicityStudio/v4/developer/stacks/rail/v1.3.1.0//autogen/librail_release/\librail_efr32_gcc_release.a(pa.o)
                0x00007428                PA_CTuneSet
 .text.PA_BandSelect
                0x0000744c       0x48 D:/SiliconLabs/SimplicityStudio/v4/developer/stacks/rail/v1.3.1.0//autogen/librail_release/\librail_efr32_gcc_release.a(pa.o)
                0x0000744c                PA_BandSelect
 .text.RADIO_PA_Init
                0x00007494       0x98 D:/SiliconLabs/SimplicityStudio/v4/developer/stacks/rail/v1.3.1.0//autogen/librail_release/\librail_efr32_gcc_release.a(pa.o)
                0x00007494                RADIO_PA_Init
 .text.RADIO_PTI_Init
                0x0000752c       0xb8 D:/SiliconLabs/SimplicityStudio/v4/developer/stacks/rail/v1.3.1.0//autogen/librail_release/\librail_efr32_gcc_release.a(pti.o)
                0x0000752c                RADIO_PTI_Init
 .text.RADIO_PTI_Enable
                0x000075e4       0x50 D:/SiliconLabs/SimplicityStudio/v4/developer/stacks/rail/v1.3.1.0//autogen/librail_release/\librail_efr32_gcc_release.a(pti.o)
                0x000075e4                RADIO_PTI_Enable
 .text.RADIO_PTI_AuxdataOutput
                0x00007634       0x1c D:/SiliconLabs/SimplicityStudio/v4/developer/stacks/rail/v1.3.1.0//autogen/librail_release/\librail_efr32_gcc_release.a(pti.o)
                0x00007634                RADIO_PTI_AuxdataOutput
 .text.INT_Disable
                0x00007650       0x18 D:/SiliconLabs/SimplicityStudio/v4/developer/stacks/rail/v1.3.1.0//autogen/librail_release/\librail_efr32_gcc_release.a(radio.o)
 .text.INT_Enable
                0x00007668       0x14 D:/SiliconLabs/SimplicityStudio/v4/developer/stacks/rail/v1.3.1.0//autogen/librail_release/\librail_efr32_gcc_release.a(radio.o)
 .text.RADIO_BUFCWriteContSync
                0x0000767c       0x30 D:/SiliconLabs/SimplicityStudio/v4/developer/stacks/rail/v1.3.1.0//autogen/librail_release/\librail_efr32_gcc_release.a(radio.o)
 .text.RADIO_BUFCClear
                0x000076ac       0x1a D:/SiliconLabs/SimplicityStudio/v4/developer/stacks/rail/v1.3.1.0//autogen/librail_release/\librail_efr32_gcc_release.a(radio.o)
 .text.RADIO_WriteSync
                0x000076c6        0x4 D:/SiliconLabs/SimplicityStudio/v4/developer/stacks/rail/v1.3.1.0//autogen/librail_release/\librail_efr32_gcc_release.a(radio.o)
 .text.RADIO_OrSync
                0x000076ca        0x8 D:/SiliconLabs/SimplicityStudio/v4/developer/stacks/rail/v1.3.1.0//autogen/librail_release/\librail_efr32_gcc_release.a(radio.o)
 .text.RADIO_XorSync
                0x000076d2        0x8 D:/SiliconLabs/SimplicityStudio/v4/developer/stacks/rail/v1.3.1.0//autogen/librail_release/\librail_efr32_gcc_release.a(radio.o)
 .text.RADIO_AndSync
                0x000076da        0x8 D:/SiliconLabs/SimplicityStudio/v4/developer/stacks/rail/v1.3.1.0//autogen/librail_release/\librail_efr32_gcc_release.a(radio.o)
 .text.RADIO_WaitForSetSync
                0x000076e2       0x1a D:/SiliconLabs/SimplicityStudio/v4/developer/stacks/rail/v1.3.1.0//autogen/librail_release/\librail_efr32_gcc_release.a(radio.o)
 .text.RADIO_UsToStimerTickCalc
                0x000076fc       0x2c D:/SiliconLabs/SimplicityStudio/v4/developer/stacks/rail/v1.3.1.0//autogen/librail_release/\librail_efr32_gcc_release.a(radio.o)
 .text.RADIO_Delay
                0x00007728        0x6 D:/SiliconLabs/SimplicityStudio/v4/developer/stacks/rail/v1.3.1.0//autogen/librail_release/\librail_efr32_gcc_release.a(radio.o)
 .text.RADIO_SetBitSync
                0x0000772e       0x10 D:/SiliconLabs/SimplicityStudio/v4/developer/stacks/rail/v1.3.1.0//autogen/librail_release/\librail_efr32_gcc_release.a(radio.o)
 .text.RADIO_ClrBitSync
                0x0000773e       0x10 D:/SiliconLabs/SimplicityStudio/v4/developer/stacks/rail/v1.3.1.0//autogen/librail_release/\librail_efr32_gcc_release.a(radio.o)
 *fill*         0x0000774e        0x2 
 .text.RADIO_SetAndForgetWrite
                0x00007750       0x78 D:/SiliconLabs/SimplicityStudio/v4/developer/stacks/rail/v1.3.1.0//autogen/librail_release/\librail_efr32_gcc_release.a(radio.o)
                0x00007750                RADIO_SetAndForgetWrite
 .text.RADIO_SeqInit
                0x000077c8       0x70 D:/SiliconLabs/SimplicityStudio/v4/developer/stacks/rail/v1.3.1.0//autogen/librail_release/\librail_efr32_gcc_release.a(radio.o)
                0x000077c8                RADIO_SeqInit
 .text.RADIO_CLKEnable
                0x00007838       0x68 D:/SiliconLabs/SimplicityStudio/v4/developer/stacks/rail/v1.3.1.0//autogen/librail_release/\librail_efr32_gcc_release.a(radio.o)
                0x00007838                RADIO_CLKEnable
 .text.RADIO_Config
                0x000078a0       0x64 D:/SiliconLabs/SimplicityStudio/v4/developer/stacks/rail/v1.3.1.0//autogen/librail_release/\librail_efr32_gcc_release.a(radio.o)
                0x000078a0                RADIO_Config
 .text.RADIO_RegisterIrqCallback
                0x00007904        0xc D:/SiliconLabs/SimplicityStudio/v4/developer/stacks/rail/v1.3.1.0//autogen/librail_release/\librail_efr32_gcc_release.a(radio.o)
                0x00007904                RADIO_RegisterIrqCallback
 .text.FRC_PRI_IRQHandler
                0x00007910        0xc D:/SiliconLabs/SimplicityStudio/v4/developer/stacks/rail/v1.3.1.0//autogen/librail_release/\librail_efr32_gcc_release.a(radio.o)
                0x00007910                FRC_PRI_IRQHandler
 .text.FRC_IRQHandler
                0x0000791c        0xc D:/SiliconLabs/SimplicityStudio/v4/developer/stacks/rail/v1.3.1.0//autogen/librail_release/\librail_efr32_gcc_release.a(radio.o)
                0x0000791c                FRC_IRQHandler
 .text.RAC_RSM_IRQHandler
                0x00007928        0xc D:/SiliconLabs/SimplicityStudio/v4/developer/stacks/rail/v1.3.1.0//autogen/librail_release/\librail_efr32_gcc_release.a(radio.o)
                0x00007928                RAC_RSM_IRQHandler
 .text.RAC_SEQ_IRQHandler
                0x00007934        0xc D:/SiliconLabs/SimplicityStudio/v4/developer/stacks/rail/v1.3.1.0//autogen/librail_release/\librail_efr32_gcc_release.a(radio.o)
                0x00007934                RAC_SEQ_IRQHandler
 .text.AGC_IRQHandler
                0x00007940        0xc D:/SiliconLabs/SimplicityStudio/v4/developer/stacks/rail/v1.3.1.0//autogen/librail_release/\librail_efr32_gcc_release.a(radio.o)
                0x00007940                AGC_IRQHandler
 .text.PROTIMER_IRQHandler
                0x0000794c        0xc D:/SiliconLabs/SimplicityStudio/v4/developer/stacks/rail/v1.3.1.0//autogen/librail_release/\librail_efr32_gcc_release.a(radio.o)
                0x0000794c                PROTIMER_IRQHandler
 .text.BUFC_IRQHandler
                0x00007958        0xc D:/SiliconLabs/SimplicityStudio/v4/developer/stacks/rail/v1.3.1.0//autogen/librail_release/\librail_efr32_gcc_release.a(radio.o)
                0x00007958                BUFC_IRQHandler
 .text.MODEM_IRQHandler
                0x00007964        0xc D:/SiliconLabs/SimplicityStudio/v4/developer/stacks/rail/v1.3.1.0//autogen/librail_release/\librail_efr32_gcc_release.a(radio.o)
                0x00007964                MODEM_IRQHandler
 .text.RADIO_TxBufferSet
                0x00007970       0x58 D:/SiliconLabs/SimplicityStudio/v4/developer/stacks/rail/v1.3.1.0//autogen/librail_release/\librail_efr32_gcc_release.a(radio.o)
                0x00007970                RADIO_TxBufferSet
 .text.RADIO_TxBufferReset
                0x000079c8        0xc D:/SiliconLabs/SimplicityStudio/v4/developer/stacks/rail/v1.3.1.0//autogen/librail_release/\librail_efr32_gcc_release.a(radio.o)
                0x000079c8                RADIO_TxBufferReset
 .text.RADIO_TxAckBufferSet
                0x000079d4       0x24 D:/SiliconLabs/SimplicityStudio/v4/developer/stacks/rail/v1.3.1.0//autogen/librail_release/\librail_efr32_gcc_release.a(radio.o)
                0x000079d4                RADIO_TxAckBufferSet
 .text.RADIO_TxAckBufferReset
                0x000079f8        0x8 D:/SiliconLabs/SimplicityStudio/v4/developer/stacks/rail/v1.3.1.0//autogen/librail_release/\librail_efr32_gcc_release.a(radio.o)
                0x000079f8                RADIO_TxAckBufferReset
 .text.RADIO_RXBufferEnableThrInt
                0x00007a00       0x14 D:/SiliconLabs/SimplicityStudio/v4/developer/stacks/rail/v1.3.1.0//autogen/librail_release/\librail_efr32_gcc_release.a(radio.o)
                0x00007a00                RADIO_RXBufferEnableThrInt
 .text.RADIO_RXBufferDisableThrInt
                0x00007a14       0x14 D:/SiliconLabs/SimplicityStudio/v4/developer/stacks/rail/v1.3.1.0//autogen/librail_release/\librail_efr32_gcc_release.a(radio.o)
                0x00007a14                RADIO_RXBufferDisableThrInt
 .text.RADIO_RxBufferSet
                0x00007a28       0x1c D:/SiliconLabs/SimplicityStudio/v4/developer/stacks/rail/v1.3.1.0//autogen/librail_release/\librail_efr32_gcc_release.a(radio.o)
                0x00007a28                RADIO_RxBufferSet
 .text.RADIO_RxBufferGet
                0x00007a44        0xc D:/SiliconLabs/SimplicityStudio/v4/developer/stacks/rail/v1.3.1.0//autogen/librail_release/\librail_efr32_gcc_release.a(radio.o)
                0x00007a44                RADIO_RxBufferGet
 .text.RADIO_RxBufferReset
                0x00007a50       0x1c D:/SiliconLabs/SimplicityStudio/v4/developer/stacks/rail/v1.3.1.0//autogen/librail_release/\librail_efr32_gcc_release.a(radio.o)
                0x00007a50                RADIO_RxBufferReset
 .text.RADIO_BUFCIrqHandler
                0x00007a6c       0xa4 D:/SiliconLabs/SimplicityStudio/v4/developer/stacks/rail/v1.3.1.0//autogen/librail_release/\librail_efr32_gcc_release.a(radio.o)
 .text.RADIO_RxTrailDataLength
                0x00007b10       0x3c D:/SiliconLabs/SimplicityStudio/v4/developer/stacks/rail/v1.3.1.0//autogen/librail_release/\librail_efr32_gcc_release.a(radio.o)
                0x00007b10                RADIO_RxTrailDataLength
 .text.RADIO_RxBufferPacketAvailable
                0x00007b4c       0x18 D:/SiliconLabs/SimplicityStudio/v4/developer/stacks/rail/v1.3.1.0//autogen/librail_release/\librail_efr32_gcc_release.a(radio.o)
                0x00007b4c                RADIO_RxBufferPacketAvailable
 .text.RADIO_RxBufferBytesAvailable
                0x00007b64       0x10 D:/SiliconLabs/SimplicityStudio/v4/developer/stacks/rail/v1.3.1.0//autogen/librail_release/\librail_efr32_gcc_release.a(radio.o)
                0x00007b64                RADIO_RxBufferBytesAvailable
 .text.RADIO_TxBufferBytesAvailable
                0x00007b74       0x10 D:/SiliconLabs/SimplicityStudio/v4/developer/stacks/rail/v1.3.1.0//autogen/librail_release/\librail_efr32_gcc_release.a(radio.o)
                0x00007b74                RADIO_TxBufferBytesAvailable
 .text.RADIO_RxBufferReadByte
                0x00007b84        0xc D:/SiliconLabs/SimplicityStudio/v4/developer/stacks/rail/v1.3.1.0//autogen/librail_release/\librail_efr32_gcc_release.a(radio.o)
                0x00007b84                RADIO_RxBufferReadByte
 .text.RADIO_FrameControlDescrBufferIdSet
                0x00007b90       0x24 D:/SiliconLabs/SimplicityStudio/v4/developer/stacks/rail/v1.3.1.0//autogen/librail_release/\librail_efr32_gcc_release.a(radio.o)
                0x00007b90                RADIO_FrameControlDescrBufferIdSet
 .text.RADIO_Init
                0x00007bb4      0x108 D:/SiliconLabs/SimplicityStudio/v4/developer/stacks/rail/v1.3.1.0//autogen/librail_release/\librail_efr32_gcc_release.a(radio.o)
                0x00007bb4                RADIO_Init
 .text.RADIO_FrameControlDescrConfigSet
                0x00007cbc       0x42 D:/SiliconLabs/SimplicityStudio/v4/developer/stacks/rail/v1.3.1.0//autogen/librail_release/\librail_efr32_gcc_release.a(radio.o)
                0x00007cbc                RADIO_FrameControlDescrConfigSet
 .text.RADIO_FrameDescsConfig
                0x00007cfe       0x2e D:/SiliconLabs/SimplicityStudio/v4/developer/stacks/rail/v1.3.1.0//autogen/librail_release/\librail_efr32_gcc_release.a(radio.o)
                0x00007cfe                RADIO_FrameDescsConfig
 .text.RADIO_BUFCReadContASync
                0x00007d2c       0x1c D:/SiliconLabs/SimplicityStudio/v4/developer/stacks/rail/v1.3.1.0//autogen/librail_release/\librail_efr32_gcc_release.a(radio.o)
                0x00007d2c                RADIO_BUFCReadContASync
 .text.RADIO_RxBufferReadBytes
                0x00007d48        0xc D:/SiliconLabs/SimplicityStudio/v4/developer/stacks/rail/v1.3.1.0//autogen/librail_release/\librail_efr32_gcc_release.a(radio.o)
                0x00007d48                RADIO_RxBufferReadBytes
 .text.RADIO_RxBufferDropBytes
                0x00007d54       0x1a D:/SiliconLabs/SimplicityStudio/v4/developer/stacks/rail/v1.3.1.0//autogen/librail_release/\librail_efr32_gcc_release.a(radio.o)
                0x00007d54                RADIO_RxBufferDropBytes
 .text.RADIO_RxLengthReadNext
                0x00007d6e       0x28 D:/SiliconLabs/SimplicityStudio/v4/developer/stacks/rail/v1.3.1.0//autogen/librail_release/\librail_efr32_gcc_release.a(radio.o)
                0x00007d6e                RADIO_RxLengthReadNext
 .text.RADIO_FRCErrorHandle
                0x00007d96        0x4 D:/SiliconLabs/SimplicityStudio/v4/developer/stacks/rail/v1.3.1.0//autogen/librail_release/\librail_efr32_gcc_release.a(radio.o)
                0x00007d96                RADIO_FRCErrorHandle
 *fill*         0x00007d9a        0x2 
 .text.RADIO_TxWarmTimeSet
                0x00007d9c       0x44 D:/SiliconLabs/SimplicityStudio/v4/developer/stacks/rail/v1.3.1.0//autogen/librail_release/\librail_efr32_gcc_release.a(radio.o)
                0x00007d9c                RADIO_TxWarmTimeSet
 .text.RADIO_TxWarmTimeGet
                0x00007de0        0xc D:/SiliconLabs/SimplicityStudio/v4/developer/stacks/rail/v1.3.1.0//autogen/librail_release/\librail_efr32_gcc_release.a(radio.o)
                0x00007de0                RADIO_TxWarmTimeGet
 .text.RADIO_RxToTxTimeSet
                0x00007dec       0x3c D:/SiliconLabs/SimplicityStudio/v4/developer/stacks/rail/v1.3.1.0//autogen/librail_release/\librail_efr32_gcc_release.a(radio.o)
                0x00007dec                RADIO_RxToTxTimeSet
 .text.RADIO_RxFrameToTxTimeSet
                0x00007e28       0x3c D:/SiliconLabs/SimplicityStudio/v4/developer/stacks/rail/v1.3.1.0//autogen/librail_release/\librail_efr32_gcc_release.a(radio.o)
                0x00007e28                RADIO_RxFrameToTxTimeSet
 .text.RADIO_TxToTxTimeSet
                0x00007e64       0x50 D:/SiliconLabs/SimplicityStudio/v4/developer/stacks/rail/v1.3.1.0//autogen/librail_release/\librail_efr32_gcc_release.a(radio.o)
                0x00007e64                RADIO_TxToTxTimeSet
 .text.RADIO_TxToRxTimeSet
                0x00007eb4       0x2c D:/SiliconLabs/SimplicityStudio/v4/developer/stacks/rail/v1.3.1.0//autogen/librail_release/\librail_efr32_gcc_release.a(radio.o)
                0x00007eb4                RADIO_TxToRxTimeSet
 .text.RADIO_RxWarmTimeSet
                0x00007ee0       0x30 D:/SiliconLabs/SimplicityStudio/v4/developer/stacks/rail/v1.3.1.0//autogen/librail_release/\librail_efr32_gcc_release.a(radio.o)
                0x00007ee0                RADIO_RxWarmTimeSet
 .text.RADIO_RxWarmTimeGet
                0x00007f10        0xc D:/SiliconLabs/SimplicityStudio/v4/developer/stacks/rail/v1.3.1.0//autogen/librail_release/\librail_efr32_gcc_release.a(radio.o)
                0x00007f10                RADIO_RxWarmTimeGet
 .text.RADIO_RxSearchTimeSet
                0x00007f1c       0x20 D:/SiliconLabs/SimplicityStudio/v4/developer/stacks/rail/v1.3.1.0//autogen/librail_release/\librail_efr32_gcc_release.a(radio.o)
                0x00007f1c                RADIO_RxSearchTimeSet
 .text.RADIO_TxToRxSearchTimeSet
                0x00007f3c       0x20 D:/SiliconLabs/SimplicityStudio/v4/developer/stacks/rail/v1.3.1.0//autogen/librail_release/\librail_efr32_gcc_release.a(radio.o)
                0x00007f3c                RADIO_TxToRxSearchTimeSet
 .text.RADIO_ComputeTxBaudrate
                0x00007f5c       0x20 D:/SiliconLabs/SimplicityStudio/v4/developer/stacks/rail/v1.3.1.0//autogen/librail_release/\librail_efr32_gcc_release.a(radio.o)
                0x00007f5c                RADIO_ComputeTxBaudrate
 .text.RADIO_ComputeTxSymbolRate
                0x00007f7c       0x24 D:/SiliconLabs/SimplicityStudio/v4/developer/stacks/rail/v1.3.1.0//autogen/librail_release/\librail_efr32_gcc_release.a(radio.o)
                0x00007f7c                RADIO_ComputeTxSymbolRate
 .text.RADIO_ComputeTxBitRate
                0x00007fa0       0x50 D:/SiliconLabs/SimplicityStudio/v4/developer/stacks/rail/v1.3.1.0//autogen/librail_release/\librail_efr32_gcc_release.a(radio.o)
                0x00007fa0                RADIO_ComputeTxBitRate
 .text.RADIO_GetRSSI
                0x00007ff0       0x4c D:/SiliconLabs/SimplicityStudio/v4/developer/stacks/rail/v1.3.1.0//autogen/librail_release/\librail_efr32_gcc_release.a(radio.o)
                0x00007ff0                RADIO_GetRSSI
 .text.RADIO_SetCRCInitVal
                0x0000803c       0x10 D:/SiliconLabs/SimplicityStudio/v4/developer/stacks/rail/v1.3.1.0//autogen/librail_release/\librail_efr32_gcc_release.a(radio.o)
                0x0000803c                RADIO_SetCRCInitVal
 .text.setupPnForTest
                0x0000804c       0x4c D:/SiliconLabs/SimplicityStudio/v4/developer/stacks/rail/v1.3.1.0//autogen/librail_release/\librail_efr32_gcc_release.a(rf_test.o)
 .text.RFTEST_StartRx
                0x00008098       0x20 D:/SiliconLabs/SimplicityStudio/v4/developer/stacks/rail/v1.3.1.0//autogen/librail_release/\librail_efr32_gcc_release.a(rf_test.o)
                0x00008098                RFTEST_StartRx
 .text.RFTEST_StopRx
                0x000080b8       0x3c D:/SiliconLabs/SimplicityStudio/v4/developer/stacks/rail/v1.3.1.0//autogen/librail_release/\librail_efr32_gcc_release.a(rf_test.o)
                0x000080b8                RFTEST_StopRx
 .text.RFTEST_SaveRadioConfiguration
                0x000080f4       0x7c D:/SiliconLabs/SimplicityStudio/v4/developer/stacks/rail/v1.3.1.0//autogen/librail_release/\librail_efr32_gcc_release.a(rf_test.o)
                0x000080f4                RFTEST_SaveRadioConfiguration
 .text.RFTEST_RestoreRadioConfiguration
                0x00008170       0x7c D:/SiliconLabs/SimplicityStudio/v4/developer/stacks/rail/v1.3.1.0//autogen/librail_release/\librail_efr32_gcc_release.a(rf_test.o)
                0x00008170                RFTEST_RestoreRadioConfiguration
 .text.RFTEST_StartCwTx
                0x000081ec       0x50 D:/SiliconLabs/SimplicityStudio/v4/developer/stacks/rail/v1.3.1.0//autogen/librail_release/\librail_efr32_gcc_release.a(rf_test.o)
                0x000081ec                RFTEST_StartCwTx
 .text.RFTEST_StartStreamTx
                0x0000823c       0x2c D:/SiliconLabs/SimplicityStudio/v4/developer/stacks/rail/v1.3.1.0//autogen/librail_release/\librail_efr32_gcc_release.a(rf_test.o)
                0x0000823c                RFTEST_StartStreamTx
 .text.RFTEST_StopTx
                0x00008268       0x24 D:/SiliconLabs/SimplicityStudio/v4/developer/stacks/rail/v1.3.1.0//autogen/librail_release/\librail_efr32_gcc_release.a(rf_test.o)
                0x00008268                RFTEST_StopTx
 .text.RFTEST_BerStop
                0x0000828c       0x14 D:/SiliconLabs/SimplicityStudio/v4/developer/stacks/rail/v1.3.1.0//autogen/librail_release/\librail_efr32_gcc_release.a(rf_test.o)
                0x0000828c                RFTEST_BerStop
 .text.RFTEST_BerEmptyBufcAndUpdateStats
                0x000082a0       0xa0 D:/SiliconLabs/SimplicityStudio/v4/developer/stacks/rail/v1.3.1.0//autogen/librail_release/\librail_efr32_gcc_release.a(rf_test.o)
                0x000082a0                RFTEST_BerEmptyBufcAndUpdateStats
 .text.RFTEST_ResetBerStats
                0x00008340       0x54 D:/SiliconLabs/SimplicityStudio/v4/developer/stacks/rail/v1.3.1.0//autogen/librail_release/\librail_efr32_gcc_release.a(rf_test.o)
                0x00008340                RFTEST_ResetBerStats
 .text.RFTEST_ReportBerStats
                0x00008394       0x14 D:/SiliconLabs/SimplicityStudio/v4/developer/stacks/rail/v1.3.1.0//autogen/librail_release/\librail_efr32_gcc_release.a(rf_test.o)
                0x00008394                RFTEST_ReportBerStats
 .text.SYNTH_RfFreqGet
                0x000083a8        0xc D:/SiliconLabs/SimplicityStudio/v4/developer/stacks/rail/v1.3.1.0//autogen/librail_release/\librail_efr32_gcc_release.a(synth.o)
                0x000083a8                SYNTH_RfFreqGet
 .text.SYNTH_ChSpacingGet
                0x000083b4        0xc D:/SiliconLabs/SimplicityStudio/v4/developer/stacks/rail/v1.3.1.0//autogen/librail_release/\librail_efr32_gcc_release.a(synth.o)
                0x000083b4                SYNTH_ChSpacingGet
 .text.SYNTH_IfFreqGet
                0x000083c0        0xc D:/SiliconLabs/SimplicityStudio/v4/developer/stacks/rail/v1.3.1.0//autogen/librail_release/\librail_efr32_gcc_release.a(synth.o)
                0x000083c0                SYNTH_IfFreqGet
 .text.SYNTH_IfFreqCompute
                0x000083cc       0x4c D:/SiliconLabs/SimplicityStudio/v4/developer/stacks/rail/v1.3.1.0//autogen/librail_release/\librail_efr32_gcc_release.a(synth.o)
                0x000083cc                SYNTH_IfFreqCompute
 .text.SYNTH_LoDivGet
                0x00008418       0x20 D:/SiliconLabs/SimplicityStudio/v4/developer/stacks/rail/v1.3.1.0//autogen/librail_release/\librail_efr32_gcc_release.a(synth.o)
                0x00008418                SYNTH_LoDivGet
 .text.SYNTH_Is2p4GHz
                0x00008438       0x14 D:/SiliconLabs/SimplicityStudio/v4/developer/stacks/rail/v1.3.1.0//autogen/librail_release/\librail_efr32_gcc_release.a(synth.o)
                0x00008438                SYNTH_Is2p4GHz
 *fill*         0x0000844c        0x4 
 .text.SYNTH_VcoRangeIsValid
                0x00008450       0x58 D:/SiliconLabs/SimplicityStudio/v4/developer/stacks/rail/v1.3.1.0//autogen/librail_release/\librail_efr32_gcc_release.a(synth.o)
                0x00008450                SYNTH_VcoRangeIsValid
 .text.SYNTH_RetimeLimitsConfig
                0x000084a8       0x44 D:/SiliconLabs/SimplicityStudio/v4/developer/stacks/rail/v1.3.1.0//autogen/librail_release/\librail_efr32_gcc_release.a(synth.o)
                0x000084a8                SYNTH_RetimeLimitsConfig
 .text.SYNTH_RetimeClkConfig
                0x000084ec       0xb0 D:/SiliconLabs/SimplicityStudio/v4/developer/stacks/rail/v1.3.1.0//autogen/librail_release/\librail_efr32_gcc_release.a(synth.o)
                0x000084ec                SYNTH_RetimeClkConfig
 .text.SYNTH_Config
                0x0000859c      0x100 D:/SiliconLabs/SimplicityStudio/v4/developer/stacks/rail/v1.3.1.0//autogen/librail_release/\librail_efr32_gcc_release.a(synth.o)
                0x0000859c                SYNTH_Config
 .text.SYNTH_ChannelSet
                0x0000869c       0x2c D:/SiliconLabs/SimplicityStudio/v4/developer/stacks/rail/v1.3.1.0//autogen/librail_release/\librail_efr32_gcc_release.a(synth.o)
                0x0000869c                SYNTH_ChannelSet
 .text.SYNTH_DCDCRetimeEnable
                0x000086c8        0xc D:/SiliconLabs/SimplicityStudio/v4/developer/stacks/rail/v1.3.1.0//autogen/librail_release/\librail_efr32_gcc_release.a(synth.o)
                0x000086c8                SYNTH_DCDCRetimeEnable
 .text.SYNTH_DCDCRetimeClkSet
                0x000086d4       0x24 D:/SiliconLabs/SimplicityStudio/v4/developer/stacks/rail/v1.3.1.0//autogen/librail_release/\librail_efr32_gcc_release.a(synth.o)
                0x000086d4                SYNTH_DCDCRetimeClkSet
 .text.RADIOCMU_ClockEnable
                0x000086f8       0x3c D:/SiliconLabs/SimplicityStudio/v4/developer/stacks/rail/v1.3.1.0//autogen/librail_release/\librail_efr32_gcc_release.a(radio_cmu.o)
                0x000086f8                RADIOCMU_ClockEnable
 .text.RADIOCMU_ClockFreqGet
                0x00008734       0x88 D:/SiliconLabs/SimplicityStudio/v4/developer/stacks/rail/v1.3.1.0//autogen/librail_release/\librail_efr32_gcc_release.a(radio_cmu.o)
                0x00008734                RADIOCMU_ClockFreqGet
 .text.RADIOCMU_ClockPrescGet
                0x000087bc       0x1c D:/SiliconLabs/SimplicityStudio/v4/developer/stacks/rail/v1.3.1.0//autogen/librail_release/\librail_efr32_gcc_release.a(radio_cmu.o)
                0x000087bc                RADIOCMU_ClockPrescGet
 .text.RAIL_RadioConfig
                0x000087d8       0x14 D:/SiliconLabs/SimplicityStudio/v4/developer/stacks/rail/v1.3.1.0//autogen/librail_release/\librail_efr32_gcc_release.a(phy.o)
                0x000087d8                RAIL_RadioConfig
 .text.RAIL_ChannelConfig
                0x000087ec       0x48 D:/SiliconLabs/SimplicityStudio/v4/developer/stacks/rail/v1.3.1.0//autogen/librail_release/\librail_efr32_gcc_release.a(phy.o)
                0x000087ec                RAIL_ChannelConfig
 .text.RAIL_DirectModeConfig
                0x00008834       0x14 D:/SiliconLabs/SimplicityStudio/v4/developer/stacks/rail/v1.3.1.0//autogen/librail_release/\librail_efr32_gcc_release.a(phy.o)
                0x00008834                RAIL_DirectModeConfig
 .text.RAIL_DebugFrequencyOverride
                0x00008848        0xc D:/SiliconLabs/SimplicityStudio/v4/developer/stacks/rail/v1.3.1.0//autogen/librail_release/\librail_efr32_gcc_release.a(phy.o)
                0x00008848                RAIL_DebugFrequencyOverride
 .text.RAIL_PacketLengthConfigFrameType
                0x00008854        0x4 D:/SiliconLabs/SimplicityStudio/v4/developer/stacks/rail/v1.3.1.0//autogen/librail_release/\librail_efr32_gcc_release.a(phy.o)
                0x00008854                RAIL_PacketLengthConfigFrameType
 .text.RAIL_RxGetRSSI
                0x00008858        0x4 D:/SiliconLabs/SimplicityStudio/v4/developer/stacks/rail/v1.3.1.0//autogen/librail_release/\librail_efr32_gcc_release.a(phy.o)
                0x00008858                RAIL_RxGetRSSI
 .text.RAIL_SetTune
                0x0000885c       0x50 D:/SiliconLabs/SimplicityStudio/v4/developer/stacks/rail/v1.3.1.0//autogen/librail_release/\librail_efr32_gcc_release.a(phy.o)
                0x0000885c                RAIL_SetTune
 .text.RAIL_GetTune
                0x000088ac       0x10 D:/SiliconLabs/SimplicityStudio/v4/developer/stacks/rail/v1.3.1.0//autogen/librail_release/\librail_efr32_gcc_release.a(phy.o)
                0x000088ac                RAIL_GetTune
 .text.RAIL_GetTime
                0x000088bc        0xc D:/SiliconLabs/SimplicityStudio/v4/developer/stacks/rail/v1.3.1.0//autogen/librail_release/\librail_efr32_gcc_release.a(phy.o)
                0x000088bc                RAIL_GetTime
 .text.RAIL_SetTime
                0x000088c8       0x10 D:/SiliconLabs/SimplicityStudio/v4/developer/stacks/rail/v1.3.1.0//autogen/librail_release/\librail_efr32_gcc_release.a(phy.o)
                0x000088c8                RAIL_SetTime
 .text.RAIL_SetStateTiming
                0x000088d8       0x28 D:/SiliconLabs/SimplicityStudio/v4/developer/stacks/rail/v1.3.1.0//autogen/librail_release/\librail_efr32_gcc_release.a(phy.o)
                0x000088d8                RAIL_SetStateTiming
 .text.RAIL_AddressFilterConfig
                0x00008900       0x46 D:/SiliconLabs/SimplicityStudio/v4/developer/stacks/rail/v1.3.1.0//autogen/librail_release/\librail_efr32_gcc_release.a(phy.o)
                0x00008900                RAIL_AddressFilterConfig
 *fill*         0x00008946        0x2 
 .text.RAIL_AddressFilterByFrameType
                0x00008948       0x10 D:/SiliconLabs/SimplicityStudio/v4/developer/stacks/rail/v1.3.1.0//autogen/librail_release/\librail_efr32_gcc_release.a(phy.o)
                0x00008948                RAIL_AddressFilterByFrameType
 .text.RAIL_AddressFilterEnable
                0x00008958        0x4 D:/SiliconLabs/SimplicityStudio/v4/developer/stacks/rail/v1.3.1.0//autogen/librail_release/\librail_efr32_gcc_release.a(phy.o)
                0x00008958                RAIL_AddressFilterEnable
 .text.RAIL_AddressFilterDisable
                0x0000895c        0x4 D:/SiliconLabs/SimplicityStudio/v4/developer/stacks/rail/v1.3.1.0//autogen/librail_release/\librail_efr32_gcc_release.a(phy.o)
                0x0000895c                RAIL_AddressFilterDisable
 .text.RAIL_AddressFilterIsEnabled
                0x00008960        0x4 D:/SiliconLabs/SimplicityStudio/v4/developer/stacks/rail/v1.3.1.0//autogen/librail_release/\librail_efr32_gcc_release.a(phy.o)
                0x00008960                RAIL_AddressFilterIsEnabled
 .text.RAIL_AddressFilterReset
                0x00008964        0x4 D:/SiliconLabs/SimplicityStudio/v4/developer/stacks/rail/v1.3.1.0//autogen/librail_release/\librail_efr32_gcc_release.a(phy.o)
                0x00008964                RAIL_AddressFilterReset
 .text.RAIL_AddressFilterSetAddress
                0x00008968        0x4 D:/SiliconLabs/SimplicityStudio/v4/developer/stacks/rail/v1.3.1.0//autogen/librail_release/\librail_efr32_gcc_release.a(phy.o)
                0x00008968                RAIL_AddressFilterSetAddress
 .text.RAIL_AddressFilterEnableAddress
                0x0000896c        0x4 D:/SiliconLabs/SimplicityStudio/v4/developer/stacks/rail/v1.3.1.0//autogen/librail_release/\librail_efr32_gcc_release.a(phy.o)
                0x0000896c                RAIL_AddressFilterEnableAddress
 .text.RAIL_AddressFilterDisableAddress
                0x00008970        0x4 D:/SiliconLabs/SimplicityStudio/v4/developer/stacks/rail/v1.3.1.0//autogen/librail_release/\librail_efr32_gcc_release.a(phy.o)
                0x00008970                RAIL_AddressFilterDisableAddress
 .text.RAIL_GetRadioEntropy
                0x00008974        0x4 D:/SiliconLabs/SimplicityStudio/v4/developer/stacks/rail/v1.3.1.0//autogen/librail_release/\librail_efr32_gcc_release.a(phy.o)
                0x00008974                RAIL_GetRadioEntropy
 .text.INT_Disable
                0x00008978       0x18 D:/SiliconLabs/SimplicityStudio/v4/developer/stacks/rail/v1.3.1.0//autogen/librail_release/\librail_efr32_gcc_release.a(rail_rf_hal.o)
 .text.INT_Enable
                0x00008990       0x14 D:/SiliconLabs/SimplicityStudio/v4/developer/stacks/rail/v1.3.1.0//autogen/librail_release/\librail_efr32_gcc_release.a(rail_rf_hal.o)
 .text.pktTxDoneEvt
                0x000089a4       0x1c D:/SiliconLabs/SimplicityStudio/v4/developer/stacks/rail/v1.3.1.0//autogen/librail_release/\librail_efr32_gcc_release.a(rail_rf_hal.o)
                0x000089a4                pktTxDoneEvt
 .text.pktRxOverflow
                0x000089c0        0x6 D:/SiliconLabs/SimplicityStudio/v4/developer/stacks/rail/v1.3.1.0//autogen/librail_release/\librail_efr32_gcc_release.a(rail_rf_hal.o)
                0x000089c0                pktRxOverflow
 .text.preambleDetected
                0x000089c6        0x6 D:/SiliconLabs/SimplicityStudio/v4/developer/stacks/rail/v1.3.1.0//autogen/librail_release/\librail_efr32_gcc_release.a(rail_rf_hal.o)
                0x000089c6                preambleDetected
 .text.frameDet0
                0x000089cc        0x6 D:/SiliconLabs/SimplicityStudio/v4/developer/stacks/rail/v1.3.1.0//autogen/librail_release/\librail_efr32_gcc_release.a(rail_rf_hal.o)
                0x000089cc                frameDet0
 .text.RAIL_RFSENSE_Callback
                0x000089d2        0x6 D:/SiliconLabs/SimplicityStudio/v4/developer/stacks/rail/v1.3.1.0//autogen/librail_release/\librail_efr32_gcc_release.a(rail_rf_hal.o)
 .text.pktTxErrorEvt
                0x000089d8        0x6 D:/SiliconLabs/SimplicityStudio/v4/developer/stacks/rail/v1.3.1.0//autogen/librail_release/\librail_efr32_gcc_release.a(rail_rf_hal.o)
                0x000089d8                pktTxErrorEvt
 *fill*         0x000089de        0x2 
 .text.racStateChange
                0x000089e0       0x10 D:/SiliconLabs/SimplicityStudio/v4/developer/stacks/rail/v1.3.1.0//autogen/librail_release/\librail_efr32_gcc_release.a(rail_rf_hal.o)
                0x000089e0                racStateChange
 .text.softwareTimerExpired
                0x000089f0       0x18 D:/SiliconLabs/SimplicityStudio/v4/developer/stacks/rail/v1.3.1.0//autogen/librail_release/\librail_efr32_gcc_release.a(rail_rf_hal.o)
                0x000089f0                softwareTimerExpired
 .text.racCalRequest
                0x00008a08        0x6 D:/SiliconLabs/SimplicityStudio/v4/developer/stacks/rail/v1.3.1.0//autogen/librail_release/\librail_efr32_gcc_release.a(rail_rf_hal.o)
                0x00008a08                racCalRequest
 *fill*         0x00008a0e        0x2 
 .text.rxTimeout
                0x00008a10       0x2c D:/SiliconLabs/SimplicityStudio/v4/developer/stacks/rail/v1.3.1.0//autogen/librail_release/\librail_efr32_gcc_release.a(rail_rf_hal.o)
                0x00008a10                rxTimeout
 .text.sequencerInterrupt
                0x00008a3c       0x9c D:/SiliconLabs/SimplicityStudio/v4/developer/stacks/rail/v1.3.1.0//autogen/librail_release/\librail_efr32_gcc_release.a(rail_rf_hal.o)
                0x00008a3c                sequencerInterrupt
 .text.protmrLbtEvt
                0x00008ad8       0x70 D:/SiliconLabs/SimplicityStudio/v4/developer/stacks/rail/v1.3.1.0//autogen/librail_release/\librail_efr32_gcc_release.a(rail_rf_hal.o)
                0x00008ad8                protmrLbtEvt
 .text.pktRxDoneEvt
                0x00008b48      0x118 D:/SiliconLabs/SimplicityStudio/v4/developer/stacks/rail/v1.3.1.0//autogen/librail_release/\librail_efr32_gcc_release.a(rail_rf_hal.o)
                0x00008b48                pktRxDoneEvt
 .text.pktRxFrmErr
                0x00008c60       0x10 D:/SiliconLabs/SimplicityStudio/v4/developer/stacks/rail/v1.3.1.0//autogen/librail_release/\librail_efr32_gcc_release.a(rail_rf_hal.o)
                0x00008c60                pktRxFrmErr
 .text.RFHAL_Init
                0x00008c70       0x58 D:/SiliconLabs/SimplicityStudio/v4/developer/stacks/rail/v1.3.1.0//autogen/librail_release/\librail_efr32_gcc_release.a(rail_rf_hal.o)
                0x00008c70                RFHAL_Init
 .text.RFHAL_SetPtiProtocol
                0x00008cc8       0x18 D:/SiliconLabs/SimplicityStudio/v4/developer/stacks/rail/v1.3.1.0//autogen/librail_release/\librail_efr32_gcc_release.a(rail_rf_hal.o)
                0x00008cc8                RFHAL_SetPtiProtocol
 .text.RFHAL_IdleExt
                0x00008ce0       0x1c D:/SiliconLabs/SimplicityStudio/v4/developer/stacks/rail/v1.3.1.0//autogen/librail_release/\librail_efr32_gcc_release.a(rail_rf_hal.o)
                0x00008ce0                RFHAL_IdleExt
 .text.RFHAL_StateGet
                0x00008cfc       0x68 D:/SiliconLabs/SimplicityStudio/v4/developer/stacks/rail/v1.3.1.0//autogen/librail_release/\librail_efr32_gcc_release.a(rail_rf_hal.o)
                0x00008cfc                RFHAL_StateGet