Archive member included because of file (symbol)

D:/SiliconLabs/SimplicityStudio/v4/developer/stacks/rail/v1.3.1.0//autogen/librail_release/\librail_efr32_gcc_release.a(pa.o)
                              ./hal-efr32/hal_efr.o (RADIO_PA_Init)
D:/SiliconLabs/SimplicityStudio/v4/developer/stacks/rail/v1.3.1.0//autogen/librail_release/\librail_efr32_gcc_release.a(pti.o)
                              ./hal-efr32/hal_efr.o (RADIO_PTI_Init)
D:/SiliconLabs/SimplicityStudio/v4/developer/stacks/rail/v1.3.1.0//autogen/librail_release/\librail_efr32_gcc_release.a(radio.o)
                              D:/SiliconLabs/SimplicityStudio/v4/developer/stacks/rail/v1.3.1.0//autogen/librail_release/\librail_efr32_gcc_release.a(pa.o) (RADIO_CLKEnable)
D:/SiliconLabs/SimplicityStudio/v4/developer/stacks/rail/v1.3.1.0//autogen/librail_release/\librail_efr32_gcc_release.a(rf_test.o)
                              D:/SiliconLabs/SimplicityStudio/v4/developer/stacks/rail/v1.3.1.0//autogen/librail_release/\librail_efr32_gcc_release.a(radio.o) (RFTEST_BerEmptyBufcAndUpdateStats)
D:/SiliconLabs/SimplicityStudio/v4/developer/stacks/rail/v1.3.1.0//autogen/librail_release/\librail_efr32_gcc_release.a(synth.o)
                              D:/SiliconLabs/SimplicityStudio/v4/developer/stacks/rail/v1.3.1.0//autogen/librail_release/\librail_efr32_gcc_release.a(pa.o) (SYNTH_LoDivGet)
D:/SiliconLabs/SimplicityStudio/v4/developer/stacks/rail/v1.3.1.0//autogen/librail_release/\librail_efr32_gcc_release.a(radio_cmu.o)
                              D:/SiliconLabs/SimplicityStudio/v4/developer/stacks/rail/v1.3.1.0//autogen/librail_release/\librail_efr32_gcc_release.a(pti.o) (RADIOCMU_ClockEnable)
D:/SiliconLabs/SimplicityStudio/v4/developer/stacks/rail/v1.3.1.0//autogen/librail_release/\librail_efr32_gcc_release.a(phy.o)
                              ./main.o (RAIL_RadioConfig)
D:/SiliconLabs/SimplicityStudio/v4/developer/stacks/rail/v1.3.1.0//autogen/librail_release/\librail_efr32_gcc_release.a(rail_rf_hal.o)
                              ./main.o (RAIL_TimerCancel)
D:/SiliconLabs/SimplicityStudio/v4/developer/stacks/rail/v1.3.1.0//autogen/librail_release/\librail_efr32_gcc_release.a(rail_rf.o)
                              ./main.o (RAIL_RfInit)
D:/SiliconLabs/SimplicityStudio/v4/developer/stacks/rail/v1.3.1.0//autogen/librail_release/\librail_efr32_gcc_release.a(rail_rx.o)
                              ./main.o (RAIL_RxConfig)
D:/SiliconLabs/SimplicityStudio/v4/developer/stacks/rail/v1.3.1.0//autogen/librail_release/\librail_efr32_gcc_release.a(rail_tx.o)
                              ./main.o (RAIL_TxDataLoad)
D:/SiliconLabs/SimplicityStudio/v4/developer/stacks/rail/v1.3.1.0//autogen/librail_release/\librail_efr32_gcc_release.a(rail_calibration.o)
                              D:/SiliconLabs/SimplicityStudio/v4/developer/stacks/rail/v1.3.1.0//autogen/librail_release/\librail_efr32_gcc_release.a(rail_rf.o) (RFHAL_CalibrationInit)
D:/SiliconLabs/SimplicityStudio/v4/developer/stacks/rail/v1.3.1.0//autogen/librail_release/\librail_efr32_gcc_release.a(ir_cal.o)
                              D:/SiliconLabs/SimplicityStudio/v4/developer/stacks/rail/v1.3.1.0//autogen/librail_release/\librail_efr32_gcc_release.a(rail_rf_hal.o) (IRCAL_Set)
D:/SiliconLabs/SimplicityStudio/v4/developer/stacks/rail/v1.3.1.0//autogen/librail_release/\librail_efr32_gcc_release.a(protimer.o)
                              D:/SiliconLabs/SimplicityStudio/v4/developer/stacks/rail/v1.3.1.0//autogen/librail_release/\librail_efr32_gcc_release.a(rail_rf_hal.o) (PROTIMER_CCTimerStop)
D:/SiliconLabs/SimplicityStudio/v4/developer/stacks/rail/v1.3.1.0//autogen/librail_release/\librail_efr32_gcc_release.a(phy_utils.o)
                              D:/SiliconLabs/SimplicityStudio/v4/developer/stacks/rail/v1.3.1.0//autogen/librail_release/\librail_efr32_gcc_release.a(radio.o) (PHY_UTILS_DelayUs)
D:/SiliconLabs/SimplicityStudio/v4/developer/stacks/rail/v1.3.1.0//autogen/librail_release/\librail_efr32_gcc_release.a(rfsense.o)
                              D:/SiliconLabs/SimplicityStudio/v4/developer/stacks/rail/v1.3.1.0//autogen/librail_release/\librail_efr32_gcc_release.a(rail_rf_hal.o) (RFSENSE_Sensed)
D:/SiliconLabs/SimplicityStudio/v4/developer/stacks/rail/v1.3.1.0//autogen/librail_release/\librail_efr32_gcc_release.a(tempcal.o)
                              D:/SiliconLabs/SimplicityStudio/v4/developer/stacks/rail/v1.3.1.0//autogen/librail_release/\librail_efr32_gcc_release.a(rail_rf_hal.o) (TEMPCAL_Perform)
D:/SiliconLabs/SimplicityStudio/v4/developer/stacks/rail/v1.3.1.0//autogen/librail_release/\librail_efr32_gcc_release.a(rf_rand.o)
                              D:/SiliconLabs/SimplicityStudio/v4/developer/stacks/rail/v1.3.1.0//autogen/librail_release/\librail_efr32_gcc_release.a(phy.o) (RFRAND_GetRadioEntropy)
D:/SiliconLabs/SimplicityStudio/v4/developer/stacks/rail/v1.3.1.0//autogen/librail_release/\librail_efr32_gcc_release.a(generic_phy.o)
[...]
Memory Configuration

Name             Origin             Length             Attributes
FLASH            0x00000000         0x00040000         xr
RAM              0x20000000         0x00008000         xrw
*default*        0x00000000         0xffffffff

Linker script and memory map

LOAD d:/siliconlabs/simplicitystudio/v4/developer/toolchains/gnu_arm/4.9_2015q3/bin/../lib/gcc/arm-none-eabi/4.9.3/armv7e-m/softfp/crti.o
LOAD d:/siliconlabs/simplicitystudio/v4/developer/toolchains/gnu_arm/4.9_2015q3/bin/../lib/gcc/arm-none-eabi/4.9.3/armv7e-m/softfp/crtbegin.o
LOAD d:/siliconlabs/simplicitystudio/v4/developer/toolchains/gnu_arm/4.9_2015q3/bin/../lib/gcc/arm-none-eabi/4.9.3/../../../../arm-none-eabi/lib/armv7e-m/softfp/crt0.o
LOAD ./CMSIS/efr32fg1p/startup_efr32fg1p.o
LOAD ./CMSIS/efr32fg1p/system_efr32fg1p.o
LOAD ./command-interpreter/command_interpreter.o
LOAD ./debug_ci.o
LOAD ./main.o
LOAD ./rail-callback-stubs.o
LOAD ./rail-callbacks.o
LOAD ./rail_config.o
LOAD ./hal-efr32/bsp_bcc.o
LOAD ./hal-efr32/bsp_stk.o
LOAD ./hal-efr32/bsp_stk_leds.o
LOAD ./hal-efr32/bsp_trace.o
LOAD ./hal-efr32/dmactrl.o
LOAD ./hal-efr32/em_assert.o
LOAD ./hal-efr32/em_cmu.o
LOAD ./hal-efr32/em_emu.o
LOAD ./hal-efr32/em_gpio.o
LOAD ./hal-efr32/em_int.o
LOAD ./hal-efr32/em_ldma.o
LOAD ./hal-efr32/em_leuart.o
LOAD ./hal-efr32/em_rmu.o
LOAD ./hal-efr32/em_rtc.o
LOAD ./hal-efr32/em_rtcc.o
LOAD ./hal-efr32/em_system.o
LOAD ./hal-efr32/em_timer.o
LOAD ./hal-efr32/em_usart.o
LOAD ./hal-efr32/gpiointerrupt.o
LOAD ./hal-efr32/hal_common.o
LOAD ./hal-efr32/hal_efr.o
LOAD ./hal-efr32/retargetio.o
LOAD ./hal-efr32/retargetserial.o
LOAD ./hal-efr32/rtcdriver.o
LOAD ./hal-efr32/udelay.o
LOAD ./hal-efr32/ustimer.o
LOAD ./lcd-graphics/bmp.o
LOAD ./lcd-graphics/display.o
LOAD ./lcd-graphics/displayls013b7dh03.o
LOAD ./lcd-graphics/displaypalemlib.o
LOAD ./lcd-graphics/dmd_display.o
LOAD ./lcd-graphics/glib.o
LOAD ./lcd-graphics/glib_bitmap.o
LOAD ./lcd-graphics/glib_circle.o
LOAD ./lcd-graphics/glib_font_narrow_6x8.o
LOAD ./lcd-graphics/glib_font_normal_8x8.o
LOAD ./lcd-graphics/glib_font_number_16x20.o
LOAD ./lcd-graphics/glib_line.o
LOAD ./lcd-graphics/glib_polygon.o
LOAD ./lcd-graphics/glib_rectangle.o
LOAD ./lcd-graphics/glib_string.o
LOAD ./lcd-graphics/graphics.o
LOAD ./response-printf/response_print.o
LOAD D:/SiliconLabs/SimplicityStudio/v4/developer/stacks/rail/v1.3.1.0//autogen/librail_release/\librail_efr32_gcc_release.a
START GROUP
LOAD d:/siliconlabs/simplicitystudio/v4/developer/toolchains/gnu_arm/4.9_2015q3/bin/../lib/gcc/arm-none-eabi/4.9.3/armv7e-m/softfp\libgcc.a
LOAD d:/siliconlabs/simplicitystudio/v4/developer/toolchains/gnu_arm/4.9_2015q3/bin/../lib/gcc/arm-none-eabi/4.9.3/../../../../arm-none-eabi/lib/armv7e-m/softfp\libc_nano.a
LOAD d:/siliconlabs/simplicitystudio/v4/developer/toolchains/gnu_arm/4.9_2015q3/bin/../lib/gcc/arm-none-eabi/4.9.3/../../../../arm-none-eabi/lib/armv7e-m/softfp\libnosys.a
END GROUP
START GROUP
LOAD d:/siliconlabs/simplicitystudio/v4/developer/toolchains/gnu_arm/4.9_2015q3/bin/../lib/gcc/arm-none-eabi/4.9.3/armv7e-m/softfp\libgcc.a
LOAD d:/siliconlabs/simplicitystudio/v4/developer/toolchains/gnu_arm/4.9_2015q3/bin/../lib/gcc/arm-none-eabi/4.9.3/../../../../arm-none-eabi/lib/armv7e-m/softfp\libg_nano.a
LOAD d:/siliconlabs/simplicitystudio/v4/developer/toolchains/gnu_arm/4.9_2015q3/bin/../lib/gcc/arm-none-eabi/4.9.3/../../../../arm-none-eabi/lib/armv7e-m/softfp\libc_nano.a
END GROUP
START GROUP
LOAD d:/siliconlabs/simplicitystudio/v4/developer/toolchains/gnu_arm/4.9_2015q3/bin/../lib/gcc/arm-none-eabi/4.9.3/armv7e-m/softfp\libgcc.a
LOAD d:/siliconlabs/simplicitystudio/v4/developer/toolchains/gnu_arm/4.9_2015q3/bin/../lib/gcc/arm-none-eabi/4.9.3/../../../../arm-none-eabi/lib/armv7e-m/softfp\libc_nano.a
END GROUP
LOAD d:/siliconlabs/simplicitystudio/v4/developer/toolchains/gnu_arm/4.9_2015q3/bin/../lib/gcc/arm-none-eabi/4.9.3/armv7e-m/softfp/crtend.o
LOAD d:/siliconlabs/simplicitystudio/v4/developer/toolchains/gnu_arm/4.9_2015q3/bin/../lib/gcc/arm-none-eabi/4.9.3/armv7e-m/softfp/crtn.o

.text           0x00000000     0xc4b4
 *(.vectors)
 .vectors       0x00000000       0xc8 ./CMSIS/efr32fg1p/startup_efr32fg1p.o
                0x00000000                __Vectors
                0x000000c8                __Vectors_End = .
                0x000000c8                __Vectors_Size = (__Vectors_End - __Vectors)
                0x000000c8                __end__ = .
 *(.text*)
 .text          0x000000c8       0x5c d:/siliconlabs/simplicitystudio/v4/developer/toolchains/gnu_arm/4.9_2015q3/bin/../lib/gcc/arm-none-eabi/4.9.3/armv7e-m/softfp/crtbegin.o
 .text          0x00000124       0x74 d:/siliconlabs/simplicitystudio/v4/developer/toolchains/gnu_arm/4.9_2015q3/bin/../lib/gcc/arm-none-eabi/4.9.3/../../../../arm-none-eabi/lib/armv7e-m/softfp/crt0.o
                0x00000124                _start
                0x00000124                _mainCRTStartup
 .text          0x00000198       0x30 ./CMSIS/efr32fg1p/startup_efr32fg1p.o
                0x00000198                Reset_Handler
                0x000001c4                USART0_TX_IRQHandler
                0x000001c4                I2C0_IRQHandler
                0x000001c4                HardFault_Handler
                0x000001c4                SysTick_Handler
                0x000001c4                USART1_RX_IRQHandler
                0x000001c4                PendSV_Handler
                0x000001c4                NMI_Handler
                0x000001c4                SYNTH_IRQHandler
                0x000001c4                WDOG0_IRQHandler
                0x000001c4                USART1_TX_IRQHandler
                0x000001c4                MSC_IRQHandler
                0x000001c4                ADC0_IRQHandler
                0x000001c4                UsageFault_Handler
                0x000001c4                LEUART0_IRQHandler
                0x000001c4                FPUEH_IRQHandler
                0x000001c4                LDMA_IRQHandler
                0x000001c4                DebugMon_Handler
                0x000001c4                LETIMER0_IRQHandler
                0x000001c4                TIMER1_IRQHandler
                0x000001c4                Default_Handler
                0x000001c4                EMU_IRQHandler
                0x000001c4                CRYOTIMER_IRQHandler
                0x000001c4                PCNT0_IRQHandler
                0x000001c4                ACMP0_IRQHandler
                0x000001c4                MemManage_Handler
                0x000001c4                SVC_Handler
                0x000001c4                CRYPTO_IRQHandler
                0x000001c4                CMU_IRQHandler
                0x000001c4                BusFault_Handler
                0x000001c4                IDAC0_IRQHandler
 .text.SystemMaxCoreClockGet
                0x000001c8        0x8 ./CMSIS/efr32fg1p/system_efr32fg1p.o
                0x000001c8                SystemMaxCoreClockGet
 .text.SystemHFClockGet
                0x000001d0       0x48 ./CMSIS/efr32fg1p/system_efr32fg1p.o
                0x000001d0                SystemHFClockGet
 .text.SystemCoreClockGet
                0x00000218       0x24 ./CMSIS/efr32fg1p/system_efr32fg1p.o
                0x00000218                SystemCoreClockGet
 .text.SystemHFXOClockGet
                0x0000023c        0xc ./CMSIS/efr32fg1p/system_efr32fg1p.o
                0x0000023c                SystemHFXOClockGet
 .text.SystemInit
                0x00000248       0x14 ./CMSIS/efr32fg1p/system_efr32fg1p.o
                0x00000248                SystemInit
 .text.SystemLFRCOClockGet
                0x0000025c        0x6 ./CMSIS/efr32fg1p/system_efr32fg1p.o
                0x0000025c                SystemLFRCOClockGet
 .text.SystemULFRCOClockGet
                0x00000262        0x6 ./CMSIS/efr32fg1p/system_efr32fg1p.o
                0x00000262                SystemULFRCOClockGet
 .text.SystemLFXOClockGet
                0x00000268        0xc ./CMSIS/efr32fg1p/system_efr32fg1p.o
                0x00000268                SystemLFXOClockGet
 .text.validateInteger
                0x00000274       0x5c ./command-interpreter/command_interpreter.o
 .text.ciGetUnsigned
                0x000002d0        0x8 ./command-interpreter/command_interpreter.o
                0x000002d0                ciGetUnsigned
 .text.ciValidateInteger
                0x000002d8       0x2a ./command-interpreter/command_interpreter.o
                0x000002d8                ciValidateInteger
 *fill*         0x00000302        0x2 
 .text.setDebugSignal
                0x00000304      0x228 ./debug_ci.o
                0x00000304                setDebugSignal
 .text.gpioCallback
                0x0000052c       0x20 ./main.o
                0x0000052c                gpioCallback
 .text.lcdPrintError
                0x0000054c       0x54 ./main.o
 .text.updateDisplay
                0x000005a0      0x140 ./main.o
 .text.unlikely.switchAppMode
                0x000006e0       0x84 ./main.o
 .text.slaveTimerExpiredCallback
                0x00000764       0x30 ./main.o
                0x00000764                slaveTimerExpiredCallback
 .text.set_iodebug
                0x00000794       0x48 ./main.o
                0x00000794                set_iodebug
 .text.startup.main
                0x000007dc      0x3bc ./main.o
                0x000007dc                main
 .text.RAILCb_TimerExpired
                0x00000b98       0x40 ./main.o
                0x00000b98                RAILCb_TimerExpired
 .text.RAILCb_TxPacketSent
                0x00000bd8       0x74 ./main.o
                0x00000bd8                RAILCb_TxPacketSent
 .text.RAILCb_TxRadioStatus
                0x00000c4c       0x30 ./main.o
                0x00000c4c                RAILCb_TxRadioStatus
 .text.RAILCb_RxPacketReceived
                0x00000c7c       0x80 ./main.o
                0x00000c7c                RAILCb_RxPacketReceived
 .text.RAILCb_RxRadioStatus
                0x00000cfc       0x5c ./main.o
                0x00000cfc                RAILCb_RxRadioStatus
 .text.RAILCb_AllocateMemory
                0x00000d58        0x8 ./main.o
                0x00000d58                RAILCb_AllocateMemory
 .text.RAILCb_BeginWriteMemory
                0x00000d60        0x4 ./main.o
                0x00000d60                RAILCb_BeginWriteMemory
 .text.RAILCb_EndWriteMemory
                0x00000d64        0x2 ./main.o
                0x00000d64                RAILCb_EndWriteMemory
 .text.RAILCb_FreeMemory
                0x00000d66        0x2 ./main.o
                0x00000d66                RAILCb_FreeMemory
 .text.RAILCb_RfReady
                0x00000d68        0x2 ./main.o
                0x00000d68                RAILCb_RfReady
 .text.RAILCb_CalNeeded
                0x00000d6a        0x2 ./main.o
                0x00000d6a                RAILCb_CalNeeded
 .text.RAILCb_RadioStateChanged
                0x00000d6c        0x2 ./main.o
                0x00000d6c                RAILCb_RadioStateChanged
 .text.RAILCb_RxAckTimeout
                0x00000d6e        0x2 ./rail-callback-stubs.o
                0x00000d6e                RAILCb_RxAckTimeout
 .text.RAILCb_IEEE802154_DataRequestCommand
                0x00000d70        0x2 ./rail-callback-stubs.o
                0x00000d70                RAILCb_IEEE802154_DataRequestCommand
 *fill*         0x00000d72        0x2 
 .text.BSP_BccPinsEnable.part.0
                0x00000d74       0x40 ./hal-efr32/bsp_bcc.o
 .text.BSP_BccInit
                0x00000db4       0x64 ./hal-efr32/bsp_bcc.o
                0x00000db4                BSP_BccInit
 .text.BSP_Init
                0x00000e18        0xe ./hal-efr32/bsp_stk.o
                0x00000e18                BSP_Init
 *fill*         0x00000e26        0x2 
 .text.flashWaitStateControl
                0x00000e28       0x3c ./hal-efr32/em_cmu.o
 .text.flashWaitStateMax
                0x00000e64        0xe ./hal-efr32/em_cmu.o
 *fill*         0x00000e72        0x2 
 .text.syncReg  0x00000e74       0x18 ./hal-efr32/em_cmu.o
 .text.CMU_ClockEnable
                0x00000e8c       0x7c ./hal-efr32/em_cmu.o
                0x00000e8c                CMU_ClockEnable
 .text.CMU_ClockPrescGet
                0x00000f08       0x84 ./hal-efr32/em_cmu.o
                0x00000f08                CMU_ClockPrescGet
 .text.CMU_ClockDivGet
                0x00000f8c        0xa ./hal-efr32/em_cmu.o
                0x00000f8c                CMU_ClockDivGet
 *fill*         0x00000f96        0x2 
 .text.CMU_ClockSelectGet
                0x00000f98       0x98 ./hal-efr32/em_cmu.o
                0x00000f98                CMU_ClockSelectGet
 .text.lfClkGet
                0x00001030       0x88 ./hal-efr32/em_cmu.o
 .text.CMU_ClockFreqGet
                0x000010b8       0xfc ./hal-efr32/em_cmu.o
                0x000010b8                CMU_ClockFreqGet
 .text.CMU_ClockPrescSet
                0x000011b4      0x158 ./hal-efr32/em_cmu.o
                0x000011b4                CMU_ClockPrescSet
 .text.CMU_ClockDivSet
                0x0000130c        0x6 ./hal-efr32/em_cmu.o
                0x0000130c                CMU_ClockDivSet
 *fill*         0x00001312        0x2 
 .text.CMU_OscillatorTuningSet
                0x00001314       0xa8 ./hal-efr32/em_cmu.o
                0x00001314                CMU_OscillatorTuningSet
 .text.CMU_OscillatorTuningWait
                0x000013bc       0x4c ./hal-efr32/em_cmu.o
                0x000013bc                CMU_OscillatorTuningWait
 .text.CMU_OscillatorTuningOptimize
                0x00001408       0x24 ./hal-efr32/em_cmu.o
                0x00001408                CMU_OscillatorTuningOptimize
 .text.CMU_OscillatorEnable
                0x0000142c       0xfc ./hal-efr32/em_cmu.o
                0x0000142c                CMU_OscillatorEnable
 .text.CMU_ClockSelectSet
                0x00001528      0x124 ./hal-efr32/em_cmu.o
                0x00001528                CMU_ClockSelectSet
 .text.CMU_HFXOInit
                0x0000164c       0xc0 ./hal-efr32/em_cmu.o
                0x0000164c                CMU_HFXOInit
 .text.emuRestore
                0x0000170c       0x9c ./hal-efr32/em_emu.o
 .text.currentLimitersUpdate
                0x000017a8       0x70 ./hal-efr32/em_emu.o
 .text.dcdcHsFixLnBlock
                0x00001818       0x30 ./hal-efr32/em_emu.o
 .text.dcdcFetCntSet.part.1
                0x00001848       0x20 ./hal-efr32/em_emu.o
 .text.EMU_EnterEM2
                0x00001868       0x6c ./hal-efr32/em_emu.o
                0x00001868                EMU_EnterEM2
 .text.EMU_UpdateOscConfig
                0x000018d4       0x20 ./hal-efr32/em_emu.o
                0x000018d4                EMU_UpdateOscConfig
 .text.EMU_DCDCModeSet
                0x000018f4       0x28 ./hal-efr32/em_emu.o
                0x000018f4                EMU_DCDCModeSet
 .text.EMU_DCDCOutputVoltageSet
                0x0000191c      0x1c8 ./hal-efr32/em_emu.o
                0x0000191c                EMU_DCDCOutputVoltageSet
 .text.EMU_DCDCOptimizeSlice
                0x00001ae4       0x6c ./hal-efr32/em_emu.o
                0x00001ae4                EMU_DCDCOptimizeSlice
 .text.EMU_DCDCLnRcoBandSet
                0x00001b50       0x24 ./hal-efr32/em_emu.o
                0x00001b50                EMU_DCDCLnRcoBandSet
 .text.EMU_DCDCInit
                0x00001b74      0x18c ./hal-efr32/em_emu.o
                0x00001b74                EMU_DCDCInit
 .text.GPIO_ExtIntConfig
                0x00001d00       0x98 ./hal-efr32/em_gpio.o
                0x00001d00                GPIO_ExtIntConfig
 .text.GPIO_PinModeSet
                0x00001d98       0x8c ./hal-efr32/em_gpio.o
                0x00001d98                GPIO_PinModeSet
 .text.RTCC_ChannelInit
                0x00001e24       0x34 ./hal-efr32/em_rtcc.o
                0x00001e24                RTCC_ChannelInit
 .text.RTCC_Enable
                0x00001e58        0xc ./hal-efr32/em_rtcc.o
                0x00001e58                RTCC_Enable
 .text.RTCC_Init
                0x00001e64       0x3c ./hal-efr32/em_rtcc.o
                0x00001e64                RTCC_Init
 .text.SYSTEM_ChipRevisionGet
                0x00001ea0       0x34 ./hal-efr32/em_system.o
                0x00001ea0                SYSTEM_ChipRevisionGet
 .text.TIMER_Init
                0x00001ed4       0x8c ./hal-efr32/em_timer.o
                0x00001ed4                TIMER_Init
 .text.TIMER_InitCC
                0x00001f60       0x66 ./hal-efr32/em_timer.o
                0x00001f60                TIMER_InitCC
 *fill*         0x00001fc6        0x2 
 .text.USART_BaudrateAsyncSet
                0x00001fc8       0x64 ./hal-efr32/em_usart.o
                0x00001fc8                USART_BaudrateAsyncSet
 .text.USART_BaudrateSyncSet
                0x0000202c       0x4c ./hal-efr32/em_usart.o
                0x0000202c                USART_BaudrateSyncSet
 .text.USART_Enable
                0x00002078        0xe ./hal-efr32/em_usart.o
                0x00002078                USART_Enable
 *fill*         0x00002086        0x2 
 .text.USART_Reset
                0x00002088       0x44 ./hal-efr32/em_usart.o
                0x00002088                USART_Reset
 .text.USART_InitAsync
                0x000020cc       0x60 ./hal-efr32/em_usart.o
                0x000020cc                USART_InitAsync
 .text.USART_InitSync
                0x0000212c       0x84 ./hal-efr32/em_usart.o
                0x0000212c                USART_InitSync
 .text.USART_Rx
                0x000021b0        0xc ./hal-efr32/em_usart.o
                0x000021b0                USART_Rx
 .text.USART_Tx
                0x000021bc        0xa ./hal-efr32/em_usart.o
                0x000021bc                USART_Tx
 .text.USART_TxDouble
                0x000021c6        0xa ./hal-efr32/em_usart.o
                0x000021c6                USART_TxDouble
 .text.GPIOINT_IRQDispatcher
                0x000021d0       0x2c ./hal-efr32/gpiointerrupt.o
 .text.GPIOINT_Init
                0x000021fc       0x1c ./hal-efr32/gpiointerrupt.o
                0x000021fc                GPIOINT_Init
 .text.GPIOINT_CallbackRegister
                0x00002218       0x30 ./hal-efr32/gpiointerrupt.o
                0x00002218                GPIOINT_CallbackRegister
 .text.GPIO_EVEN_IRQHandler
                0x00002248       0x24 ./hal-efr32/gpiointerrupt.o
                0x00002248                GPIO_EVEN_IRQHandler
 .text.GPIO_ODD_IRQHandler
                0x0000226c       0x24 ./hal-efr32/gpiointerrupt.o
                0x0000226c                GPIO_ODD_IRQHandler
 .text.halInit  0x00002290       0x12 ./hal-efr32/hal_common.o
                0x00002290                halInit
 .text.usecDelay
                0x000022a2       0x24 ./hal-efr32/hal_efr.o
 *fill*         0x000022c6        0x2 
 .text.halInitChipSpecific
                0x000022c8      0x170 ./hal-efr32/hal_efr.o
                0x000022c8                halInitChipSpecific
 .text.halGetDebugSignals
                0x00002438       0x10 ./hal-efr32/hal_efr.o
                0x00002438                halGetDebugSignals
 .text.halGetDebugPins
                0x00002448       0x10 ./hal-efr32/hal_efr.o
                0x00002448                halGetDebugPins
 .text.halDisablePrs
                0x00002458       0x10 ./hal-efr32/hal_efr.o
                0x00002458                halDisablePrs
 .text.halEnablePrs
                0x00002468       0x64 ./hal-efr32/hal_efr.o
                0x00002468                halEnablePrs
 .text._close   0x000024cc        0x4 ./hal-efr32/retargetio.o
                0x000024cc                _close
 .text._exit    0x000024d0        0x2 ./hal-efr32/retargetio.o
                0x000024d0                _exit
 .text._fstat   0x000024d2        0xa ./hal-efr32/retargetio.o
                0x000024d2                _fstat
 .text._isatty  0x000024dc        0x4 ./hal-efr32/retargetio.o
                0x000024dc                _isatty
 .text._lseek   0x000024e0        0x4 ./hal-efr32/retargetio.o
                0x000024e0                _lseek
 .text._read    0x000024e4       0x2a ./hal-efr32/retargetio.o
                0x000024e4                _read
 .text._write   0x0000250e       0x1c ./hal-efr32/retargetio.o
                0x0000250e                _write
 *fill*         0x0000252a        0x2 
 .text._sbrk    0x0000252c       0x48 ./hal-efr32/retargetio.o
                0x0000252c                _sbrk
 .text.USART0_RX_IRQHandler
                0x00002574       0x58 ./hal-efr32/retargetserial.o
                0x00002574                USART0_RX_IRQHandler
 .text.RETARGET_SerialInit
                0x000025cc       0xcc ./hal-efr32/retargetserial.o
                0x000025cc                RETARGET_SerialInit
 .text.RETARGET_ReadChar
                0x00002698       0x6c ./hal-efr32/retargetserial.o
                0x00002698                RETARGET_ReadChar
 .text.RETARGET_WriteChar
                0x00002704       0x4c ./hal-efr32/retargetserial.o
                0x00002704                RETARGET_WriteChar
 .text.INT_Disable
                0x00002750       0x18 ./hal-efr32/rtcdriver.o
 .text.INT_Enable
                0x00002768       0x14 ./hal-efr32/rtcdriver.o
 .text.checkAllTimers
                0x0000277c       0xa0 ./hal-efr32/rtcdriver.o
 .text.executeTimerCallbacks
                0x0000281c       0x24 ./hal-efr32/rtcdriver.o
 .text.rescheduleRtc
                0x00002840       0x78 ./hal-efr32/rtcdriver.o
 .text.RTCDRV_AllocateTimer
                0x000028b8       0x40 ./hal-efr32/rtcdriver.o
                0x000028b8                RTCDRV_AllocateTimer
 .text.RTCDRV_Delay
                0x000028f8       0x64 ./hal-efr32/rtcdriver.o
                0x000028f8                RTCDRV_Delay
 .text.RTCDRV_FreeTimer
                0x0000295c       0x30 ./hal-efr32/rtcdriver.o
                0x0000295c                RTCDRV_FreeTimer
 .text.RTCDRV_Init
                0x0000298c       0xbc ./hal-efr32/rtcdriver.o
                0x0000298c                RTCDRV_Init
 .text.RTCDRV_IsRunning
                0x00002a48       0x4c ./hal-efr32/rtcdriver.o
                0x00002a48                RTCDRV_IsRunning
 .text.RTCDRV_StartTimer
                0x00002a94      0x184 ./hal-efr32/rtcdriver.o
                0x00002a94                RTCDRV_StartTimer
 .text.RTCDRV_StopTimer
                0x00002c18       0x40 ./hal-efr32/rtcdriver.o
                0x00002c18                RTCDRV_StopTimer
 .text.RTCC_IRQHandler
                0x00002c58       0x84 ./hal-efr32/rtcdriver.o
                0x00002c58                RTCC_IRQHandler
 .text.UDELAY_Calibrate
                0x00002cdc      0x1c8 ./hal-efr32/udelay.o
                0x00002cdc                UDELAY_Calibrate
 .text.UDELAY_Delay
                0x00002ea4       0x28 ./hal-efr32/udelay.o
                0x00002ea4                UDELAY_Delay
 .text.USTIMER_Init
                0x00002ecc       0xe0 ./hal-efr32/ustimer.o
                0x00002ecc                USTIMER_Init
 .text.TIMER0_IRQHandler
                0x00002fac       0x20 ./hal-efr32/ustimer.o
                0x00002fac                TIMER0_IRQHandler
 .text.DISPLAY_Init
                0x00002fcc       0x2c ./lcd-graphics/display.o
                0x00002fcc                DISPLAY_Init
 .text.DISPLAY_DeviceGet
                0x00002ff8       0x4c ./lcd-graphics/display.o
                0x00002ff8                DISPLAY_DeviceGet
 .text.DISPLAY_DeviceRegister
                0x00003044       0x58 ./lcd-graphics/display.o
                0x00003044                DISPLAY_DeviceRegister
 .text.PixelMatrixAllocate
                0x0000309c       0x38 ./lcd-graphics/displayls013b7dh03.o
 .text.PixelMatrixFree
                0x000030d4        0x8 ./lcd-graphics/displayls013b7dh03.o
 .text.DriverRefresh
                0x000030dc        0xe ./lcd-graphics/displayls013b7dh03.o
 .text.PixelMatrixClear
                0x000030ea       0x20 ./lcd-graphics/displayls013b7dh03.o
 .text.PixelMatrixDraw
                0x0000310a       0x80 ./lcd-graphics/displayls013b7dh03.o
 .text.DisplayPolarityInverse
                0x0000318a        0xe ./lcd-graphics/displayls013b7dh03.o
 .text.DisplayEnable
                0x00003198       0x18 ./lcd-graphics/displayls013b7dh03.o
 .text.DISPLAY_Ls013b7dh03Init
                0x000031b0       0xec ./lcd-graphics/displayls013b7dh03.o
                0x000031b0                DISPLAY_Ls013b7dh03Init
 .text.PAL_SpiInit
                0x0000329c       0x50 ./lcd-graphics/displaypalemlib.o
                0x0000329c                PAL_SpiInit
 .text.PAL_SpiTransmit
                0x000032ec       0x3c ./lcd-graphics/displaypalemlib.o
                0x000032ec                PAL_SpiTransmit
 .text.PAL_TimerInit
                0x00003328        0xa ./lcd-graphics/displaypalemlib.o
                0x00003328                PAL_TimerInit
 .text.PAL_TimerMicroSecondsDelay
                0x00003332        0xa ./lcd-graphics/displaypalemlib.o
                0x00003332                PAL_TimerMicroSecondsDelay
 .text.PAL_TimerRepeat
                0x0000333c       0x14 ./lcd-graphics/displaypalemlib.o
                0x0000333c                PAL_TimerRepeat
 .text.PAL_GpioInit
                0x00003350       0x14 ./lcd-graphics/displaypalemlib.o
                0x00003350                PAL_GpioInit
 .text.PAL_GpioPinModeSet
                0x00003364       0x1c ./lcd-graphics/displaypalemlib.o
                0x00003364                PAL_GpioPinModeSet
 .text.PAL_GpioPinOutSet
                0x00003380       0x1c ./lcd-graphics/displaypalemlib.o
                0x00003380                PAL_GpioPinOutSet
 .text.PAL_GpioPinOutClear
                0x0000339c       0x1c ./lcd-graphics/displaypalemlib.o
                0x0000339c                PAL_GpioPinOutClear
 .text.PAL_GpioPinOutToggle
                0x000033b8       0x1a ./lcd-graphics/displaypalemlib.o
                0x000033b8                PAL_GpioPinOutToggle
 *fill*         0x000033d2        0x2 
 .text.DMD_getDisplayGeometry
                0x000033d4       0x1c ./lcd-graphics/dmd_display.o
                0x000033d4                DMD_getDisplayGeometry
 .text.DMD_setClippingArea
                0x000033f0       0x40 ./lcd-graphics/dmd_display.o
                0x000033f0                DMD_setClippingArea
 .text.DMD_writeColor
                0x00003430      0x168 ./lcd-graphics/dmd_display.o
                0x00003430                DMD_writeColor
 .text.DMD_allocateFramebuffer
                0x00003598       0x38 ./lcd-graphics/dmd_display.o
                0x00003598                DMD_allocateFramebuffer
 .text.DMD_init
                0x000035d0       0x70 ./lcd-graphics/dmd_display.o
                0x000035d0                DMD_init
 .text.DMD_updateDisplay
                0x00003640       0xa0 ./lcd-graphics/dmd_display.o
                0x00003640                DMD_updateDisplay
 .text.GLIB_setClippingRegion
                0x000036e0       0x64 ./lcd-graphics/glib.o
                0x000036e0                GLIB_setClippingRegion
 .text.GLIB_contextInit
                0x00003744       0x54 ./lcd-graphics/glib.o
                0x00003744                GLIB_contextInit
 .text.GLIB_resetDisplayClippingArea
                0x00003798       0x14 ./lcd-graphics/glib.o
                0x00003798                GLIB_resetDisplayClippingArea
 .text.GLIB_clear
                0x000037ac       0x32 ./lcd-graphics/glib.o
                0x000037ac                GLIB_clear
 .text.GLIB_drawPixel
                0x000037de       0x38 ./lcd-graphics/glib.o
                0x000037de                GLIB_drawPixel
 .text.GLIB_drawPixelColor
                0x00003816       0x36 ./lcd-graphics/glib.o
                0x00003816                GLIB_drawPixelColor
 .text.GLIB_rectContainsPoint
                0x0000384c       0x24 ./lcd-graphics/glib_rectangle.o
                0x0000384c                GLIB_rectContainsPoint
 .text.GLIB_drawChar
                0x00003870      0x136 ./lcd-graphics/glib_string.o
                0x00003870                GLIB_drawChar
 .text.GLIB_drawString
                0x000039a6       0x7a ./lcd-graphics/glib_string.o
                0x000039a6                GLIB_drawString
 .text.GLIB_setFont
                0x00003a20       0x28 ./lcd-graphics/glib_string.o
                0x00003a20                GLIB_setFont
 .text.GRAPHICS_Init
                0x00003a48       0x3c ./lcd-graphics/graphics.o
                0x00003a48                GRAPHICS_Init
 .text.GRAPHICS_Update
                0x00003a84        0x4 ./lcd-graphics/graphics.o
                0x00003a84                GRAPHICS_Update
 .text.GRAPHICS_Clear
                0x00003a88       0x24 ./lcd-graphics/graphics.o
                0x00003a88                GRAPHICS_Clear
 .text.GRAPHICS_AppendString
                0x00003aac       0x44 ./lcd-graphics/graphics.o
                0x00003aac                GRAPHICS_AppendString
 .text.rtcIntCallbackRegister
                0x00003af0        0x4 ./lcd-graphics/graphics.o
                0x00003af0                rtcIntCallbackRegister
 .text.responsePrintInternal
                0x00003af4      0x128 ./response-printf/response_print.o
 .text.responsePrint
                0x00003c1c       0x24 ./response-printf/response_print.o
                0x00003c1c                responsePrint
 .text.responsePrintError
                0x00003c40       0x60 ./response-printf/response_print.o
                0x00003c40                responsePrintError
 .text.apcConfigure
                0x00003ca0       0x70 D:/SiliconLabs/SimplicityStudio/v4/developer/stacks/rail/v1.3.1.0//autogen/librail_release/\librail_efr32_gcc_release.a(pa.o)
 .text.PA_20dbmConfigSet
                0x00003d10       0x50 D:/SiliconLabs/SimplicityStudio/v4/developer/stacks/rail/v1.3.1.0//autogen/librail_release/\librail_efr32_gcc_release.a(pa.o)
                0x00003d10                PA_20dbmConfigSet
 .text.PA_0dbmConfigSet
                0x00003d60       0x54 D:/SiliconLabs/SimplicityStudio/v4/developer/stacks/rail/v1.3.1.0//autogen/librail_release/\librail_efr32_gcc_release.a(pa.o)
                0x00003d60                PA_0dbmConfigSet
 .text.PA_SubGhz20dbmConfigSet
                0x00003db4       0x2c D:/SiliconLabs/SimplicityStudio/v4/developer/stacks/rail/v1.3.1.0//autogen/librail_release/\librail_efr32_gcc_release.a(pa.o)
                0x00003db4                PA_SubGhz20dbmConfigSet
 .text.PA_PowerModeConfigSet
                0x00003de0       0x1c D:/SiliconLabs/SimplicityStudio/v4/developer/stacks/rail/v1.3.1.0//autogen/librail_release/\librail_efr32_gcc_release.a(pa.o)
                0x00003de0                PA_PowerModeConfigSet
 .text.PA_StripesAndSlicesSet
                0x00003dfc       0x90 D:/SiliconLabs/SimplicityStudio/v4/developer/stacks/rail/v1.3.1.0//autogen/librail_release/\librail_efr32_gcc_release.a(pa.o)
                0x00003dfc                PA_StripesAndSlicesSet
 .text.PA_StripesAndSlicesCommonCalc
                0x00003e8c       0x50 D:/SiliconLabs/SimplicityStudio/v4/developer/stacks/rail/v1.3.1.0//autogen/librail_release/\librail_efr32_gcc_release.a(pa.o)
                0x00003e8c                PA_StripesAndSlicesCommonCalc
 .text.PA_PowerFromStripesAndSlicesCommonCalc
                0x00003edc       0x36 D:/SiliconLabs/SimplicityStudio/v4/developer/stacks/rail/v1.3.1.0//autogen/librail_release/\librail_efr32_gcc_release.a(pa.o)
                0x00003edc                PA_PowerFromStripesAndSlicesCommonCalc
 *fill*         0x00003f12        0x2 
 .text.PA_PowerLevelOptimize
                0x00003f14       0x6c D:/SiliconLabs/SimplicityStudio/v4/developer/stacks/rail/v1.3.1.0//autogen/librail_release/\librail_efr32_gcc_release.a(pa.o)
                0x00003f14                PA_PowerLevelOptimize
 .text.PA_StripesAndSlicesCalc
                0x00003f80       0x94 D:/SiliconLabs/SimplicityStudio/v4/developer/stacks/rail/v1.3.1.0//autogen/librail_release/\librail_efr32_gcc_release.a(pa.o)
                0x00003f80                PA_StripesAndSlicesCalc
 .text.PA_OutputPowerSet
                0x00004014       0x14 D:/SiliconLabs/SimplicityStudio/v4/developer/stacks/rail/v1.3.1.0//autogen/librail_release/\librail_efr32_gcc_release.a(pa.o)
                0x00004014                PA_OutputPowerSet
 .text.PA_PeakDetectorHighRun
                0x00004028       0x4c D:/SiliconLabs/SimplicityStudio/v4/developer/stacks/rail/v1.3.1.0//autogen/librail_release/\librail_efr32_gcc_release.a(pa.o)
                0x00004028                PA_PeakDetectorHighRun
 .text.PA_PeakDetectorLowRun
                0x00004074       0x20 D:/SiliconLabs/SimplicityStudio/v4/developer/stacks/rail/v1.3.1.0//autogen/librail_release/\librail_efr32_gcc_release.a(pa.o)
                0x00004074                PA_PeakDetectorLowRun
 .text.PA_BatHighRun
                0x00004094       0x3c D:/SiliconLabs/SimplicityStudio/v4/developer/stacks/rail/v1.3.1.0//autogen/librail_release/\librail_efr32_gcc_release.a(pa.o)
                0x00004094                PA_BatHighRun
 .text.PA_RampTimeGet
                0x000040d0        0xc D:/SiliconLabs/SimplicityStudio/v4/developer/stacks/rail/v1.3.1.0//autogen/librail_release/\librail_efr32_gcc_release.a(pa.o)
                0x000040d0                PA_RampTimeGet
 .text.PA_RampConfigSet
                0x000040dc       0x20 D:/SiliconLabs/SimplicityStudio/v4/developer/stacks/rail/v1.3.1.0//autogen/librail_release/\librail_efr32_gcc_release.a(pa.o)
                0x000040dc                PA_RampConfigSet
 .text.PA_RampTimeCalc
                0x000040fc       0x40 D:/SiliconLabs/SimplicityStudio/v4/developer/stacks/rail/v1.3.1.0//autogen/librail_release/\librail_efr32_gcc_release.a(pa.o)
                0x000040fc                PA_RampTimeCalc
 .text.PA_RampTimeSet
                0x0000413c       0x84 D:/SiliconLabs/SimplicityStudio/v4/developer/stacks/rail/v1.3.1.0//autogen/librail_release/\librail_efr32_gcc_release.a(pa.o)
                0x0000413c                PA_RampTimeSet
 .text.PA_BandSelect
                0x000041c0       0x48 D:/SiliconLabs/SimplicityStudio/v4/developer/stacks/rail/v1.3.1.0//autogen/librail_release/\librail_efr32_gcc_release.a(pa.o)
                0x000041c0                PA_BandSelect
 .text.RADIO_PA_Init
                0x00004208       0x98 D:/SiliconLabs/SimplicityStudio/v4/developer/stacks/rail/v1.3.1.0//autogen/librail_release/\librail_efr32_gcc_release.a(pa.o)
                0x00004208                RADIO_PA_Init
 .text.RADIO_PTI_Init
                0x000042a0       0xb8 D:/SiliconLabs/SimplicityStudio/v4/developer/stacks/rail/v1.3.1.0//autogen/librail_release/\librail_efr32_gcc_release.a(pti.o)
                0x000042a0                RADIO_PTI_Init
 .text.RADIO_PTI_Enable
                0x00004358       0x50 D:/SiliconLabs/SimplicityStudio/v4/developer/stacks/rail/v1.3.1.0//autogen/librail_release/\librail_efr32_gcc_release.a(pti.o)
                0x00004358                RADIO_PTI_Enable
 .text.RADIO_PTI_AuxdataOutput
                0x000043a8       0x1c D:/SiliconLabs/SimplicityStudio/v4/developer/stacks/rail/v1.3.1.0//autogen/librail_release/\librail_efr32_gcc_release.a(pti.o)
                0x000043a8                RADIO_PTI_AuxdataOutput
 .text.INT_Disable
                0x000043c4       0x18 D:/SiliconLabs/SimplicityStudio/v4/developer/stacks/rail/v1.3.1.0//autogen/librail_release/\librail_efr32_gcc_release.a(radio.o)
 .text.INT_Enable
                0x000043dc       0x14 D:/SiliconLabs/SimplicityStudio/v4/developer/stacks/rail/v1.3.1.0//autogen/librail_release/\librail_efr32_gcc_release.a(radio.o)
 .text.RADIO_BUFCWriteContSync
                0x000043f0       0x30 D:/SiliconLabs/SimplicityStudio/v4/developer/stacks/rail/v1.3.1.0//autogen/librail_release/\librail_efr32_gcc_release.a(radio.o)
 .text.RADIO_BUFCClear
                0x00004420       0x1a D:/SiliconLabs/SimplicityStudio/v4/developer/stacks/rail/v1.3.1.0//autogen/librail_release/\librail_efr32_gcc_release.a(radio.o)
 .text.RADIO_WriteSync
                0x0000443a        0x4 D:/SiliconLabs/SimplicityStudio/v4/developer/stacks/rail/v1.3.1.0//autogen/librail_release/\librail_efr32_gcc_release.a(radio.o)
 .text.RADIO_OrSync
                0x0000443e        0x8 D:/SiliconLabs/SimplicityStudio/v4/developer/stacks/rail/v1.3.1.0//autogen/librail_release/\librail_efr32_gcc_release.a(radio.o)
 .text.RADIO_XorSync
                0x00004446        0x8 D:/SiliconLabs/SimplicityStudio/v4/developer/stacks/rail/v1.3.1.0//autogen/librail_release/\librail_efr32_gcc_release.a(radio.o)
 .text.RADIO_AndSync
                0x0000444e        0x8 D:/SiliconLabs/SimplicityStudio/v4/developer/stacks/rail/v1.3.1.0//autogen/librail_release/\librail_efr32_gcc_release.a(radio.o)
 .text.RADIO_WaitForSetSync
                0x00004456       0x1a D:/SiliconLabs/SimplicityStudio/v4/developer/stacks/rail/v1.3.1.0//autogen/librail_release/\librail_efr32_gcc_release.a(radio.o)
 .text.RADIO_UsToStimerTickCalc
                0x00004470       0x2c D:/SiliconLabs/SimplicityStudio/v4/developer/stacks/rail/v1.3.1.0//autogen/librail_release/\librail_efr32_gcc_release.a(radio.o)
 .text.RADIO_Delay
                0x0000449c        0x6 D:/SiliconLabs/SimplicityStudio/v4/developer/stacks/rail/v1.3.1.0//autogen/librail_release/\librail_efr32_gcc_release.a(radio.o)
 .text.RADIO_SetBitSync
                0x000044a2       0x10 D:/SiliconLabs/SimplicityStudio/v4/developer/stacks/rail/v1.3.1.0//autogen/librail_release/\librail_efr32_gcc_release.a(radio.o)
 .text.RADIO_ClrBitSync
                0x000044b2       0x10 D:/SiliconLabs/SimplicityStudio/v4/developer/stacks/rail/v1.3.1.0//autogen/librail_release/\librail_efr32_gcc_release.a(radio.o)
 *fill*         0x000044c2        0x2 
 .text.RADIO_SetAndForgetWrite
                0x000044c4       0x78 D:/SiliconLabs/SimplicityStudio/v4/developer/stacks/rail/v1.3.1.0//autogen/librail_release/\librail_efr32_gcc_release.a(radio.o)
                0x000044c4                RADIO_SetAndForgetWrite
 .text.RADIO_SeqInit
                0x0000453c       0x70 D:/SiliconLabs/SimplicityStudio/v4/developer/stacks/rail/v1.3.1.0//autogen/librail_release/\librail_efr32_gcc_release.a(radio.o)
                0x0000453c                RADIO_SeqInit
 .text.RADIO_CLKEnable
                0x000045ac       0x68 D:/SiliconLabs/SimplicityStudio/v4/developer/stacks/rail/v1.3.1.0//autogen/librail_release/\librail_efr32_gcc_release.a(radio.o)
                0x000045ac                RADIO_CLKEnable
 .text.RADIO_Config
                0x00004614       0x64 D:/SiliconLabs/SimplicityStudio/v4/developer/stacks/rail/v1.3.1.0//autogen/librail_release/\librail_efr32_gcc_release.a(radio.o)
                0x00004614                RADIO_Config
 .text.RADIO_RegisterIrqCallback
                0x00004678        0xc D:/SiliconLabs/SimplicityStudio/v4/developer/stacks/rail/v1.3.1.0//autogen/librail_release/\librail_efr32_gcc_release.a(radio.o)
                0x00004678                RADIO_RegisterIrqCallback
 .text.FRC_PRI_IRQHandler
                0x00004684        0xc D:/SiliconLabs/SimplicityStudio/v4/developer/stacks/rail/v1.3.1.0//autogen/librail_release/\librail_efr32_gcc_release.a(radio.o)
                0x00004684                FRC_PRI_IRQHandler
 .text.FRC_IRQHandler
                0x00004690        0xc D:/SiliconLabs/SimplicityStudio/v4/developer/stacks/rail/v1.3.1.0//autogen/librail_release/\librail_efr32_gcc_release.a(radio.o)
                0x00004690                FRC_IRQHandler
 .text.RAC_RSM_IRQHandler
                0x0000469c        0xc D:/SiliconLabs/SimplicityStudio/v4/developer/stacks/rail/v1.3.1.0//autogen/librail_release/\librail_efr32_gcc_release.a(radio.o)
                0x0000469c                RAC_RSM_IRQHandler
 .text.RAC_SEQ_IRQHandler
                0x000046a8        0xc D:/SiliconLabs/SimplicityStudio/v4/developer/stacks/rail/v1.3.1.0//autogen/librail_release/\librail_efr32_gcc_release.a(radio.o)
                0x000046a8                RAC_SEQ_IRQHandler
 .text.AGC_IRQHandler
                0x000046b4        0xc D:/SiliconLabs/SimplicityStudio/v4/developer/stacks/rail/v1.3.1.0//autogen/librail_release/\librail_efr32_gcc_release.a(radio.o)
                0x000046b4                AGC_IRQHandler
 .text.PROTIMER_IRQHandler
                0x000046c0        0xc D:/SiliconLabs/SimplicityStudio/v4/developer/stacks/rail/v1.3.1.0//autogen/librail_release/\librail_efr32_gcc_release.a(radio.o)
                0x000046c0                PROTIMER_IRQHandler
 .text.BUFC_IRQHandler
                0x000046cc        0xc D:/SiliconLabs/SimplicityStudio/v4/developer/stacks/rail/v1.3.1.0//autogen/librail_release/\librail_efr32_gcc_release.a(radio.o)
                0x000046cc                BUFC_IRQHandler
 .text.MODEM_IRQHandler
                0x000046d8        0xc D:/SiliconLabs/SimplicityStudio/v4/developer/stacks/rail/v1.3.1.0//autogen/librail_release/\librail_efr32_gcc_release.a(radio.o)
                0x000046d8                MODEM_IRQHandler
 .text.RADIO_TxBufferSet
                0x000046e4       0x58 D:/SiliconLabs/SimplicityStudio/v4/developer/stacks/rail/v1.3.1.0//autogen/librail_release/\librail_efr32_gcc_release.a(radio.o)
                0x000046e4                RADIO_TxBufferSet
 .text.RADIO_TxBufferReset
                0x0000473c        0xc D:/SiliconLabs/SimplicityStudio/v4/developer/stacks/rail/v1.3.1.0//autogen/librail_release/\librail_efr32_gcc_release.a(radio.o)
                0x0000473c                RADIO_TxBufferReset
 .text.RADIO_TxAckBufferSet
                0x00004748       0x24 D:/SiliconLabs/SimplicityStudio/v4/developer/stacks/rail/v1.3.1.0//autogen/librail_release/\librail_efr32_gcc_release.a(radio.o)
                0x00004748                RADIO_TxAckBufferSet
 .text.RADIO_TxAckBufferReset
                0x0000476c        0x8 D:/SiliconLabs/SimplicityStudio/v4/developer/stacks/rail/v1.3.1.0//autogen/librail_release/\librail_efr32_gcc_release.a(radio.o)
                0x0000476c                RADIO_TxAckBufferReset
 .text.RADIO_RXBufferDisableThrInt
                0x00004774       0x14 D:/SiliconLabs/SimplicityStudio/v4/developer/stacks/rail/v1.3.1.0//autogen/librail_release/\librail_efr32_gcc_release.a(radio.o)
                0x00004774                RADIO_RXBufferDisableThrInt
 .text.RADIO_RxBufferSet
                0x00004788       0x1c D:/SiliconLabs/SimplicityStudio/v4/developer/stacks/rail/v1.3.1.0//autogen/librail_release/\librail_efr32_gcc_release.a(radio.o)
                0x00004788                RADIO_RxBufferSet
 .text.RADIO_RxBufferGet
                0x000047a4        0xc D:/SiliconLabs/SimplicityStudio/v4/developer/stacks/rail/v1.3.1.0//autogen/librail_release/\librail_efr32_gcc_release.a(radio.o)
                0x000047a4                RADIO_RxBufferGet
 .text.RADIO_RxBufferReset
                0x000047b0       0x1c D:/SiliconLabs/SimplicityStudio/v4/developer/stacks/rail/v1.3.1.0//autogen/librail_release/\librail_efr32_gcc_release.a(radio.o)
                0x000047b0                RADIO_RxBufferReset
 .text.RADIO_BUFCIrqHandler
                0x000047cc       0xa4 D:/SiliconLabs/SimplicityStudio/v4/developer/stacks/rail/v1.3.1.0//autogen/librail_release/\librail_efr32_gcc_release.a(radio.o)
 .text.RADIO_RxTrailDataLength
                0x00004870       0x3c D:/SiliconLabs/SimplicityStudio/v4/developer/stacks/rail/v1.3.1.0//autogen/librail_release/\librail_efr32_gcc_release.a(radio.o)
                0x00004870                RADIO_RxTrailDataLength
 .text.RADIO_RxBufferPacketAvailable
                0x000048ac       0x18 D:/SiliconLabs/SimplicityStudio/v4/developer/stacks/rail/v1.3.1.0//autogen/librail_release/\librail_efr32_gcc_release.a(radio.o)
                0x000048ac                RADIO_RxBufferPacketAvailable
 .text.RADIO_RxBufferBytesAvailable
                0x000048c4       0x10 D:/SiliconLabs/SimplicityStudio/v4/developer/stacks/rail/v1.3.1.0//autogen/librail_release/\librail_efr32_gcc_release.a(radio.o)
                0x000048c4                RADIO_RxBufferBytesAvailable
 .text.RADIO_TxBufferBytesAvailable
                0x000048d4       0x10 D:/SiliconLabs/SimplicityStudio/v4/developer/stacks/rail/v1.3.1.0//autogen/librail_release/\librail_efr32_gcc_release.a(radio.o)
                0x000048d4                RADIO_TxBufferBytesAvailable
 .text.RADIO_RxBufferReadByte
                0x000048e4        0xc D:/SiliconLabs/SimplicityStudio/v4/developer/stacks/rail/v1.3.1.0//autogen/librail_release/\librail_efr32_gcc_release.a(radio.o)
                0x000048e4                RADIO_RxBufferReadByte
 .text.RADIO_FrameControlDescrBufferIdSet
                0x000048f0       0x24 D:/SiliconLabs/SimplicityStudio/v4/developer/stacks/rail/v1.3.1.0//autogen/librail_release/\librail_efr32_gcc_release.a(radio.o)
                0x000048f0                RADIO_FrameControlDescrBufferIdSet
 .text.RADIO_Init
                0x00004914      0x108 D:/SiliconLabs/SimplicityStudio/v4/developer/stacks/rail/v1.3.1.0//autogen/librail_release/\librail_efr32_gcc_release.a(radio.o)
                0x00004914                RADIO_Init
 .text.RADIO_BUFCReadContASync
                0x00004a1c       0x1c D:/SiliconLabs/SimplicityStudio/v4/developer/stacks/rail/v1.3.1.0//autogen/librail_release/\librail_efr32_gcc_release.a(radio.o)
                0x00004a1c                RADIO_BUFCReadContASync
 .text.RADIO_RxBufferReadBytes
                0x00004a38        0xc D:/SiliconLabs/SimplicityStudio/v4/developer/stacks/rail/v1.3.1.0//autogen/librail_release/\librail_efr32_gcc_release.a(radio.o)
                0x00004a38                RADIO_RxBufferReadBytes
 .text.RADIO_RxBufferDropBytes
                0x00004a44       0x1a D:/SiliconLabs/SimplicityStudio/v4/developer/stacks/rail/v1.3.1.0//autogen/librail_release/\librail_efr32_gcc_release.a(radio.o)
                0x00004a44                RADIO_RxBufferDropBytes
 .text.RADIO_RxLengthReadNext
                0x00004a5e       0x28 D:/SiliconLabs/SimplicityStudio/v4/developer/stacks/rail/v1.3.1.0//autogen/librail_release/\librail_efr32_gcc_release.a(radio.o)
                0x00004a5e                RADIO_RxLengthReadNext
 .text.RADIO_FRCErrorHandle
                0x00004a86        0x4 D:/SiliconLabs/SimplicityStudio/v4/developer/stacks/rail/v1.3.1.0//autogen/librail_release/\librail_efr32_gcc_release.a(radio.o)
                0x00004a86                RADIO_FRCErrorHandle
 *fill*         0x00004a8a        0x2 
 .text.RADIO_TxWarmTimeSet
                0x00004a8c       0x44 D:/SiliconLabs/SimplicityStudio/v4/developer/stacks/rail/v1.3.1.0//autogen/librail_release/\librail_efr32_gcc_release.a(radio.o)
                0x00004a8c                RADIO_TxWarmTimeSet
 .text.RADIO_RxToTxTimeSet
                0x00004ad0       0x3c D:/SiliconLabs/SimplicityStudio/v4/developer/stacks/rail/v1.3.1.0//autogen/librail_release/\librail_efr32_gcc_release.a(radio.o)
                0x00004ad0                RADIO_RxToTxTimeSet
 .text.RADIO_TxToTxTimeSet
                0x00004b0c       0x50 D:/SiliconLabs/SimplicityStudio/v4/developer/stacks/rail/v1.3.1.0//autogen/librail_release/\librail_efr32_gcc_release.a(radio.o)
                0x00004b0c                RADIO_TxToTxTimeSet
 .text.RADIO_TxToRxTimeSet
                0x00004b5c       0x2c D:/SiliconLabs/SimplicityStudio/v4/developer/stacks/rail/v1.3.1.0//autogen/librail_release/\librail_efr32_gcc_release.a(radio.o)
                0x00004b5c                RADIO_TxToRxTimeSet
 .text.RADIO_RxWarmTimeSet
                0x00004b88       0x30 D:/SiliconLabs/SimplicityStudio/v4/developer/stacks/rail/v1.3.1.0//autogen/librail_release/\librail_efr32_gcc_release.a(radio.o)
                0x00004b88                RADIO_RxWarmTimeSet
 .text.RADIO_RxSearchTimeSet
                0x00004bb8       0x20 D:/SiliconLabs/SimplicityStudio/v4/developer/stacks/rail/v1.3.1.0//autogen/librail_release/\librail_efr32_gcc_release.a(radio.o)
                0x00004bb8                RADIO_RxSearchTimeSet
 .text.RADIO_TxToRxSearchTimeSet
                0x00004bd8       0x20 D:/SiliconLabs/SimplicityStudio/v4/developer/stacks/rail/v1.3.1.0//autogen/librail_release/\librail_efr32_gcc_release.a(radio.o)
                0x00004bd8                RADIO_TxToRxSearchTimeSet
 .text.RADIO_GetRSSI
                0x00004bf8       0x4c D:/SiliconLabs/SimplicityStudio/v4/developer/stacks/rail/v1.3.1.0//autogen/librail_release/\librail_efr32_gcc_release.a(radio.o)
                0x00004bf8                RADIO_GetRSSI
 .text.RFTEST_BerEmptyBufcAndUpdateStats
                0x00004c44       0xa0 D:/SiliconLabs/SimplicityStudio/v4/developer/stacks/rail/v1.3.1.0//autogen/librail_release/\librail_efr32_gcc_release.a(rf_test.o)
                0x00004c44                RFTEST_BerEmptyBufcAndUpdateStats
 .text.SYNTH_IfFreqCompute
                0x00004ce4       0x4c D:/SiliconLabs/SimplicityStudio/v4/developer/stacks/rail/v1.3.1.0//autogen/librail_release/\librail_efr32_gcc_release.a(synth.o)
                0x00004ce4                SYNTH_IfFreqCompute
 .text.SYNTH_LoDivGet
                0x00004d30       0x20 D:/SiliconLabs/SimplicityStudio/v4/developer/stacks/rail/v1.3.1.0//autogen/librail_release/\librail_efr32_gcc_release.a(synth.o)
                0x00004d30                SYNTH_LoDivGet
 .text.SYNTH_Is2p4GHz
                0x00004d50       0x14 D:/SiliconLabs/SimplicityStudio/v4/developer/stacks/rail/v1.3.1.0//autogen/librail_release/\librail_efr32_gcc_release.a(synth.o)
                0x00004d50                SYNTH_Is2p4GHz
 *fill*         0x00004d64        0x4 
 .text.SYNTH_VcoRangeIsValid
                0x00004d68       0x58 D:/SiliconLabs/SimplicityStudio/v4/developer/stacks/rail/v1.3.1.0//autogen/librail_release/\librail_efr32_gcc_release.a(synth.o)
                0x00004d68                SYNTH_VcoRangeIsValid
 .text.SYNTH_RetimeLimitsConfig
                0x00004dc0       0x44 D:/SiliconLabs/SimplicityStudio/v4/developer/stacks/rail/v1.3.1.0//autogen/librail_release/\librail_efr32_gcc_release.a(synth.o)
                0x00004dc0                SYNTH_RetimeLimitsConfig
 .text.SYNTH_RetimeClkConfig
                0x00004e04       0xb0 D:/SiliconLabs/SimplicityStudio/v4/developer/stacks/rail/v1.3.1.0//autogen/librail_release/\librail_efr32_gcc_release.a(synth.o)
                0x00004e04                SYNTH_RetimeClkConfig
 .text.SYNTH_Config
                0x00004eb4      0x100 D:/SiliconLabs/SimplicityStudio/v4/developer/stacks/rail/v1.3.1.0//autogen/librail_release/\librail_efr32_gcc_release.a(synth.o)
                0x00004eb4                SYNTH_Config
 .text.SYNTH_ChannelSet
                0x00004fb4       0x2c D:/SiliconLabs/SimplicityStudio/v4/developer/stacks/rail/v1.3.1.0//autogen/librail_release/\librail_efr32_gcc_release.a(synth.o)
                0x00004fb4                SYNTH_ChannelSet
 .text.SYNTH_DCDCRetimeEnable
                0x00004fe0        0xc D:/SiliconLabs/SimplicityStudio/v4/developer/stacks/rail/v1.3.1.0//autogen/librail_release/\librail_efr32_gcc_release.a(synth.o)
                0x00004fe0                SYNTH_DCDCRetimeEnable
 .text.SYNTH_DCDCRetimeClkSet
                0x00004fec       0x24 D:/SiliconLabs/SimplicityStudio/v4/developer/stacks/rail/v1.3.1.0//autogen/librail_release/\librail_efr32_gcc_release.a(synth.o)
                0x00004fec                SYNTH_DCDCRetimeClkSet
 .text.RADIOCMU_ClockEnable
                0x00005010       0x3c D:/SiliconLabs/SimplicityStudio/v4/developer/stacks/rail/v1.3.1.0//autogen/librail_release/\librail_efr32_gcc_release.a(radio_cmu.o)
                0x00005010                RADIOCMU_ClockEnable
 .text.RADIOCMU_ClockFreqGet
                0x0000504c       0x88 D:/SiliconLabs/SimplicityStudio/v4/developer/stacks/rail/v1.3.1.0//autogen/librail_release/\librail_efr32_gcc_release.a(radio_cmu.o)
                0x0000504c                RADIOCMU_ClockFreqGet
 .text.RADIOCMU_ClockPrescGet
                0x000050d4       0x1c D:/SiliconLabs/SimplicityStudio/v4/developer/stacks/rail/v1.3.1.0//autogen/librail_release/\librail_efr32_gcc_release.a(radio_cmu.o)
                0x000050d4                RADIOCMU_ClockPrescGet
 .text.RAIL_RadioConfig
                0x000050f0       0x14 D:/SiliconLabs/SimplicityStudio/v4/developer/stacks/rail/v1.3.1.0//autogen/librail_release/\librail_efr32_gcc_release.a(phy.o)
                0x000050f0                RAIL_RadioConfig
 .text.RAIL_ChannelConfig
                0x00005104       0x48 D:/SiliconLabs/SimplicityStudio/v4/developer/stacks/rail/v1.3.1.0//autogen/librail_release/\librail_efr32_gcc_release.a(phy.o)
                0x00005104                RAIL_ChannelConfig
 .text.RAIL_PacketLengthConfigFrameType
                0x0000514c        0x4 D:/SiliconLabs/SimplicityStudio/v4/developer/stacks/rail/v1.3.1.0//autogen/librail_release/\librail_efr32_gcc_release.a(phy.o)
                0x0000514c                RAIL_PacketLengthConfigFrameType
 .text.INT_Disable
                0x00005150       0x18 D:/SiliconLabs/SimplicityStudio/v4/developer/stacks/rail/v1.3.1.0//autogen/librail_release/\librail_efr32_gcc_release.a(rail_rf_hal.o)
 .text.INT_Enable
                0x00005168       0x14 D:/SiliconLabs/SimplicityStudio/v4/developer/stacks/rail/v1.3.1.0//autogen/librail_release/\librail_efr32_gcc_release.a(rail_rf_hal.o)
 .text.pktTxDoneEvt
                0x0000517c       0x1c D:/SiliconLabs/SimplicityStudio/v4/developer/stacks/rail/v1.3.1.0//autogen/librail_release/\librail_efr32_gcc_release.a(rail_rf_hal.o)
                0x0000517c                pktTxDoneEvt
 .text.pktRxOverflow
                0x00005198        0x6 D:/SiliconLabs/SimplicityStudio/v4/developer/stacks/rail/v1.3.1.0//autogen/librail_release/\librail_efr32_gcc_release.a(rail_rf_hal.o)
                0x00005198                pktRxOverflow
 .text.preambleDetected
                0x0000519e        0x6 D:/SiliconLabs/SimplicityStudio/v4/developer/stacks/rail/v1.3.1.0//autogen/librail_release/\librail_efr32_gcc_release.a(rail_rf_hal.o)
                0x0000519e                preambleDetected
 .text.frameDet0
                0x000051a4        0x6 D:/SiliconLabs/SimplicityStudio/v4/developer/stacks/rail/v1.3.1.0//autogen/librail_release/\librail_efr32_gcc_release.a(rail_rf_hal.o)
                0x000051a4                frameDet0
 .text.pktTxErrorEvt
                0x000051aa        0x6 D:/SiliconLabs/SimplicityStudio/v4/developer/stacks/rail/v1.3.1.0//autogen/librail_release/\librail_efr32_gcc_release.a(rail_rf_hal.o)
                0x000051aa                pktTxErrorEvt
 .text.racStateChange
                0x000051b0       0x10 D:/SiliconLabs/SimplicityStudio/v4/developer/stacks/rail/v1.3.1.0//autogen/librail_release/\librail_efr32_gcc_release.a(rail_rf_hal.o)
                0x000051b0                racStateChange
 .text.softwareTimerExpired
                0x000051c0       0x18 D:/SiliconLabs/SimplicityStudio/v4/developer/stacks/rail/v1.3.1.0//autogen/librail_release/\librail_efr32_gcc_release.a(rail_rf_hal.o)
                0x000051c0                softwareTimerExpired
 .text.racCalRequest
                0x000051d8        0x6 D:/SiliconLabs/SimplicityStudio/v4/developer/stacks/rail/v1.3.1.0//autogen/librail_release/\librail_efr32_gcc_release.a(rail_rf_hal.o)
                0x000051d8                racCalRequest
 *fill*         0x000051de        0x2 
 .text.rxTimeout
                0x000051e0       0x2c D:/SiliconLabs/SimplicityStudio/v4/developer/stacks/rail/v1.3.1.0//autogen/librail_release/\librail_efr32_gcc_release.a(rail_rf_hal.o)
                0x000051e0                rxTimeout
 .text.sequencerInterrupt
                0x0000520c       0x9c D:/SiliconLabs/SimplicityStudio/v4/developer/stacks/rail/v1.3.1.0//autogen/librail_release/\librail_efr32_gcc_release.a(rail_rf_hal.o)
                0x0000520c                sequencerInterrupt
 .text.protmrLbtEvt
                0x000052a8       0x70 D:/SiliconLabs/SimplicityStudio/v4/developer/stacks/rail/v1.3.1.0//autogen/librail_release/\librail_efr32_gcc_release.a(rail_rf_hal.o)
                0x000052a8                protmrLbtEvt
 .text.pktRxDoneEvt
                0x00005318      0x118 D:/SiliconLabs/SimplicityStudio/v4/developer/stacks/rail/v1.3.1.0//autogen/librail_release/\librail_efr32_gcc_release.a(rail_rf_hal.o)
                0x00005318                pktRxDoneEvt
 .text.pktRxFrmErr
                0x00005430       0x10 D:/SiliconLabs/SimplicityStudio/v4/developer/stacks/rail/v1.3.1.0//autogen/librail_release/\librail_efr32_gcc_release.a(rail_rf_hal.o)
                0x00005430                pktRxFrmErr
 .text.RFHAL_Init
                0x00005440       0x58 D:/SiliconLabs/SimplicityStudio/v4/developer/stacks/rail/v1.3.1.0//autogen/librail_release/\librail_efr32_gcc_release.a(rail_rf_hal.o)
                0x00005440                RFHAL_Init
 .text.RFHAL_IdleExt
                0x00005498       0x1c D:/SiliconLabs/SimplicityStudio/v4/developer/stacks/rail/v1.3.1.0//autogen/librail_release/\librail_efr32_gcc_release.a(rail_rf_hal.o)
                0x00005498                RFHAL_IdleExt
 .text.RFHAL_StateGet
                0x000054b4       0x68 D:/SiliconLabs/SimplicityStudio/v4/developer/stacks/rail/v1.3.1.0//autogen/librail_release/\librail_efr32_gcc_release.a(rail_rf_hal.o)
                0x000054b4                RFHAL_StateGet
 .text.RFHAL_HeadedToIdle
                0x0000551c       0x58 D:/SiliconLabs/SimplicityStudio/v4/developer/stacks/rail/v1.3.1.0//autogen/librail_release/\librail_efr32_gcc_release.a(rail_rf_hal.o)
                0x0000551c                RFHAL_HeadedToIdle
 .text.RFHAL_TxDataLoad
                0x00005574       0x40 D:/SiliconLabs/SimplicityStudio/v4/developer/stacks/rail/v1.3.1.0//autogen/librail_release/\librail_efr32_gcc_release.a(rail_rf_hal.o)
                0x00005574                RFHAL_TxDataLoad
 .text.RFHAL_RxIntEnable
                0x000055b4       0x60 D:/SiliconLabs/SimplicityStudio/v4/developer/stacks/rail/v1.3.1.0//autogen/librail_release/\librail_efr32_gcc_release.a(rail_rf_hal.o)
                0x000055b4                RFHAL_RxIntEnable
 .text.RFHAL_SetChannelConfig
                0x00005614       0x18 D:/SiliconLabs/SimplicityStudio/v4/developer/stacks/rail/v1.3.1.0//autogen/librail_release/\librail_efr32_gcc_release.a(rail_rf_hal.o)
                0x00005614                RFHAL_SetChannelConfig
 .text.RAIL_TimerCancel
                0x0000562c       0x20 D:/SiliconLabs/SimplicityStudio/v4/developer/stacks/rail/v1.3.1.0//autogen/librail_release/\librail_efr32_gcc_release.a(rail_rf_hal.o)
                0x0000562c                RAIL_TimerCancel
 .text.RAIL_TimerSet
                0x0000564c       0x54 D:/SiliconLabs/SimplicityStudio/v4/developer/stacks/rail/v1.3.1.0//autogen/librail_release/\librail_efr32_gcc_release.a(rail_rf_hal.o)
                0x0000564c                RAIL_TimerSet
 .text.RAIL_TimerIsRunning
                0x000056a0        0x4 D:/SiliconLabs/SimplicityStudio/v4/developer/stacks/rail/v1.3.1.0//autogen/librail_release/\librail_efr32_gcc_release.a(rail_rf_hal.o)
                0x000056a0                RAIL_TimerIsRunning
 .text.RFHAL_SetChannel
                0x000056a4       0x4c D:/SiliconLabs/SimplicityStudio/v4/developer/stacks/rail/v1.3.1.0//autogen/librail_release/\librail_efr32_gcc_release.a(rail_rf_hal.o)
                0x000056a4                RFHAL_SetChannel
 .text.RFHAL_RxStart
                0x000056f0       0x2c D:/SiliconLabs/SimplicityStudio/v4/developer/stacks/rail/v1.3.1.0//autogen/librail_release/\librail_efr32_gcc_release.a(rail_rf_hal.o)
                0x000056f0                RFHAL_RxStart
 .text.RFHAL_AutoAckIsEnabled
                0x0000571c       0x10 D:/SiliconLabs/SimplicityStudio/v4/developer/stacks/rail/v1.3.1.0//autogen/librail_release/\librail_efr32_gcc_release.a(rail_rf_hal.o)
                0x0000571c                RFHAL_AutoAckIsEnabled
 .text.RFHAL_AutoAckWaitForAck
                0x0000572c       0x10 D:/SiliconLabs/SimplicityStudio/v4/developer/stacks/rail/v1.3.1.0//autogen/librail_release/\librail_efr32_gcc_release.a(rail_rf_hal.o)
                0x0000572c                RFHAL_AutoAckWaitForAck
 .text.RFHAL_TxStart
                0x0000573c       0x3c D:/SiliconLabs/SimplicityStudio/v4/developer/stacks/rail/v1.3.1.0//autogen/librail_release/\librail_efr32_gcc_release.a(rail_rf_hal.o)
                0x0000573c                RFHAL_TxStart
 .text.RAIL_RfInit
                0x00005778       0x18 D:/SiliconLabs/SimplicityStudio/v4/developer/stacks/rail/v1.3.1.0//autogen/librail_release/\librail_efr32_gcc_release.a(rail_rf.o)
                0x00005778                RAIL_RfInit
 .text.RAIL_RfIdle
                0x00005790        0x6 D:/SiliconLabs/SimplicityStudio/v4/developer/stacks/rail/v1.3.1.0//autogen/librail_release/\librail_efr32_gcc_release.a(rail_rf.o)
                0x00005790                RAIL_RfIdle
 .text.RAIL_RfStateGet
                0x00005796        0x4 D:/SiliconLabs/SimplicityStudio/v4/developer/stacks/rail/v1.3.1.0//autogen/librail_release/\librail_efr32_gcc_release.a(rail_rf.o)
                0x00005796                RAIL_RfStateGet
 *fill*         0x0000579a        0x2 
 .text.RAILInt_SetChannelConfig
                0x0000579c       0x50 D:/SiliconLabs/SimplicityStudio/v4/developer/stacks/rail/v1.3.1.0//autogen/librail_release/\librail_efr32_gcc_release.a(rail_rf.o)
                0x0000579c                RAILInt_SetChannelConfig
 .text.RAILInt_TrackChannelConfig
                0x000057ec        0xc D:/SiliconLabs/SimplicityStudio/v4/developer/stacks/rail/v1.3.1.0//autogen/librail_release/\librail_efr32_gcc_release.a(rail_rf.o)
                0x000057ec                RAILInt_TrackChannelConfig
 .text.RAILInt_GetChannelStart
                0x000057f8        0xc D:/SiliconLabs/SimplicityStudio/v4/developer/stacks/rail/v1.3.1.0//autogen/librail_release/\librail_efr32_gcc_release.a(rail_rf.o)
                0x000057f8                RAILInt_GetChannelStart
 .text.RAIL_DebugModeGet
                0x00005804        0xc D:/SiliconLabs/SimplicityStudio/v4/developer/stacks/rail/v1.3.1.0//autogen/librail_release/\librail_efr32_gcc_release.a(rail_rf.o)
                0x00005804                RAIL_DebugModeGet
 .text.RAIL_RxConfig
                0x00005810       0x1a D:/SiliconLabs/SimplicityStudio/v4/developer/stacks/rail/v1.3.1.0//autogen/librail_release/\librail_efr32_gcc_release.a(rail_rx.o)
                0x00005810                RAIL_RxConfig
 .text.RAIL_RxStart
                0x0000582a       0x28 D:/SiliconLabs/SimplicityStudio/v4/developer/stacks/rail/v1.3.1.0//autogen/librail_release/\librail_efr32_gcc_release.a(rail_rx.o)
                0x0000582a                RAIL_RxStart
 .text.RAILCb_RxRadioStatusExt
                0x00005852        0xa D:/SiliconLabs/SimplicityStudio/v4/developer/stacks/rail/v1.3.1.0//autogen/librail_release/\librail_efr32_gcc_release.a(rail_rx.o)
                0x00005852                RAILCb_RxRadioStatusExt
 .text.RAIL_TxDataLoad
                0x0000585c        0x4 D:/SiliconLabs/SimplicityStudio/v4/developer/stacks/rail/v1.3.1.0//autogen/librail_release/\librail_efr32_gcc_release.a(rail_tx.o)
                0x0000585c                RAIL_TxDataLoad
 .text.RAIL_TxStartWithOptions
                0x00005860       0x3a D:/SiliconLabs/SimplicityStudio/v4/developer/stacks/rail/v1.3.1.0//autogen/librail_release/\librail_efr32_gcc_release.a(rail_tx.o)
                0x00005860                RAIL_TxStartWithOptions
 .text.RAIL_TxStart
                0x0000589a       0x12 D:/SiliconLabs/SimplicityStudio/v4/developer/stacks/rail/v1.3.1.0//autogen/librail_release/\librail_efr32_gcc_release.a(rail_tx.o)
                0x0000589a                RAIL_TxStart
 .text.INT_Disable
                0x000058ac       0x18 D:/SiliconLabs/SimplicityStudio/v4/developer/stacks/rail/v1.3.1.0//autogen/librail_release/\librail_efr32_gcc_release.a(rail_calibration.o)
 .text.INT_Enable
                0x000058c4       0x14 D:/SiliconLabs/SimplicityStudio/v4/developer/stacks/rail/v1.3.1.0//autogen/librail_release/\librail_efr32_gcc_release.a(rail_calibration.o)
 .text.RFHAL_CalibrationInit
                0x000058d8       0x24 D:/SiliconLabs/SimplicityStudio/v4/developer/stacks/rail/v1.3.1.0//autogen/librail_release/\librail_efr32_gcc_release.a(rail_calibration.o)
                0x000058d8                RFHAL_CalibrationInit
 .text.RFHAL_CalibrationPend
                0x000058fc       0x30 D:/SiliconLabs/SimplicityStudio/v4/developer/stacks/rail/v1.3.1.0//autogen/librail_release/\librail_efr32_gcc_release.a(rail_calibration.o)
                0x000058fc                RFHAL_CalibrationPend
 .text.RFHAL_CalibrationEnableGet
                0x0000592c        0xc D:/SiliconLabs/SimplicityStudio/v4/developer/stacks/rail/v1.3.1.0//autogen/librail_release/\librail_efr32_gcc_release.a(rail_calibration.o)
                0x0000592c                RFHAL_CalibrationEnableGet
 .text.INT_Disable
                0x00005938       0x18 D:/SiliconLabs/SimplicityStudio/v4/developer/stacks/rail/v1.3.1.0//autogen/librail_release/\librail_efr32_gcc_release.a(protimer.o)
 .text.INT_Enable
                0x00005950       0x14 D:/SiliconLabs/SimplicityStudio/v4/developer/stacks/rail/v1.3.1.0//autogen/librail_release/\librail_efr32_gcc_release.a(protimer.o)
 .text.PROTIMER_Init
                0x00005964       0x54 D:/SiliconLabs/SimplicityStudio/v4/developer/stacks/rail/v1.3.1.0//autogen/librail_release/\librail_efr32_gcc_release.a(protimer.o)
                0x00005964                PROTIMER_Init
 .text.PROTIMER_Start
                0x000059b8       0x1c D:/SiliconLabs/SimplicityStudio/v4/developer/stacks/rail/v1.3.1.0//autogen/librail_release/\librail_efr32_gcc_release.a(protimer.o)
                0x000059b8                PROTIMER_Start
 .text.PROTIMER_Stop
                0x000059d4       0x20 D:/SiliconLabs/SimplicityStudio/v4/developer/stacks/rail/v1.3.1.0//autogen/librail_release/\librail_efr32_gcc_release.a(protimer.o)
                0x000059d4                PROTIMER_Stop
 .text.PROTIMER_IsRunning
                0x000059f4       0x10 D:/SiliconLabs/SimplicityStudio/v4/developer/stacks/rail/v1.3.1.0//autogen/librail_release/\librail_efr32_gcc_release.a(protimer.o)
                0x000059f4                PROTIMER_IsRunning
 .text.PROTIMER_Reset
                0x00005a04       0x10 D:/SiliconLabs/SimplicityStudio/v4/developer/stacks/rail/v1.3.1.0//autogen/librail_release/\librail_efr32_gcc_release.a(protimer.o)
                0x00005a04                PROTIMER_Reset
 .text.PROTIMER_ElapsedTime
                0x00005a14       0x18 D:/SiliconLabs/SimplicityStudio/v4/developer/stacks/rail/v1.3.1.0//autogen/librail_release/\librail_efr32_gcc_release.a(protimer.o)
                0x00005a14                PROTIMER_ElapsedTime
 .text.PROTIMER_CCTimerStop
                0x00005a2c       0x20 D:/SiliconLabs/SimplicityStudio/v4/developer/stacks/rail/v1.3.1.0//autogen/librail_release/\librail_efr32_gcc_release.a(protimer.o)
                0x00005a2c                PROTIMER_CCTimerStop
 .text.PROTIMER_CCTimerStart
                0x00005a4c       0xb4 D:/SiliconLabs/SimplicityStudio/v4/developer/stacks/rail/v1.3.1.0//autogen/librail_release/\librail_efr32_gcc_release.a(protimer.o)
                0x00005a4c                PROTIMER_CCTimerStart
 .text.PROTIMER_CCTimerIsEnabled
                0x00005b00       0x10 D:/SiliconLabs/SimplicityStudio/v4/developer/stacks/rail/v1.3.1.0//autogen/librail_release/\librail_efr32_gcc_release.a(protimer.o)
                0x00005b00                PROTIMER_CCTimerIsEnabled
 .text.PROTIMER_CCTimerCapture
                0x00005b10       0x14 D:/SiliconLabs/SimplicityStudio/v4/developer/stacks/rail/v1.3.1.0//autogen/librail_release/\librail_efr32_gcc_release.a(protimer.o)
                0x00005b10                PROTIMER_CCTimerCapture
 .text.PROTIMER_ClearTxEnable
                0x00005b24        0xc D:/SiliconLabs/SimplicityStudio/v4/developer/stacks/rail/v1.3.1.0//autogen/librail_release/\librail_efr32_gcc_release.a(protimer.o)
                0x00005b24                PROTIMER_ClearTxEnable
 .text.PROTIMER_ClearRxEnable
                0x00005b30       0x10 D:/SiliconLabs/SimplicityStudio/v4/developer/stacks/rail/v1.3.1.0//autogen/librail_release/\librail_efr32_gcc_release.a(protimer.o)
                0x00005b30                PROTIMER_ClearRxEnable
 .text.PROTIMER_GetCCTime
                0x00005b40        0xc D:/SiliconLabs/SimplicityStudio/v4/developer/stacks/rail/v1.3.1.0//autogen/librail_release/\librail_efr32_gcc_release.a(protimer.o)
                0x00005b40                PROTIMER_GetCCTime
 .text.PROTIMER_LBTStop
                0x00005b4c       0x20 D:/SiliconLabs/SimplicityStudio/v4/developer/stacks/rail/v1.3.1.0//autogen/librail_release/\librail_efr32_gcc_release.a(protimer.o)
                0x00005b4c                PROTIMER_LBTStop
 .text.PROTIMER_LBTIsActive
                0x00005b6c       0x14 D:/SiliconLabs/SimplicityStudio/v4/developer/stacks/rail/v1.3.1.0//autogen/librail_release/\librail_efr32_gcc_release.a(protimer.o)
                0x00005b6c                PROTIMER_LBTIsActive
 .text.PROTIMER_PrecntOverflowToUs
                0x00005b80        0xa D:/SiliconLabs/SimplicityStudio/v4/developer/stacks/rail/v1.3.1.0//autogen/librail_release/\librail_efr32_gcc_release.a(protimer.o)
                0x00005b80                PROTIMER_PrecntOverflowToUs
 .text.PROTIMER_UsToPrecntOverflow
                0x00005b8a        0xa D:/SiliconLabs/SimplicityStudio/v4/developer/stacks/rail/v1.3.1.0//autogen/librail_release/\librail_efr32_gcc_release.a(protimer.o)
                0x00005b8a                PROTIMER_UsToPrecntOverflow
 .text.PROTIMER_DelayUs
                0x00005b94       0x48 D:/SiliconLabs/SimplicityStudio/v4/developer/stacks/rail/v1.3.1.0//autogen/librail_release/\librail_efr32_gcc_release.a(protimer.o)
                0x00005b94                PROTIMER_DelayUs
 .text.PHY_UTILS_DelayUs
                0x00005bdc       0x2a D:/SiliconLabs/SimplicityStudio/v4/developer/stacks/rail/v1.3.1.0//autogen/librail_release/\librail_efr32_gcc_release.a(phy_utils.o)
                0x00005bdc                PHY_UTILS_DelayUs
 *fill*         0x00005c06        0x2 
 .text.INT_Disable
                0x00005c08       0x18 D:/SiliconLabs/SimplicityStudio/v4/developer/stacks/rail/v1.3.1.0//autogen/librail_release/\librail_efr32_gcc_release.a(rfsense.o)
 .text.INT_Enable
                0x00005c20       0x14 D:/SiliconLabs/SimplicityStudio/v4/developer/stacks/rail/v1.3.1.0//autogen/librail_release/\librail_efr32_gcc_release.a(rfsense.o)
 .text.RFSENSE_Disable
                0x00005c34       0x44 D:/SiliconLabs/SimplicityStudio/v4/developer/stacks/rail/v1.3.1.0//autogen/librail_release/\librail_efr32_gcc_release.a(rfsense.o)
 .text.RFSENSE_Sensed
                0x00005c78       0x44 D:/SiliconLabs/SimplicityStudio/v4/developer/stacks/rail/v1.3.1.0//autogen/librail_release/\librail_efr32_gcc_release.a(rfsense.o)
                0x00005c78                RFSENSE_Sensed
 .text.RFSENSE_IRQHandler
                0x00005cbc        0x4 D:/SiliconLabs/SimplicityStudio/v4/developer/stacks/rail/v1.3.1.0//autogen/librail_release/\librail_efr32_gcc_release.a(rfsense.o)
                0x00005cbc                RFSENSE_IRQHandler
 .text.TEMPCAL_Init
                0x00005cc0       0x40 D:/SiliconLabs/SimplicityStudio/v4/developer/stacks/rail/v1.3.1.0//autogen/librail_release/\librail_efr32_gcc_release.a(tempcal.o)
                0x00005cc0                TEMPCAL_Init
 .text.RFRAND_GetRadioEntropy
                0x00005d00       0xfc D:/SiliconLabs/SimplicityStudio/v4/developer/stacks/rail/v1.3.1.0//autogen/librail_release/\librail_efr32_gcc_release.a(rf_rand.o)
                0x00005d00                RFRAND_GetRadioEntropy
 .text.RFRAND_SeedProtimerRandom
                0x00005dfc       0x3c D:/SiliconLabs/SimplicityStudio/v4/developer/stacks/rail/v1.3.1.0//autogen/librail_release/\librail_efr32_gcc_release.a(rf_rand.o)
                0x00005dfc                RFRAND_SeedProtimerRandom
 .text.INT_Disable
                0x00005e38       0x18 D:/SiliconLabs/SimplicityStudio/v4/developer/stacks/rail/v1.3.1.0//autogen/librail_release/\librail_efr32_gcc_release.a(generic_phy.o)
 .text.INT_Enable
                0x00005e50       0x14 D:/SiliconLabs/SimplicityStudio/v4/developer/stacks/rail/v1.3.1.0//autogen/librail_release/\librail_efr32_gcc_release.a(generic_phy.o)
 .text.GENERIC_PHY_RAC_IRQCallback
                0x00005e64       0xd8 D:/SiliconLabs/SimplicityStudio/v4/developer/stacks/rail/v1.3.1.0//autogen/librail_release/\librail_efr32_gcc_release.a(generic_phy.o)
                0x00005e64                GENERIC_PHY_RAC_IRQCallback
 .text.GENERIC_PHY_MODEM_IRQCallback
                0x00005f3c       0x50 D:/SiliconLabs/SimplicityStudio/v4/developer/stacks/rail/v1.3.1.0//autogen/librail_release/\librail_efr32_gcc_release.a(generic_phy.o)
                0x00005f3c                GENERIC_PHY_MODEM_IRQCallback
 .text.GENERIC_PHY_FRC_IRQCallback
                0x00005f8c      0x140 D:/SiliconLabs/SimplicityStudio/v4/developer/stacks/rail/v1.3.1.0//autogen/librail_release/\librail_efr32_gcc_release.a(generic_phy.o)
                0x00005f8c                GENERIC_PHY_FRC_IRQCallback
 .text.GENERIC_PHY_PROTIMER_IRQCallback
                0x000060cc       0xb4 D:/SiliconLabs/SimplicityStudio/v4/developer/stacks/rail/v1.3.1.0//autogen/librail_release/\librail_efr32_gcc_release.a(generic_phy.o)
                0x000060cc                GENERIC_PHY_PROTIMER_IRQCallback
 .text.GENERIC_PHY_ConfigureCallbacks
                0x00006180      0x164 D:/SiliconLabs/SimplicityStudio/v4/developer/stacks/rail/v1.3.1.0//autogen/librail_release/\librail_efr32_gcc_release.a(generic_phy.o)
                0x00006180                GENERIC_PHY_ConfigureCallbacks
 .text.GENERIC_PHY_SetCallbacks
                0x000062e4       0xa4 D:/SiliconLabs/SimplicityStudio/v4/developer/stacks/rail/v1.3.1.0//autogen/librail_release/\librail_efr32_gcc_release.a(generic_phy.o)
                0x000062e4                GENERIC_PHY_SetCallbacks
 .text.GENERIC_PHY_FlushTxPacketBuffer
                0x00006388       0x12 D:/SiliconLabs/SimplicityStudio/v4/developer/stacks/rail/v1.3.1.0//autogen/librail_release/\librail_efr32_gcc_release.a(generic_phy.o)
                0x00006388                GENERIC_PHY_FlushTxPacketBuffer
 *fill*         0x0000639a        0x2 
 .text.GENERIC_PHY_PacketTxCommon
                0x0000639c       0x30 D:/SiliconLabs/SimplicityStudio/v4/developer/stacks/rail/v1.3.1.0//autogen/librail_release/\librail_efr32_gcc_release.a(generic_phy.o)
                0x0000639c                GENERIC_PHY_PacketTxCommon
 .text.GENERIC_PHY_PacketTx
                0x000063cc       0x38 D:/SiliconLabs/SimplicityStudio/v4/developer/stacks/rail/v1.3.1.0//autogen/librail_release/\librail_efr32_gcc_release.a(generic_phy.o)
                0x000063cc                GENERIC_PHY_PacketTx
 .text.GENERIC_PHY_PacketRxDataHelper
                0x00006404       0x20 D:/SiliconLabs/SimplicityStudio/v4/developer/stacks/rail/v1.3.1.0//autogen/librail_release/\librail_efr32_gcc_release.a(generic_phy.o)
                0x00006404                GENERIC_PHY_PacketRxDataHelper
 .text.GENERIC_PHY_PacketRxAppendedInfoHelper
                0x00006424       0xb0 D:/SiliconLabs/SimplicityStudio/v4/developer/stacks/rail/v1.3.1.0//autogen/librail_release/\librail_efr32_gcc_release.a(generic_phy.o)
                0x00006424                GENERIC_PHY_PacketRxAppendedInfoHelper
 .text.GENERIC_PHY_StartRx
                0x000064d4       0x40 D:/SiliconLabs/SimplicityStudio/v4/developer/stacks/rail/v1.3.1.0//autogen/librail_release/\librail_efr32_gcc_release.a(generic_phy.o)
                0x000064d4                GENERIC_PHY_StartRx
 .text.GENERIC_PHY_ChannelSet
                0x00006514        0x6 D:/SiliconLabs/SimplicityStudio/v4/developer/stacks/rail/v1.3.1.0//autogen/librail_release/\librail_efr32_gcc_release.a(generic_phy.o)
                0x00006514                GENERIC_PHY_ChannelSet
 *fill*         0x0000651a        0x2 
 .text.GENERIC_PHY_SeqAtomicLock
                0x0000651c       0x30 D:/SiliconLabs/SimplicityStudio/v4/developer/stacks/rail/v1.3.1.0//autogen/librail_release/\librail_efr32_gcc_release.a(generic_phy.o)
                0x0000651c                GENERIC_PHY_SeqAtomicLock
 .text.GENERIC_PHY_RadioIdle
                0x0000654c       0xdc D:/SiliconLabs/SimplicityStudio/v4/developer/stacks/rail/v1.3.1.0//autogen/librail_release/\librail_efr32_gcc_release.a(generic_phy.o)
                0x0000654c                GENERIC_PHY_RadioIdle
 .text.GENERIC_PHY_PreviousTxTime
                0x00006628        0x6 D:/SiliconLabs/SimplicityStudio/v4/developer/stacks/rail/v1.3.1.0//autogen/librail_release/\librail_efr32_gcc_release.a(generic_phy.o)
                0x00006628                GENERIC_PHY_PreviousTxTime
 *fill*         0x0000662e        0x2 
 .text.GENERIC_PHY_RACConfig
                0x00006630       0x68 D:/SiliconLabs/SimplicityStudio/v4/developer/stacks/rail/v1.3.1.0//autogen/librail_release/\librail_efr32_gcc_release.a(generic_phy.o)
                0x00006630                GENERIC_PHY_RACConfig
 .text.GENERIC_PHY_ResetPacketConfig
                0x00006698       0x24 D:/SiliconLabs/SimplicityStudio/v4/developer/stacks/rail/v1.3.1.0//autogen/librail_release/\librail_efr32_gcc_release.a(generic_phy.o)
                0x00006698                GENERIC_PHY_ResetPacketConfig
 .text.GENERIC_PHY_ConfigureFrameType
                0x000066bc       0x64 D:/SiliconLabs/SimplicityStudio/v4/developer/stacks/rail/v1.3.1.0//autogen/librail_release/\librail_efr32_gcc_release.a(generic_phy.o)
                0x000066bc                GENERIC_PHY_ConfigureFrameType
 .text.GENERIC_PHY_ResetAddressFiltering
                0x00006720       0x1c D:/SiliconLabs/SimplicityStudio/v4/developer/stacks/rail/v1.3.1.0//autogen/librail_release/\librail_efr32_gcc_release.a(generic_phy.o)
                0x00006720                GENERIC_PHY_ResetAddressFiltering
 .text.GENERIC_PHY_Init
                0x0000673c       0xcc D:/SiliconLabs/SimplicityStudio/v4/developer/stacks/rail/v1.3.1.0//autogen/librail_release/\librail_efr32_gcc_release.a(generic_phy.o)
                0x0000673c                GENERIC_PHY_Init
 .text.GENERIC_PHY_TimerStart
                0x00006808        0xc D:/SiliconLabs/SimplicityStudio/v4/developer/stacks/rail/v1.3.1.0//autogen/librail_release/\librail_efr32_gcc_release.a(generic_phy.o)
                0x00006808                GENERIC_PHY_TimerStart
 .text.GENERIC_PHY_TimerStop
                0x00006814        0x6 D:/SiliconLabs/SimplicityStudio/v4/developer/stacks/rail/v1.3.1.0//autogen/librail_release/\librail_efr32_gcc_release.a(generic_phy.o)
                0x00006814                GENERIC_PHY_TimerStop
 .text.GENERIC_PHY_TimerIsRunning
                0x0000681a        0x6 D:/SiliconLabs/SimplicityStudio/v4/developer/stacks/rail/v1.3.1.0//autogen/librail_release/\librail_efr32_gcc_release.a(generic_phy.o)
                0x0000681a                GENERIC_PHY_TimerIsRunning
 .text.GENERIC_PHY_CanModifyAck
                0x00006820       0x20 D:/SiliconLabs/SimplicityStudio/v4/developer/stacks/rail/v1.3.1.0//autogen/librail_release/\librail_efr32_gcc_release.a(generic_phy.o)
                0x00006820                GENERIC_PHY_CanModifyAck
 .text          0x00006840       0x38 d:/siliconlabs/simplicitystudio/v4/developer/toolchains/gnu_arm/4.9_2015q3/bin/../lib/gcc/arm-none-eabi/4.9.3/armv7e-m/softfp\libgcc.a(_aeabi_ldivmod.o)
                0x00006840                __aeabi_ldivmod
 .text          0x00006878       0x30 d:/siliconlabs/simplicitystudio/v4/developer/toolchains/gnu_arm/4.9_2015q3/bin/../lib/gcc/arm-none-eabi/4.9.3/armv7e-m/softfp\libgcc.a(_aeabi_uldivmod.o)
                0x00006878                __aeabi_uldivmod
 .text          0x000068a8       0x60 d:/siliconlabs/simplicitystudio/v4/developer/toolchains/gnu_arm/4.9_2015q3/bin/../lib/gcc/arm-none-eabi/4.9.3/armv7e-m/softfp\libgcc.a(bpabi.o)
                0x000068a8                __gnu_ldivmod_helper
                0x000068d8                __gnu_uldivmod_helper
 .text          0x00006908        0x4 d:/siliconlabs/simplicitystudio/v4/developer/toolchains/gnu_arm/4.9_2015q3/bin/../lib/gcc/arm-none-eabi/4.9.3/armv7e-m/softfp\libgcc.a(_dvmd_tls.o)
                0x00006908                __aeabi_idiv0
                0x00006908                __aeabi_ldiv0
 .text          0x0000690c      0x29c d:/siliconlabs/simplicitystudio/v4/developer/toolchains/gnu_arm/4.9_2015q3/bin/../lib/gcc/arm-none-eabi/4.9.3/armv7e-m/softfp\libgcc.a(_divdi3.o)
                0x0000690c                __divdi3
 .text          0x00006ba8      0x26c d:/siliconlabs/simplicitystudio/v4/developer/toolchains/gnu_arm/4.9_2015q3/bin/../lib/gcc/arm-none-eabi/4.9.3/armv7e-m/softfp\libgcc.a(_udivdi3.o)
                0x00006ba8                __udivdi3
 .text.__errno  0x00006e14        0xc d:/siliconlabs/simplicitystudio/v4/developer/toolchains/gnu_arm/4.9_2015q3/bin/../lib/gcc/arm-none-eabi/4.9.3/../../../../arm-none-eabi/lib/armv7e-m/softfp\libc_nano.a(lib_a-errno.o)
                0x00006e14                __errno
 .text.exit     0x00006e20       0x28 d:/siliconlabs/simplicitystudio/v4/developer/toolchains/gnu_arm/4.9_2015q3/bin/../lib/gcc/arm-none-eabi/4.9.3/../../../../arm-none-eabi/lib/armv7e-m/softfp\libc_nano.a(lib_a-exit.o)
                0x00006e20                exit
 .text.fileno   0x00006e48       0x5c d:/siliconlabs/simplicitystudio/v4/developer/toolchains/gnu_arm/4.9_2015q3/bin/../lib/gcc/arm-none-eabi/4.9.3/../../../../arm-none-eabi/lib/armv7e-m/softfp\libc_nano.a(lib_a-fileno.o)
                0x00006e48                fileno
 .text._cleanup_r
                0x00006ea4        0xc d:/siliconlabs/simplicitystudio/v4/developer/toolchains/gnu_arm/4.9_2015q3/bin/../lib/gcc/arm-none-eabi/4.9.3/../../../../arm-none-eabi/lib/armv7e-m/softfp\libc_nano.a(lib_a-findfp.o)
                0x00006ea4                _cleanup_r
 .text.std.isra.0
                0x00006eb0       0x48 d:/siliconlabs/simplicitystudio/v4/developer/toolchains/gnu_arm/4.9_2015q3/bin/../lib/gcc/arm-none-eabi/4.9.3/../../../../arm-none-eabi/lib/armv7e-m/softfp\libc_nano.a(lib_a-findfp.o)
 .text.__sfmoreglue
                0x00006ef8       0x2c d:/siliconlabs/simplicitystudio/v4/developer/toolchains/gnu_arm/4.9_2015q3/bin/../lib/gcc/arm-none-eabi/4.9.3/../../../../arm-none-eabi/lib/armv7e-m/softfp\libc_nano.a(lib_a-findfp.o)
                0x00006ef8                __sfmoreglue
 .text.__sinit  0x00006f24       0x60 d:/siliconlabs/simplicitystudio/v4/developer/toolchains/gnu_arm/4.9_2015q3/bin/../lib/gcc/arm-none-eabi/4.9.3/../../../../arm-none-eabi/lib/armv7e-m/softfp\libc_nano.a(lib_a-findfp.o)
                0x00006f24                __sinit
 .text.__sfp    0x00006f84       0x74 d:/siliconlabs/simplicitystudio/v4/developer/toolchains/gnu_arm/4.9_2015q3/bin/../lib/gcc/arm-none-eabi/4.9.3/../../../../arm-none-eabi/lib/armv7e-m/softfp\libc_nano.a(lib_a-findfp.o)
                0x00006f84                __sfp
 .text._fwalk_reent
                0x00006ff8       0x3c d:/siliconlabs/simplicitystudio/v4/developer/toolchains/gnu_arm/4.9_2015q3/bin/../lib/gcc/arm-none-eabi/4.9.3/../../../../arm-none-eabi/lib/armv7e-m/softfp\libc_nano.a(lib_a-fwalk.o)
                0x00006ff8                _fwalk_reent
 .text.__libc_init_array
                0x00007034       0x4c d:/siliconlabs/simplicitystudio/v4/developer/toolchains/gnu_arm/4.9_2015q3/bin/../lib/gcc/arm-none-eabi/4.9.3/../../../../arm-none-eabi/lib/armv7e-m/softfp\libc_nano.a(lib_a-init.o)
                0x00007034                __libc_init_array
 .text.memcpy   0x00007080       0x16 d:/siliconlabs/simplicitystudio/v4/developer/toolchains/gnu_arm/4.9_2015q3/bin/../lib/gcc/arm-none-eabi/4.9.3/../../../../arm-none-eabi/lib/armv7e-m/softfp\libc_nano.a(lib_a-memcpy.o)
                0x00007080                memcpy
 .text.memmove  0x00007096       0x36 d:/siliconlabs/simplicitystudio/v4/developer/toolchains/gnu_arm/4.9_2015q3/bin/../lib/gcc/arm-none-eabi/4.9.3/../../../../arm-none-eabi/lib/armv7e-m/softfp\libc_nano.a(lib_a-memmove.o)
                0x00007096                memmove
 .text.memset   0x000070cc       0x10 d:/siliconlabs/simplicitystudio/v4/developer/toolchains/gnu_arm/4.9_2015q3/bin/../lib/gcc/arm-none-eabi/4.9.3/../../../../arm-none-eabi/lib/armv7e-m/softfp\libc_nano.a(lib_a-memset.o)
                0x000070cc                memset
 .text._malloc_r
                0x000070dc       0xac d:/siliconlabs/simplicitystudio/v4/developer/toolchains/gnu_arm/4.9_2015q3/bin/../lib/gcc/arm-none-eabi/4.9.3/../../../../arm-none-eabi/lib/armv7e-m/softfp\libc_nano.a(lib_a-nano-mallocr.o)
                0x000070dc                _malloc_r
 .text.__cvt    0x00007188       0xc0 d:/siliconlabs/simplicitystudio/v4/developer/toolchains/gnu_arm/4.9_2015q3/bin/../lib/gcc/arm-none-eabi/4.9.3/../../../../arm-none-eabi/lib/armv7e-m/softfp\libc_nano.a(lib_a-nano-vfprintf_float.o)
                0x00007188                __cvt
 .text.__exponent
                0x00007248       0x60 d:/siliconlabs/simplicitystudio/v4/developer/toolchains/gnu_arm/4.9_2015q3/bin/../lib/gcc/arm-none-eabi/4.9.3/../../../../arm-none-eabi/lib/armv7e-m/softfp\libc_nano.a(lib_a-nano-vfprintf_float.o)
                0x00007248                __exponent
 .text._printf_float
                0x000072a8      0x48c d:/siliconlabs/simplicitystudio/v4/developer/toolchains/gnu_arm/4.9_2015q3/bin/../lib/gcc/arm-none-eabi/4.9.3/../../../../arm-none-eabi/lib/armv7e-m/softfp\libc_nano.a(lib_a-nano-vfprintf_float.o)
                0x000072a8                _printf_float
 .text._printf_common
                0x00007734       0xea d:/siliconlabs/simplicitystudio/v4/developer/toolchains/gnu_arm/4.9_2015q3/bin/../lib/gcc/arm-none-eabi/4.9.3/../../../../arm-none-eabi/lib/armv7e-m/softfp\libc_nano.a(lib_a-nano-vfprintf_i.o)
                0x00007734                _printf_common
 *fill*         0x0000781e        0x2 
 .text._printf_i
                0x00007820      0x240 d:/siliconlabs/simplicitystudio/v4/developer/toolchains/gnu_arm/4.9_2015q3/bin/../lib/gcc/arm-none-eabi/4.9.3/../../../../arm-none-eabi/lib/armv7e-m/softfp\libc_nano.a(lib_a-nano-vfprintf_i.o)
                0x00007820                _printf_i
 .text.printf   0x00007a60       0x30 d:/siliconlabs/simplicitystudio/v4/developer/toolchains/gnu_arm/4.9_2015q3/bin/../lib/gcc/arm-none-eabi/4.9.3/../../../../arm-none-eabi/lib/armv7e-m/softfp\libc_nano.a(lib_a-printf.o)
                0x00007a60                iprintf
                0x00007a60                printf
 .text.putchar  0x00007a90       0x28 d:/siliconlabs/simplicitystudio/v4/developer/toolchains/gnu_arm/4.9_2015q3/bin/../lib/gcc/arm-none-eabi/4.9.3/../../../../arm-none-eabi/lib/armv7e-m/softfp\libc_nano.a(lib_a-putchar.o)
                0x00007a90                putchar
 .text._puts_r  0x00007ab8       0xf0 d:/siliconlabs/simplicitystudio/v4/developer/toolchains/gnu_arm/4.9_2015q3/bin/../lib/gcc/arm-none-eabi/4.9.3/../../../../arm-none-eabi/lib/armv7e-m/softfp\libc_nano.a(lib_a-puts.o)
                0x00007ab8                _puts_r
 .text.puts     0x00007ba8       0x10 d:/siliconlabs/simplicitystudio/v4/developer/toolchains/gnu_arm/4.9_2015q3/bin/../lib/gcc/arm-none-eabi/4.9.3/../../../../arm-none-eabi/lib/armv7e-m/softfp\libc_nano.a(lib_a-puts.o)
                0x00007ba8                puts
 .text.__fpclassifyd
                0x00007bb8       0x54 d:/siliconlabs/simplicitystudio/v4/developer/toolchains/gnu_arm/4.9_2015q3/bin/../lib/gcc/arm-none-eabi/4.9.3/../../../../arm-none-eabi/lib/armv7e-m/softfp\libc_nano.a(lib_a-s_fpclassify.o)
                0x00007bb8                __fpclassifyd
 .text._sbrk_r  0x00007c0c       0x20 d:/siliconlabs/simplicitystudio/v4/developer/toolchains/gnu_arm/4.9_2015q3/bin/../lib/gcc/arm-none-eabi/4.9.3/../../../../arm-none-eabi/lib/armv7e-m/softfp\libc_nano.a(lib_a-sbrkr.o)
                0x00007c0c                _sbrk_r
 .text.setvbuf  0x00007c2c      0x110 d:/siliconlabs/simplicitystudio/v4/developer/toolchains/gnu_arm/4.9_2015q3/bin/../lib/gcc/arm-none-eabi/4.9.3/../../../../arm-none-eabi/lib/armv7e-m/softfp\libc_nano.a(lib_a-setvbuf.o)
                0x00007c2c                setvbuf
 .text.snprintf
                0x00007d3c       0x64 d:/siliconlabs/simplicitystudio/v4/developer/toolchains/gnu_arm/4.9_2015q3/bin/../lib/gcc/arm-none-eabi/4.9.3/../../../../arm-none-eabi/lib/armv7e-m/softfp\libc_nano.a(lib_a-snprintf.o)
                0x00007d3c                sniprintf
                0x00007d3c                snprintf
 .text.__sread  0x00007da0       0x22 d:/siliconlabs/simplicitystudio/v4/developer/toolchains/gnu_arm/4.9_2015q3/bin/../lib/gcc/arm-none-eabi/4.9.3/../../../../arm-none-eabi/lib/armv7e-m/softfp\libc_nano.a(lib_a-stdio.o)
                0x00007da0                __sread
 .text.__swrite
                0x00007dc2       0x38 d:/siliconlabs/simplicitystudio/v4/developer/toolchains/gnu_arm/4.9_2015q3/bin/../lib/gcc/arm-none-eabi/4.9.3/../../../../arm-none-eabi/lib/armv7e-m/softfp\libc_nano.a(lib_a-stdio.o)
                0x00007dc2                __swrite
 .text.__sseek  0x00007dfa       0x24 d:/siliconlabs/simplicitystudio/v4/developer/toolchains/gnu_arm/4.9_2015q3/bin/../lib/gcc/arm-none-eabi/4.9.3/../../../../arm-none-eabi/lib/armv7e-m/softfp\libc_nano.a(lib_a-stdio.o)
                0x00007dfa                __sseek
 .text.__sclose
                0x00007e1e        0x8 d:/siliconlabs/simplicitystudio/v4/developer/toolchains/gnu_arm/4.9_2015q3/bin/../lib/gcc/arm-none-eabi/4.9.3/../../../../arm-none-eabi/lib/armv7e-m/softfp\libc_nano.a(lib_a-stdio.o)
                0x00007e1e                __sclose
 *fill*         0x00007e26        0x2 
 .text.strcasecmp
                0x00007e28       0x3c d:/siliconlabs/simplicitystudio/v4/developer/toolchains/gnu_arm/4.9_2015q3/bin/../lib/gcc/arm-none-eabi/4.9.3/../../../../arm-none-eabi/lib/armv7e-m/softfp\libc_nano.a(lib_a-strcasecmp.o)
                0x00007e28                strcasecmp
 .text.strchr   0x00007e64       0x1c d:/siliconlabs/simplicitystudio/v4/developer/toolchains/gnu_arm/4.9_2015q3/bin/../lib/gcc/arm-none-eabi/4.9.3/../../../../arm-none-eabi/lib/armv7e-m/softfp\libc_nano.a(lib_a-strchr.o)
                0x00007e64                strchr
 .text.strlen   0x00007e80       0x10 d:/siliconlabs/simplicitystudio/v4/developer/toolchains/gnu_arm/4.9_2015q3/bin/../lib/gcc/arm-none-eabi/4.9.3/../../../../arm-none-eabi/lib/armv7e-m/softfp\libc_nano.a(lib_a-strlen.o)
                0x00007e80                strlen
 .text._strtol_r
                0x00007e90      0x10c d:/siliconlabs/simplicitystudio/v4/developer/toolchains/gnu_arm/4.9_2015q3/bin/../lib/gcc/arm-none-eabi/4.9.3/../../../../arm-none-eabi/lib/armv7e-m/softfp\libc_nano.a(lib_a-strtol.o)
                0x00007e90                _strtol_r
 .text.strtol   0x00007f9c       0x1c d:/siliconlabs/simplicitystudio/v4/developer/toolchains/gnu_arm/4.9_2015q3/bin/../lib/gcc/arm-none-eabi/4.9.3/../../../../arm-none-eabi/lib/armv7e-m/softfp\libc_nano.a(lib_a-strtol.o)
                0x00007f9c                strtol
 .text._strtoul_r
                0x00007fb8       0xf8 d:/siliconlabs/simplicitystudio/v4/developer/toolchains/gnu_arm/4.9_2015q3/bin/../lib/gcc/arm-none-eabi/4.9.3/../../../../arm-none-eabi/lib/armv7e-m/softfp\libc_nano.a(lib_a-strtoul.o)
                0x00007fb8                _strtoul_r
 .text.strtoul  0x000080b0       0x1c d:/siliconlabs/simplicitystudio/v4/developer/toolchains/gnu_arm/4.9_2015q3/bin/../lib/gcc/arm-none-eabi/4.9.3/../../../../arm-none-eabi/lib/armv7e-m/softfp\libc_nano.a(lib_a-strtoul.o)
                0x000080b0                strtoul
 .text.vprintf  0x000080cc       0x2c d:/siliconlabs/simplicitystudio/v4/developer/toolchains/gnu_arm/4.9_2015q3/bin/../lib/gcc/arm-none-eabi/4.9.3/../../../../arm-none-eabi/lib/armv7e-m/softfp\libc_nano.a(lib_a-vprintf.o)
                0x000080cc                viprintf
                0x000080cc                vprintf
 .text.__swbuf_r
                0x000080f8       0xa8 d:/siliconlabs/simplicitystudio/v4/developer/toolchains/gnu_arm/4.9_2015q3/bin/../lib/gcc/arm-none-eabi/4.9.3/../../../../arm-none-eabi/lib/armv7e-m/softfp\libc_nano.a(lib_a-wbuf.o)
                0x000080f8                __swbuf_r
 .text._write_r
                0x000081a0       0x24 d:/siliconlabs/simplicitystudio/v4/developer/toolchains/gnu_arm/4.9_2015q3/bin/../lib/gcc/arm-none-eabi/4.9.3/../../../../arm-none-eabi/lib/armv7e-m/softfp\libc_nano.a(lib_a-writer.o)
                0x000081a0                _write_r
 .text.__swsetup_r
                0x000081c4       0xd8 d:/siliconlabs/simplicitystudio/v4/developer/toolchains/gnu_arm/4.9_2015q3/bin/../lib/gcc/arm-none-eabi/4.9.3/../../../../arm-none-eabi/lib/armv7e-m/softfp\libc_nano.a(lib_a-wsetup.o)
                0x000081c4                __swsetup_r